#
# There is insufficient memory for the Java Runtime Environment to continue.
# Native memory allocation (malloc) failed to allocate 257456 bytes. Error detail: Chunk::new
# Possible reasons:
#   The system is out of physical RAM or swap space
#   This process is running with CompressedOops enabled, and the Java Heap may be blocking the growth of the native heap
# Possible solutions:
#   Reduce memory load on the system
#   Increase physical memory or swap space
#   Check if swap backing store is full
#   Decrease Java heap size (-Xmx/-Xms)
#   Decrease number of Java threads
#   Decrease Java thread stack sizes (-Xss)
#   Set larger code cache with -XX:ReservedCodeCacheSize=
#   JVM is running with Zero Based Compressed Oops mode in which the Java heap is
#     placed in the first 32GB address space. The Java Heap base address is the
#     maximum limit for the native heap growth. Please use -XX:HeapBaseMinAddress
#     to set the Java Heap base and to place the Java Heap above 32GB virtual address.
# This output file may be truncated or incomplete.
#
#  Out of Memory Error (arena.cpp:191), pid=36824, tid=14544
#
# JRE version: OpenJDK Runtime Environment Microsoft-14653939 (17.0.20+8) (build 17.0.20+8-LTS)
# Java VM: OpenJDK 64-Bit Server VM Microsoft-14653939 (17.0.20+8-LTS, mixed mode, sharing, tiered, compressed oops, compressed class ptrs, g1 gc, windows-amd64)
# No core dump will be written. Minidumps are not enabled by default on client versions of Windows
#

---------------  S U M M A R Y ------------

Command Line: -Dclassworlds.conf=D:\dev-tools\apache-maven-3.9.9\bin\m2.conf -Dmaven.home=D:\dev-tools\apache-maven-3.9.9 -Dlibrary.jansi.path=D:\dev-tools\apache-maven-3.9.9\lib\jansi-native -Dmaven.multiModuleProjectDirectory=D:\Dev_project\ej-render-test org.codehaus.plexus.classworlds.launcher.Launcher -q -B exec:java

Host: Intel(R) Core(TM) i5-10200H CPU @ 2.40GHz, 8 cores, 15G,  Windows 11 , 64 bit Build 22621 (10.0.22621.2428)
Time: Thu Aug 27 11:36:50 2026  Windows 11 , 64 bit Build 22621 (10.0.22621.2428) elapsed time: 0.688406 seconds (0d 0h 0m 0s)

---------------  T H R E A D  ---------------

Current thread (0x0000021067017140):  JavaThread "C2 CompilerThread0" daemon [_thread_in_native, id=14544, stack(0x000000cebde00000,0x000000cebdf00000)]


Current CompileTask:
C2:688  978   !   4       sun.nio.cs.StreamDecoder::read (220 bytes)

Stack: [0x000000cebde00000,0x000000cebdf00000]
Native frames: (J=compiled Java code, j=interpreted, Vv=VM code, C=native code)
V  [jvm.dll+0x68d159]  (no source info available)
V  [jvm.dll+0x8462c9]  (no source info available)
V  [jvm.dll+0x84803b]  (no source info available)
V  [jvm.dll+0x8486c3]  (no source info available)
V  [jvm.dll+0x24d12f]  (no source info available)
V  [jvm.dll+0xaed56]  (no source info available)
V  [jvm.dll+0xaf3fc]  (no source info available)
V  [jvm.dll+0x3718ef]  (no source info available)
V  [jvm.dll+0x33bb95]  (no source info available)
V  [jvm.dll+0x33affa]  (no source info available)
V  [jvm.dll+0x21e039]  (no source info available)
V  [jvm.dll+0x21d482]  (no source info available)
V  [jvm.dll+0x1a8db6]  (no source info available)
V  [jvm.dll+0x22dcdb]  (no source info available)
V  [jvm.dll+0x22be66]  (no source info available)
V  [jvm.dll+0x7fc40b]  (no source info available)
V  [jvm.dll+0x7f67dc]  (no source info available)
V  [jvm.dll+0x68e6f7]  (no source info available)
C  [ucrtbase.dll+0x29363]  (no source info available)
C  [KERNEL32.DLL+0x1257d]  (no source info available)
C  [ntdll.dll+0x5aa78]  (no source info available)


---------------  P R O C E S S  ---------------

Threads class SMR info:
_java_thread_list=0x00000210674dd9e0, length=13, elements={
0x000002107ebc51e0, 0x0000021021caa720, 0x0000021021cab4b0, 0x000002106700aa00,
0x000002106700d2e0, 0x000002106700dbb0, 0x000002106700e480, 0x0000021067017140,
0x000002106701b000, 0x000002106701d920, 0x0000021067146c70, 0x000002106714a5e0,
0x00000210677617e0
}

Java Threads: ( => current thread )
  0x000002107ebc51e0 JavaThread "main" [_thread_in_Java, id=41364, stack(0x000000cebd100000,0x000000cebd200000)]
  0x0000021021caa720 JavaThread "Reference Handler" daemon [_thread_blocked, id=18492, stack(0x000000cebd800000,0x000000cebd900000)]
  0x0000021021cab4b0 JavaThread "Finalizer" daemon [_thread_blocked, id=4404, stack(0x000000cebd900000,0x000000cebda00000)]
  0x000002106700aa00 JavaThread "Signal Dispatcher" daemon [_thread_blocked, id=34620, stack(0x000000cebda00000,0x000000cebdb00000)]
  0x000002106700d2e0 JavaThread "Attach Listener" daemon [_thread_blocked, id=27224, stack(0x000000cebdb00000,0x000000cebdc00000)]
  0x000002106700dbb0 JavaThread "Service Thread" daemon [_thread_blocked, id=4728, stack(0x000000cebdc00000,0x000000cebdd00000)]
  0x000002106700e480 JavaThread "Monitor Deflation Thread" daemon [_thread_blocked, id=5868, stack(0x000000cebdd00000,0x000000cebde00000)]
=>0x0000021067017140 JavaThread "C2 CompilerThread0" daemon [_thread_in_native, id=14544, stack(0x000000cebde00000,0x000000cebdf00000)]
  0x000002106701b000 JavaThread "C1 CompilerThread0" daemon [_thread_in_native, id=8832, stack(0x000000cebdf00000,0x000000cebe000000)]
  0x000002106701d920 JavaThread "Sweeper thread" daemon [_thread_blocked, id=18728, stack(0x000000cebe000000,0x000000cebe100000)]
  0x0000021067146c70 JavaThread "Notification Thread" daemon [_thread_blocked, id=11732, stack(0x000000cebe100000,0x000000cebe200000)]
  0x000002106714a5e0 JavaThread "Common-Cleaner" daemon [_thread_blocked, id=27184, stack(0x000000cebe300000,0x000000cebe400000)]
  0x00000210677617e0 JavaThread "C2 CompilerThread1" daemon [_thread_in_native, id=12988, stack(0x000000cebe400000,0x000000cebe500000)]

Other Threads:
  0x0000021021ca7170 VMThread "VM Thread" [stack: 0x000000cebd700000,0x000000cebd800000] [id=6388]
  0x0000021067149970 WatcherThread [stack: 0x000000cebe200000,0x000000cebe300000] [id=21044]
  0x000002107ec31130 GCTaskThread "GC Thread#0" [stack: 0x000000cebd200000,0x000000cebd300000] [id=4328]
  0x000002107ec41f30 ConcurrentGCThread "G1 Main Marker" [stack: 0x000000cebd300000,0x000000cebd400000] [id=30188]
  0x000002107ec42950 ConcurrentGCThread "G1 Conc#0" [stack: 0x000000cebd400000,0x000000cebd500000] [id=38304]
  0x000002107ec7da40 ConcurrentGCThread "G1 Refine#0" [stack: 0x000000cebd500000,0x000000cebd600000] [id=12152]
  0x000002107ec7e390 ConcurrentGCThread "G1 Service" [stack: 0x000000cebd600000,0x000000cebd700000] [id=19524]

Threads with active compile tasks:
C2 CompilerThread0  702  978   !   4       sun.nio.cs.StreamDecoder::read (220 bytes)
C1 CompilerThread0  702  990       3       org.codehaus.plexus.util.xml.pull.MXParser::parseStartTag (1190 bytes)
C2 CompilerThread1  702  981       4       java.io.InputStreamReader::read (11 bytes)

VM state: not at safepoint (normal execution)

VM Mutex/Monitor currently owned by a thread: None

Heap address: 0x0000000701600000, size: 4074 MB, Compressed Oops mode: Zero based, Oop shift amount: 3

CDS archive(s) mapped at: [0x0000021022000000-0x0000021022bb0000-0x0000021022bb0000), size 12255232, SharedBaseAddress: 0x0000021022000000, ArchiveRelocationMode: 1.
Compressed class space mapped at: 0x0000021023000000-0x0000021063000000, reserved size: 1073741824
Narrow klass base: 0x0000021022000000, Narrow klass shift: 0, Narrow klass range: 0x100000000

GC Precious Log:
 CPUs: 8 total, 8 available
 Memory: 16291M
 Large Page Support: Disabled
 NUMA Support: Disabled
 Compressed Oops: Enabled (Zero based)
 Heap Region Size: 2M
 Heap Min Capacity: 8M
 Heap Initial Capacity: 256M
 Heap Max Capacity: 4074M
 Pre-touch: Disabled
 Parallel Workers: 8
 Concurrent Workers: 2
 Concurrent Refinement Workers: 8
 Periodic GC: Disabled

Heap:
 garbage-first heap   total 262144K, used 18432K [0x0000000701600000, 0x0000000800000000)
  region size 2048K, 10 young (20480K), 0 survivors (0K)
 Metaspace       used 5378K, committed 5504K, reserved 1114112K
  class space    used 639K, committed 704K, reserved 1048576K

Heap Regions: E=young(eden), S=young(survivor), O=old, HS=humongous(starts), HC=humongous(continues), CS=collection set, F=free, OA=open archive, CA=closed archive, TAMS=top-at-mark-start (previous, next)
|   0|0x0000000701600000, 0x0000000701600000, 0x0000000701800000|  0%| F|  |TAMS 0x0000000701600000, 0x0000000701600000| Untracked 
|   1|0x0000000701800000, 0x0000000701800000, 0x0000000701a00000|  0%| F|  |TAMS 0x0000000701800000, 0x0000000701800000| Untracked 
|   2|0x0000000701a00000, 0x0000000701a00000, 0x0000000701c00000|  0%| F|  |TAMS 0x0000000701a00000, 0x0000000701a00000| Untracked 
|   3|0x0000000701c00000, 0x0000000701c00000, 0x0000000701e00000|  0%| F|  |TAMS 0x0000000701c00000, 0x0000000701c00000| Untracked 
|   4|0x0000000701e00000, 0x0000000701e00000, 0x0000000702000000|  0%| F|  |TAMS 0x0000000701e00000, 0x0000000701e00000| Untracked 
|   5|0x0000000702000000, 0x0000000702000000, 0x0000000702200000|  0%| F|  |TAMS 0x0000000702000000, 0x0000000702000000| Untracked 
|   6|0x0000000702200000, 0x0000000702200000, 0x0000000702400000|  0%| F|  |TAMS 0x0000000702200000, 0x0000000702200000| Untracked 
|   7|0x0000000702400000, 0x0000000702400000, 0x0000000702600000|  0%| F|  |TAMS 0x0000000702400000, 0x0000000702400000| Untracked 
|   8|0x0000000702600000, 0x0000000702600000, 0x0000000702800000|  0%| F|  |TAMS 0x0000000702600000, 0x0000000702600000| Untracked 
|   9|0x0000000702800000, 0x0000000702800000, 0x0000000702a00000|  0%| F|  |TAMS 0x0000000702800000, 0x0000000702800000| Untracked 
|  10|0x0000000702a00000, 0x0000000702a00000, 0x0000000702c00000|  0%| F|  |TAMS 0x0000000702a00000, 0x0000000702a00000| Untracked 
|  11|0x0000000702c00000, 0x0000000702c00000, 0x0000000702e00000|  0%| F|  |TAMS 0x0000000702c00000, 0x0000000702c00000| Untracked 
|  12|0x0000000702e00000, 0x0000000702e00000, 0x0000000703000000|  0%| F|  |TAMS 0x0000000702e00000, 0x0000000702e00000| Untracked 
|  13|0x0000000703000000, 0x0000000703000000, 0x0000000703200000|  0%| F|  |TAMS 0x0000000703000000, 0x0000000703000000| Untracked 
|  14|0x0000000703200000, 0x0000000703200000, 0x0000000703400000|  0%| F|  |TAMS 0x0000000703200000, 0x0000000703200000| Untracked 
|  15|0x0000000703400000, 0x0000000703400000, 0x0000000703600000|  0%| F|  |TAMS 0x0000000703400000, 0x0000000703400000| Untracked 
|  16|0x0000000703600000, 0x0000000703600000, 0x0000000703800000|  0%| F|  |TAMS 0x0000000703600000, 0x0000000703600000| Untracked 
|  17|0x0000000703800000, 0x0000000703800000, 0x0000000703a00000|  0%| F|  |TAMS 0x0000000703800000, 0x0000000703800000| Untracked 
|  18|0x0000000703a00000, 0x0000000703a00000, 0x0000000703c00000|  0%| F|  |TAMS 0x0000000703a00000, 0x0000000703a00000| Untracked 
|  19|0x0000000703c00000, 0x0000000703c00000, 0x0000000703e00000|  0%| F|  |TAMS 0x0000000703c00000, 0x0000000703c00000| Untracked 
|  20|0x0000000703e00000, 0x0000000703e00000, 0x0000000704000000|  0%| F|  |TAMS 0x0000000703e00000, 0x0000000703e00000| Untracked 
|  21|0x0000000704000000, 0x0000000704000000, 0x0000000704200000|  0%| F|  |TAMS 0x0000000704000000, 0x0000000704000000| Untracked 
|  22|0x0000000704200000, 0x0000000704200000, 0x0000000704400000|  0%| F|  |TAMS 0x0000000704200000, 0x0000000704200000| Untracked 
|  23|0x0000000704400000, 0x0000000704400000, 0x0000000704600000|  0%| F|  |TAMS 0x0000000704400000, 0x0000000704400000| Untracked 
|  24|0x0000000704600000, 0x0000000704600000, 0x0000000704800000|  0%| F|  |TAMS 0x0000000704600000, 0x0000000704600000| Untracked 
|  25|0x0000000704800000, 0x0000000704800000, 0x0000000704a00000|  0%| F|  |TAMS 0x0000000704800000, 0x0000000704800000| Untracked 
|  26|0x0000000704a00000, 0x0000000704a00000, 0x0000000704c00000|  0%| F|  |TAMS 0x0000000704a00000, 0x0000000704a00000| Untracked 
|  27|0x0000000704c00000, 0x0000000704c00000, 0x0000000704e00000|  0%| F|  |TAMS 0x0000000704c00000, 0x0000000704c00000| Untracked 
|  28|0x0000000704e00000, 0x0000000704e00000, 0x0000000705000000|  0%| F|  |TAMS 0x0000000704e00000, 0x0000000704e00000| Untracked 
|  29|0x0000000705000000, 0x0000000705000000, 0x0000000705200000|  0%| F|  |TAMS 0x0000000705000000, 0x0000000705000000| Untracked 
|  30|0x0000000705200000, 0x0000000705200000, 0x0000000705400000|  0%| F|  |TAMS 0x0000000705200000, 0x0000000705200000| Untracked 
|  31|0x0000000705400000, 0x0000000705400000, 0x0000000705600000|  0%| F|  |TAMS 0x0000000705400000, 0x0000000705400000| Untracked 
|  32|0x0000000705600000, 0x0000000705600000, 0x0000000705800000|  0%| F|  |TAMS 0x0000000705600000, 0x0000000705600000| Untracked 
|  33|0x0000000705800000, 0x0000000705800000, 0x0000000705a00000|  0%| F|  |TAMS 0x0000000705800000, 0x0000000705800000| Untracked 
|  34|0x0000000705a00000, 0x0000000705a00000, 0x0000000705c00000|  0%| F|  |TAMS 0x0000000705a00000, 0x0000000705a00000| Untracked 
|  35|0x0000000705c00000, 0x0000000705c00000, 0x0000000705e00000|  0%| F|  |TAMS 0x0000000705c00000, 0x0000000705c00000| Untracked 
|  36|0x0000000705e00000, 0x0000000705e00000, 0x0000000706000000|  0%| F|  |TAMS 0x0000000705e00000, 0x0000000705e00000| Untracked 
|  37|0x0000000706000000, 0x0000000706000000, 0x0000000706200000|  0%| F|  |TAMS 0x0000000706000000, 0x0000000706000000| Untracked 
|  38|0x0000000706200000, 0x0000000706200000, 0x0000000706400000|  0%| F|  |TAMS 0x0000000706200000, 0x0000000706200000| Untracked 
|  39|0x0000000706400000, 0x0000000706400000, 0x0000000706600000|  0%| F|  |TAMS 0x0000000706400000, 0x0000000706400000| Untracked 
|  40|0x0000000706600000, 0x0000000706600000, 0x0000000706800000|  0%| F|  |TAMS 0x0000000706600000, 0x0000000706600000| Untracked 
|  41|0x0000000706800000, 0x0000000706800000, 0x0000000706a00000|  0%| F|  |TAMS 0x0000000706800000, 0x0000000706800000| Untracked 
|  42|0x0000000706a00000, 0x0000000706a00000, 0x0000000706c00000|  0%| F|  |TAMS 0x0000000706a00000, 0x0000000706a00000| Untracked 
|  43|0x0000000706c00000, 0x0000000706c00000, 0x0000000706e00000|  0%| F|  |TAMS 0x0000000706c00000, 0x0000000706c00000| Untracked 
|  44|0x0000000706e00000, 0x0000000706e00000, 0x0000000707000000|  0%| F|  |TAMS 0x0000000706e00000, 0x0000000706e00000| Untracked 
|  45|0x0000000707000000, 0x0000000707000000, 0x0000000707200000|  0%| F|  |TAMS 0x0000000707000000, 0x0000000707000000| Untracked 
|  46|0x0000000707200000, 0x0000000707200000, 0x0000000707400000|  0%| F|  |TAMS 0x0000000707200000, 0x0000000707200000| Untracked 
|  47|0x0000000707400000, 0x0000000707400000, 0x0000000707600000|  0%| F|  |TAMS 0x0000000707400000, 0x0000000707400000| Untracked 
|  48|0x0000000707600000, 0x0000000707600000, 0x0000000707800000|  0%| F|  |TAMS 0x0000000707600000, 0x0000000707600000| Untracked 
|  49|0x0000000707800000, 0x0000000707800000, 0x0000000707a00000|  0%| F|  |TAMS 0x0000000707800000, 0x0000000707800000| Untracked 
|  50|0x0000000707a00000, 0x0000000707a00000, 0x0000000707c00000|  0%| F|  |TAMS 0x0000000707a00000, 0x0000000707a00000| Untracked 
|  51|0x0000000707c00000, 0x0000000707c00000, 0x0000000707e00000|  0%| F|  |TAMS 0x0000000707c00000, 0x0000000707c00000| Untracked 
|  52|0x0000000707e00000, 0x0000000707e00000, 0x0000000708000000|  0%| F|  |TAMS 0x0000000707e00000, 0x0000000707e00000| Untracked 
|  53|0x0000000708000000, 0x0000000708000000, 0x0000000708200000|  0%| F|  |TAMS 0x0000000708000000, 0x0000000708000000| Untracked 
|  54|0x0000000708200000, 0x0000000708200000, 0x0000000708400000|  0%| F|  |TAMS 0x0000000708200000, 0x0000000708200000| Untracked 
|  55|0x0000000708400000, 0x0000000708400000, 0x0000000708600000|  0%| F|  |TAMS 0x0000000708400000, 0x0000000708400000| Untracked 
|  56|0x0000000708600000, 0x0000000708600000, 0x0000000708800000|  0%| F|  |TAMS 0x0000000708600000, 0x0000000708600000| Untracked 
|  57|0x0000000708800000, 0x0000000708800000, 0x0000000708a00000|  0%| F|  |TAMS 0x0000000708800000, 0x0000000708800000| Untracked 
|  58|0x0000000708a00000, 0x0000000708a00000, 0x0000000708c00000|  0%| F|  |TAMS 0x0000000708a00000, 0x0000000708a00000| Untracked 
|  59|0x0000000708c00000, 0x0000000708c00000, 0x0000000708e00000|  0%| F|  |TAMS 0x0000000708c00000, 0x0000000708c00000| Untracked 
|  60|0x0000000708e00000, 0x0000000708e00000, 0x0000000709000000|  0%| F|  |TAMS 0x0000000708e00000, 0x0000000708e00000| Untracked 
|  61|0x0000000709000000, 0x0000000709000000, 0x0000000709200000|  0%| F|  |TAMS 0x0000000709000000, 0x0000000709000000| Untracked 
|  62|0x0000000709200000, 0x0000000709200000, 0x0000000709400000|  0%| F|  |TAMS 0x0000000709200000, 0x0000000709200000| Untracked 
|  63|0x0000000709400000, 0x0000000709400000, 0x0000000709600000|  0%| F|  |TAMS 0x0000000709400000, 0x0000000709400000| Untracked 
|  64|0x0000000709600000, 0x0000000709600000, 0x0000000709800000|  0%| F|  |TAMS 0x0000000709600000, 0x0000000709600000| Untracked 
|  65|0x0000000709800000, 0x0000000709800000, 0x0000000709a00000|  0%| F|  |TAMS 0x0000000709800000, 0x0000000709800000| Untracked 
|  66|0x0000000709a00000, 0x0000000709a00000, 0x0000000709c00000|  0%| F|  |TAMS 0x0000000709a00000, 0x0000000709a00000| Untracked 
|  67|0x0000000709c00000, 0x0000000709c00000, 0x0000000709e00000|  0%| F|  |TAMS 0x0000000709c00000, 0x0000000709c00000| Untracked 
|  68|0x0000000709e00000, 0x0000000709e00000, 0x000000070a000000|  0%| F|  |TAMS 0x0000000709e00000, 0x0000000709e00000| Untracked 
|  69|0x000000070a000000, 0x000000070a000000, 0x000000070a200000|  0%| F|  |TAMS 0x000000070a000000, 0x000000070a000000| Untracked 
|  70|0x000000070a200000, 0x000000070a200000, 0x000000070a400000|  0%| F|  |TAMS 0x000000070a200000, 0x000000070a200000| Untracked 
|  71|0x000000070a400000, 0x000000070a400000, 0x000000070a600000|  0%| F|  |TAMS 0x000000070a400000, 0x000000070a400000| Untracked 
|  72|0x000000070a600000, 0x000000070a600000, 0x000000070a800000|  0%| F|  |TAMS 0x000000070a600000, 0x000000070a600000| Untracked 
|  73|0x000000070a800000, 0x000000070a800000, 0x000000070aa00000|  0%| F|  |TAMS 0x000000070a800000, 0x000000070a800000| Untracked 
|  74|0x000000070aa00000, 0x000000070aa00000, 0x000000070ac00000|  0%| F|  |TAMS 0x000000070aa00000, 0x000000070aa00000| Untracked 
|  75|0x000000070ac00000, 0x000000070ac00000, 0x000000070ae00000|  0%| F|  |TAMS 0x000000070ac00000, 0x000000070ac00000| Untracked 
|  76|0x000000070ae00000, 0x000000070ae00000, 0x000000070b000000|  0%| F|  |TAMS 0x000000070ae00000, 0x000000070ae00000| Untracked 
|  77|0x000000070b000000, 0x000000070b000000, 0x000000070b200000|  0%| F|  |TAMS 0x000000070b000000, 0x000000070b000000| Untracked 
|  78|0x000000070b200000, 0x000000070b200000, 0x000000070b400000|  0%| F|  |TAMS 0x000000070b200000, 0x000000070b200000| Untracked 
|  79|0x000000070b400000, 0x000000070b400000, 0x000000070b600000|  0%| F|  |TAMS 0x000000070b400000, 0x000000070b400000| Untracked 
|  80|0x000000070b600000, 0x000000070b600000, 0x000000070b800000|  0%| F|  |TAMS 0x000000070b600000, 0x000000070b600000| Untracked 
|  81|0x000000070b800000, 0x000000070b800000, 0x000000070ba00000|  0%| F|  |TAMS 0x000000070b800000, 0x000000070b800000| Untracked 
|  82|0x000000070ba00000, 0x000000070ba00000, 0x000000070bc00000|  0%| F|  |TAMS 0x000000070ba00000, 0x000000070ba00000| Untracked 
|  83|0x000000070bc00000, 0x000000070bc00000, 0x000000070be00000|  0%| F|  |TAMS 0x000000070bc00000, 0x000000070bc00000| Untracked 
|  84|0x000000070be00000, 0x000000070be00000, 0x000000070c000000|  0%| F|  |TAMS 0x000000070be00000, 0x000000070be00000| Untracked 
|  85|0x000000070c000000, 0x000000070c000000, 0x000000070c200000|  0%| F|  |TAMS 0x000000070c000000, 0x000000070c000000| Untracked 
|  86|0x000000070c200000, 0x000000070c200000, 0x000000070c400000|  0%| F|  |TAMS 0x000000070c200000, 0x000000070c200000| Untracked 
|  87|0x000000070c400000, 0x000000070c400000, 0x000000070c600000|  0%| F|  |TAMS 0x000000070c400000, 0x000000070c400000| Untracked 
|  88|0x000000070c600000, 0x000000070c600000, 0x000000070c800000|  0%| F|  |TAMS 0x000000070c600000, 0x000000070c600000| Untracked 
|  89|0x000000070c800000, 0x000000070c800000, 0x000000070ca00000|  0%| F|  |TAMS 0x000000070c800000, 0x000000070c800000| Untracked 
|  90|0x000000070ca00000, 0x000000070ca00000, 0x000000070cc00000|  0%| F|  |TAMS 0x000000070ca00000, 0x000000070ca00000| Untracked 
|  91|0x000000070cc00000, 0x000000070cc00000, 0x000000070ce00000|  0%| F|  |TAMS 0x000000070cc00000, 0x000000070cc00000| Untracked 
|  92|0x000000070ce00000, 0x000000070ce00000, 0x000000070d000000|  0%| F|  |TAMS 0x000000070ce00000, 0x000000070ce00000| Untracked 
|  93|0x000000070d000000, 0x000000070d000000, 0x000000070d200000|  0%| F|  |TAMS 0x000000070d000000, 0x000000070d000000| Untracked 
|  94|0x000000070d200000, 0x000000070d200000, 0x000000070d400000|  0%| F|  |TAMS 0x000000070d200000, 0x000000070d200000| Untracked 
|  95|0x000000070d400000, 0x000000070d400000, 0x000000070d600000|  0%| F|  |TAMS 0x000000070d400000, 0x000000070d400000| Untracked 
|  96|0x000000070d600000, 0x000000070d600000, 0x000000070d800000|  0%| F|  |TAMS 0x000000070d600000, 0x000000070d600000| Untracked 
|  97|0x000000070d800000, 0x000000070d800000, 0x000000070da00000|  0%| F|  |TAMS 0x000000070d800000, 0x000000070d800000| Untracked 
|  98|0x000000070da00000, 0x000000070da00000, 0x000000070dc00000|  0%| F|  |TAMS 0x000000070da00000, 0x000000070da00000| Untracked 
|  99|0x000000070dc00000, 0x000000070dc00000, 0x000000070de00000|  0%| F|  |TAMS 0x000000070dc00000, 0x000000070dc00000| Untracked 
| 100|0x000000070de00000, 0x000000070de00000, 0x000000070e000000|  0%| F|  |TAMS 0x000000070de00000, 0x000000070de00000| Untracked 
| 101|0x000000070e000000, 0x000000070e000000, 0x000000070e200000|  0%| F|  |TAMS 0x000000070e000000, 0x000000070e000000| Untracked 
| 102|0x000000070e200000, 0x000000070e200000, 0x000000070e400000|  0%| F|  |TAMS 0x000000070e200000, 0x000000070e200000| Untracked 
| 103|0x000000070e400000, 0x000000070e400000, 0x000000070e600000|  0%| F|  |TAMS 0x000000070e400000, 0x000000070e400000| Untracked 
| 104|0x000000070e600000, 0x000000070e600000, 0x000000070e800000|  0%| F|  |TAMS 0x000000070e600000, 0x000000070e600000| Untracked 
| 105|0x000000070e800000, 0x000000070e800000, 0x000000070ea00000|  0%| F|  |TAMS 0x000000070e800000, 0x000000070e800000| Untracked 
| 106|0x000000070ea00000, 0x000000070ea00000, 0x000000070ec00000|  0%| F|  |TAMS 0x000000070ea00000, 0x000000070ea00000| Untracked 
| 107|0x000000070ec00000, 0x000000070ec00000, 0x000000070ee00000|  0%| F|  |TAMS 0x000000070ec00000, 0x000000070ec00000| Untracked 
| 108|0x000000070ee00000, 0x000000070ee00000, 0x000000070f000000|  0%| F|  |TAMS 0x000000070ee00000, 0x000000070ee00000| Untracked 
| 109|0x000000070f000000, 0x000000070f000000, 0x000000070f200000|  0%| F|  |TAMS 0x000000070f000000, 0x000000070f000000| Untracked 
| 110|0x000000070f200000, 0x000000070f200000, 0x000000070f400000|  0%| F|  |TAMS 0x000000070f200000, 0x000000070f200000| Untracked 
| 111|0x000000070f400000, 0x000000070f400000, 0x000000070f600000|  0%| F|  |TAMS 0x000000070f400000, 0x000000070f400000| Untracked 
| 112|0x000000070f600000, 0x000000070f600000, 0x000000070f800000|  0%| F|  |TAMS 0x000000070f600000, 0x000000070f600000| Untracked 
| 113|0x000000070f800000, 0x000000070f800000, 0x000000070fa00000|  0%| F|  |TAMS 0x000000070f800000, 0x000000070f800000| Untracked 
| 114|0x000000070fa00000, 0x000000070fa00000, 0x000000070fc00000|  0%| F|  |TAMS 0x000000070fa00000, 0x000000070fa00000| Untracked 
| 115|0x000000070fc00000, 0x000000070fc00000, 0x000000070fe00000|  0%| F|  |TAMS 0x000000070fc00000, 0x000000070fc00000| Untracked 
| 116|0x000000070fe00000, 0x000000070fe00000, 0x0000000710000000|  0%| F|  |TAMS 0x000000070fe00000, 0x000000070fe00000| Untracked 
| 117|0x0000000710000000, 0x0000000710000000, 0x0000000710200000|  0%| F|  |TAMS 0x0000000710000000, 0x0000000710000000| Untracked 
| 118|0x0000000710200000, 0x0000000710358428, 0x0000000710400000| 67%| E|  |TAMS 0x0000000710200000, 0x0000000710200000| Complete 
| 119|0x0000000710400000, 0x0000000710600000, 0x0000000710600000|100%| E|CS|TAMS 0x0000000710400000, 0x0000000710400000| Complete 
| 120|0x0000000710600000, 0x0000000710800000, 0x0000000710800000|100%| E|CS|TAMS 0x0000000710600000, 0x0000000710600000| Complete 
| 121|0x0000000710800000, 0x0000000710a00000, 0x0000000710a00000|100%| E|CS|TAMS 0x0000000710800000, 0x0000000710800000| Complete 
| 122|0x0000000710a00000, 0x0000000710c00000, 0x0000000710c00000|100%| E|CS|TAMS 0x0000000710a00000, 0x0000000710a00000| Complete 
| 123|0x0000000710c00000, 0x0000000710e00000, 0x0000000710e00000|100%| E|CS|TAMS 0x0000000710c00000, 0x0000000710c00000| Complete 
| 124|0x0000000710e00000, 0x0000000711000000, 0x0000000711000000|100%| E|CS|TAMS 0x0000000710e00000, 0x0000000710e00000| Complete 
| 125|0x0000000711000000, 0x0000000711200000, 0x0000000711200000|100%| E|CS|TAMS 0x0000000711000000, 0x0000000711000000| Complete 
| 126|0x0000000711200000, 0x0000000711400000, 0x0000000711400000|100%| E|CS|TAMS 0x0000000711200000, 0x0000000711200000| Complete 
| 127|0x0000000711400000, 0x0000000711600000, 0x0000000711600000|100%| E|CS|TAMS 0x0000000711400000, 0x0000000711400000| Complete 

Card table byte_map: [0x000002107f7b0000,0x000002107ffb0000] _byte_map_base: 0x000002107bfa5000

Marking Bits (Prev, Next): (CMBitMap*) 0x000002107ec31760, (CMBitMap*) 0x000002107ec317a0
 Prev Bits: [0x00000210172e0000, 0x000002101b288000)
 Next Bits: [0x000002101b290000, 0x000002101f238000)

Polling page: 0x000002107e380000

Metaspace:

Usage:
  Non-class:      4.63 MB used.
      Class:    641.05 KB used.
       Both:      5.26 MB used.

Virtual space:
  Non-class space:       64.00 MB reserved,       4.69 MB (  7%) committed,  1 nodes.
      Class space:        1.00 GB reserved,     704.00 KB ( <1%) committed,  1 nodes.
             Both:        1.06 GB reserved,       5.38 MB ( <1%) committed. 

Chunk freelists:
   Non-Class:  9.33 MB
       Class:  15.31 MB
        Both:  24.64 MB

MaxMetaspaceSize: unlimited
CompressedClassSpaceSize: 1.00 GB
Initial GC threshold: 21.00 MB
Current GC threshold: 21.00 MB
CDS: on
MetaspaceReclaimPolicy: balanced
 - commit_granule_bytes: 65536.
 - commit_granule_words: 8192.
 - virtual_space_node_default_size: 8388608.
 - enlarge_chunks_in_place: 1.
 - new_chunks_are_fully_committed: 0.
 - uncommit_free_chunks: 1.
 - use_allocation_guard: 0.
 - handle_deallocations: 1.


Internal statistics:

num_allocs_failed_limit: 0.
num_arena_births: 40.
num_arena_deaths: 0.
num_vsnodes_births: 2.
num_vsnodes_deaths: 0.
num_space_committed: 86.
num_space_uncommitted: 0.
num_chunks_returned_to_freelist: 0.
num_chunks_taken_from_freelist: 198.
num_chunk_merges: 0.
num_chunk_splits: 121.
num_chunks_enlarged: 100.
num_inconsistent_stats: 0.

CodeHeap 'non-profiled nmethods': size=120000Kb used=327Kb max_used=327Kb free=119672Kb
 bounds [0x000002100f5b0000, 0x000002100f820000, 0x0000021016ae0000]
CodeHeap 'profiled nmethods': size=120000Kb used=1932Kb max_used=1932Kb free=118067Kb
 bounds [0x0000021007ae0000, 0x0000021007d50000, 0x000002100f010000]
CodeHeap 'non-nmethods': size=5760Kb used=1153Kb max_used=1178Kb free=4606Kb
 bounds [0x000002100f010000, 0x000002100f280000, 0x000002100f5b0000]
 total_blobs=1424 nmethods=983 adapters=354
 compilation: enabled
              stopped_count=0, restarted_count=0
 full_count=0

Compilation events (20 events):
Event: 0.672 Thread 0x0000021067017140 nmethod 977 0x000002100f601590 code [0x000002100f601720, 0x000002100f6017f8]
Event: 0.675 Thread 0x000002106701b000 nmethod 972 0x0000021007cb8310 code [0x0000021007cb8b40, 0x0000021007cbdb98]
Event: 0.675 Thread 0x000002106701b000  975   !   3       java.nio.CharBuffer::wrap (21 bytes)
Event: 0.676 Thread 0x000002106701b000 nmethod 975 0x0000021007cbf310 code [0x0000021007cbf4e0, 0x0000021007cbf778]
Event: 0.676 Thread 0x000002106701b000  976       3       java.nio.HeapCharBuffer::<init> (23 bytes)
Event: 0.676 Thread 0x000002106701b000 nmethod 976 0x0000021007cbf910 code [0x0000021007cbfac0, 0x0000021007cbfc48]
Event: 0.676 Thread 0x000002106701b000  970   !   3       sun.nio.cs.StreamDecoder::read0 (116 bytes)
Event: 0.676 Thread 0x000002106701b000 nmethod 970 0x0000021007cbfd10 code [0x0000021007cbfee0, 0x0000021007cc03e8]
Event: 0.676 Thread 0x0000021067017140  978   !   4       sun.nio.cs.StreamDecoder::read (220 bytes)
Event: 0.676 Thread 0x000002106701b000  973       3       sun.nio.cs.UTF_8$Decoder::xflow (31 bytes)
Event: 0.676 Thread 0x000002106701b000 nmethod 973 0x0000021007cc0590 code [0x0000021007cc0780, 0x0000021007cc0cd8]
Event: 0.676 Thread 0x000002106701b000  974       3       sun.nio.cs.UTF_8::updatePositions (23 bytes)
Event: 0.677 Thread 0x000002106701b000 nmethod 974 0x0000021007cc0e90 code [0x0000021007cc1060, 0x0000021007cc1498]
Event: 0.680 Thread 0x00000210677617e0  979       4       java.nio.ByteBuffer::arrayOffset (35 bytes)
Event: 0.680 Thread 0x00000210677617e0 nmethod 979 0x000002100f601910 code [0x000002100f601aa0, 0x000002100f601b58]
Event: 0.680 Thread 0x00000210677617e0  980       4       java.nio.CharBuffer::arrayOffset (35 bytes)
Event: 0.681 Thread 0x00000210677617e0 nmethod 980 0x000002100f601c10 code [0x000002100f601da0, 0x000002100f601e58]
Event: 0.681 Thread 0x00000210677617e0  981       4       java.io.InputStreamReader::read (11 bytes)
Event: 0.683 Thread 0x000002106701b000  985       3       org.codehaus.plexus.util.xml.pull.MXParser::isS (30 bytes)
Event: 0.683 Thread 0x000002106701b000 nmethod 985 0x0000021007cc1610 code [0x0000021007cc17c0, 0x0000021007cc1998]

GC Heap History (0 events):
No events

Dll operation events (8 events):
Event: 0.005 Loaded shared library C:\Users\Administrator\.jdks\ms-17.0.20\bin\java.dll
Event: 0.019 Loaded shared library C:\Users\Administrator\.jdks\ms-17.0.20\bin\jsvml.dll
Event: 0.049 Loaded shared library C:\Users\Administrator\.jdks\ms-17.0.20\bin\net.dll
Event: 0.050 Loaded shared library C:\Users\Administrator\.jdks\ms-17.0.20\bin\nio.dll
Event: 0.052 Loaded shared library C:\Users\Administrator\.jdks\ms-17.0.20\bin\zip.dll
Event: 0.167 Loaded shared library D:\dev-tools\apache-maven-3.9.9\lib\jansi-native\Windows\x86_64\jansi.dll
Event: 0.169 Loaded shared library C:\Users\Administrator\.jdks\ms-17.0.20\bin\jimage.dll
Event: 0.183 Loaded shared library C:\Users\Administrator\.jdks\ms-17.0.20\bin\verify.dll

Deoptimization events (20 events):
Event: 0.327 Thread 0x000002107ebc51e0 DEOPT PACKING pc=0x000002100f5c6328 sp=0x000000cebd1fdbd0
Event: 0.327 Thread 0x000002107ebc51e0 DEOPT UNPACKING pc=0x000002100f0669a3 sp=0x000000cebd1fdaf8 mode 2
Event: 0.327 Thread 0x000002107ebc51e0 Uncommon trap: trap_request=0xffffff45 fr.pc=0x000002100f5ca38c relative=0x000000000000044c
Event: 0.327 Thread 0x000002107ebc51e0 Uncommon trap: reason=unstable_if action=reinterpret pc=0x000002100f5ca38c method=java.lang.AbstractStringBuilder.isLatin1()Z @ 10 c2
Event: 0.327 Thread 0x000002107ebc51e0 DEOPT PACKING pc=0x000002100f5ca38c sp=0x000000cebd1fdbe0
Event: 0.327 Thread 0x000002107ebc51e0 DEOPT UNPACKING pc=0x000002100f0669a3 sp=0x000000cebd1fdb60 mode 2
Event: 0.330 Thread 0x000002107ebc51e0 Uncommon trap: trap_request=0xffffff45 fr.pc=0x000002100f5beffc relative=0x000000000000005c
Event: 0.330 Thread 0x000002107ebc51e0 Uncommon trap: reason=unstable_if action=reinterpret pc=0x000002100f5beffc method=java.lang.String.isLatin1()Z @ 10 c2
Event: 0.330 Thread 0x000002107ebc51e0 DEOPT PACKING pc=0x000002100f5beffc sp=0x000000cebd1fd850
Event: 0.330 Thread 0x000002107ebc51e0 DEOPT UNPACKING pc=0x000002100f0669a3 sp=0x000000cebd1fd7e0 mode 2
Event: 0.331 Thread 0x000002107ebc51e0 Uncommon trap: trap_request=0xffffff45 fr.pc=0x000002100f5bb238 relative=0x0000000000000038
Event: 0.331 Thread 0x000002107ebc51e0 Uncommon trap: reason=unstable_if action=reinterpret pc=0x000002100f5bb238 method=java.lang.StringLatin1.canEncode(I)Z @ 4 c2
Event: 0.331 Thread 0x000002107ebc51e0 DEOPT PACKING pc=0x000002100f5bb238 sp=0x000000cebd1fdb60
Event: 0.331 Thread 0x000002107ebc51e0 DEOPT UNPACKING pc=0x000002100f0669a3 sp=0x000000cebd1fdaf0 mode 2
Event: 0.497 Thread 0x000002107ebc51e0 DEOPT PACKING pc=0x0000021007afeab8 sp=0x000000cebd1fc590
Event: 0.497 Thread 0x000002107ebc51e0 DEOPT UNPACKING pc=0x000002100f067143 sp=0x000000cebd1fba08 mode 0
Event: 0.656 Thread 0x000002107ebc51e0 Uncommon trap: trap_request=0xffffff6e fr.pc=0x000002100f5d5310 relative=0x0000000000000470
Event: 0.656 Thread 0x000002107ebc51e0 Uncommon trap: reason=loop_limit_check action=maybe_recompile pc=0x000002100f5d5310 method=java.lang.StringLatin1.indexOf([BI[BII)I @ 37 c2
Event: 0.656 Thread 0x000002107ebc51e0 DEOPT PACKING pc=0x000002100f5d5310 sp=0x000000cebd1fd6c0
Event: 0.656 Thread 0x000002107ebc51e0 DEOPT UNPACKING pc=0x000002100f0669a3 sp=0x000000cebd1fd620 mode 2

Classes loaded (20 events):
Event: 0.604 Loading class java/util/concurrent/CancellationException
Event: 0.604 Loading class java/util/concurrent/CancellationException done
Event: 0.605 Loading class java/security/PrivilegedActionException
Event: 0.605 Loading class java/security/PrivilegedActionException done
Event: 0.606 Loading class sun/misc/Unsafe
Event: 0.606 Loading class sun/misc/Unsafe done
Event: 0.607 Loading class jdk/internal/reflect/UnsafeFieldAccessorFactory
Event: 0.607 Loading class jdk/internal/reflect/UnsafeFieldAccessorFactory done
Event: 0.607 Loading class jdk/internal/reflect/UnsafeQualifiedStaticObjectFieldAccessorImpl
Event: 0.607 Loading class jdk/internal/reflect/UnsafeQualifiedStaticFieldAccessorImpl
Event: 0.607 Loading class jdk/internal/reflect/UnsafeQualifiedStaticFieldAccessorImpl done
Event: 0.607 Loading class jdk/internal/reflect/UnsafeQualifiedStaticObjectFieldAccessorImpl done
Event: 0.613 Loading class java/lang/reflect/ParameterizedType
Event: 0.613 Loading class java/lang/reflect/ParameterizedType done
Event: 0.620 Loading class java/lang/reflect/WildcardType
Event: 0.620 Loading class java/lang/reflect/WildcardType done
Event: 0.624 Loading class sun/reflect/generics/tree/TypeVariableSignature
Event: 0.624 Loading class sun/reflect/generics/tree/TypeVariableSignature done
Event: 0.653 Loading class java/lang/annotation/IncompleteAnnotationException
Event: 0.653 Loading class java/lang/annotation/IncompleteAnnotationException done

Classes unloaded (0 events):
No events

Classes redefined (0 events):
No events

Internal exceptions (20 events):
Event: 0.175 Thread 0x000002107ebc51e0 Exception <a 'java/lang/NullPointerException'{0x0000000711156350}> (0x0000000711156350) 
thrown [s\src\hotspot\share\interpreter\linkResolver.cpp, line 1350]
Event: 0.175 Thread 0x000002107ebc51e0 Exception <a 'java/lang/NullPointerException'{0x0000000711156628}> (0x0000000711156628) 
thrown [s\src\hotspot\share\interpreter\linkResolver.cpp, line 1350]
Event: 0.175 Thread 0x000002107ebc51e0 Exception <a 'java/lang/NullPointerException'{0x0000000711156900}> (0x0000000711156900) 
thrown [s\src\hotspot\share\interpreter\linkResolver.cpp, line 1350]
Event: 0.175 Thread 0x000002107ebc51e0 Exception <a 'java/lang/NullPointerException'{0x0000000711156bd8}> (0x0000000711156bd8) 
thrown [s\src\hotspot\share\interpreter\linkResolver.cpp, line 1350]
Event: 0.182 Thread 0x000002107ebc51e0 Exception <a 'sun/nio/fs/WindowsException'{0x0000000711183d08}> (0x0000000711183d08) 
thrown [s\src\hotspot\share\prims\jni.cpp, line 516]
Event: 0.182 Thread 0x000002107ebc51e0 Exception <a 'sun/nio/fs/WindowsException'{0x0000000711184390}> (0x0000000711184390) 
thrown [s\src\hotspot\share\prims\jni.cpp, line 516]
Event: 0.182 Thread 0x000002107ebc51e0 Exception <a 'sun/nio/fs/WindowsException'{0x0000000711184858}> (0x0000000711184858) 
thrown [s\src\hotspot\share\prims\jni.cpp, line 516]
Event: 0.196 Thread 0x000002107ebc51e0 Exception <a 'java/lang/NoSuchMethodError'{0x00000007111d5600}: 'void java.lang.invoke.DirectMethodHandle$Holder.invokeStatic(java.lang.Object, java.lang.Object)'> (0x00000007111d5600) 
thrown [s\src\hotspot\share\interpreter\linkResolver.cpp, line 759]
Event: 0.196 Thread 0x000002107ebc51e0 Exception <a 'java/lang/NoSuchMethodError'{0x00000007111d8f18}: 'void java.lang.invoke.DirectMethodHandle$Holder.invokeStaticInit(java.lang.Object, java.lang.Object)'> (0x00000007111d8f18) 
thrown [s\src\hotspot\share\interpreter\linkResolver.cpp, line 759]
Event: 0.207 Thread 0x000002107ebc51e0 Exception <a 'java/lang/NoSuchMethodError'{0x0000000710e16a78}: 'void java.lang.invoke.DirectMethodHandle$Holder.invokeStatic(java.lang.Object, java.lang.Object, java.lang.Object)'> (0x0000000710e16a78) 
thrown [s\src\hotspot\share\interpreter\linkResolver.cpp, line 759]
Event: 0.233 Thread 0x000002107ebc51e0 Exception <a 'java/lang/NullPointerException'{0x0000000710ec1e70}> (0x0000000710ec1e70) 
thrown [s\src\hotspot\share\interpreter\linkResolver.cpp, line 1350]
Event: 0.233 Thread 0x000002107ebc51e0 Exception <a 'java/lang/NullPointerException'{0x0000000710eca540}> (0x0000000710eca540) 
thrown [s\src\hotspot\share\interpreter\linkResolver.cpp, line 1350]
Event: 0.264 Thread 0x000002107ebc51e0 Exception <a 'java/lang/NoSuchMethodError'{0x0000000710fb05b0}: 'java.lang.Object java.lang.invoke.DirectMethodHandle$Holder.invokeSpecialIFC(java.lang.Object, java.lang.Object, java.lang.Object, java.lang.Object)'> (0x0000000710fb05b0) 
thrown [s\src\hotspot\share\interpreter\linkResolver.cpp, line 759]
Event: 0.443 Thread 0x000002107ebc51e0 Exception <a 'java/lang/NoSuchMethodError'{0x000000071096aeb8}: 'void java.lang.invoke.DirectMethodHandle$Holder.invokeSpecial(java.lang.Object, java.lang.Object, java.lang.Object)'> (0x000000071096aeb8) 
thrown [s\src\hotspot\share\interpreter\linkResolver.cpp, line 759]
Event: 0.488 Thread 0x000002107ebc51e0 Exception <a 'java/lang/NoSuchMethodError'{0x00000007106c2f70}: 'java.lang.Object java.lang.invoke.DirectMethodHandle$Holder.invokeInterface(java.lang.Object, java.lang.Object)'> (0x00000007106c2f70) 
thrown [s\src\hotspot\share\interpreter\linkResolver.cpp, line 759]
Event: 0.506 Thread 0x000002107ebc51e0 Exception <a 'java/lang/NoSuchMethodError'{0x000000071076a278}: 'java.lang.Object java.lang.invoke.Invokers$Holder.invokeExact_MT(java.lang.Object, java.lang.Object, java.lang.Object, java.lang.Object, java.lang.Object, java.lang.Object)'> (0x000000071076a278) 
thrown [s\src\hotspot\share\interpreter\linkResolver.cpp, line 759]
Event: 0.510 Thread 0x000002107ebc51e0 Exception <a 'java/lang/NoSuchMethodError'{0x000000071077b6f8}: 'int java.lang.invoke.DirectMethodHandle$Holder.invokeSpecialIFC(java.lang.Object, java.lang.Object, java.lang.Object, java.lang.Object, java.lang.Object)'> (0x000000071077b6f8) 
thrown [s\src\hotspot\share\interpreter\linkResolver.cpp, line 759]
Event: 0.583 Thread 0x000002107ebc51e0 Exception <a 'java/lang/NoSuchMethodError'{0x00000007105172f0}: 'java.lang.Object java.lang.invoke.DirectMethodHandle$Holder.newInvokeSpecial(java.lang.Object, java.lang.Object, java.lang.Object, java.lang.Object, java.lang.Object)'> (0x00000007105172f0) 
thrown [s\src\hotspot\share\interpreter\linkResolver.cpp, line 759]
Event: 0.642 Thread 0x000002107ebc51e0 Exception <a 'java/lang/NoSuchMethodError'{0x000000071021a1e8}: 'int java.lang.invoke.DirectMethodHandle$Holder.invokeStaticInit(java.lang.Object, java.lang.Object)'> (0x000000071021a1e8) 
thrown [s\src\hotspot\share\interpreter\linkResolver.cpp, line 759]
Event: 0.653 Thread 0x000002107ebc51e0 Exception <a 'java/lang/NoClassDefFoundError'{0x0000000710251b18}: javax/enterprise/inject/Typed> (0x0000000710251b18) 
thrown [s\src\hotspot\share\classfile\systemDictionary.cpp, line 246]

VM Operations (8 events):
Event: 0.053 Executing VM operation: HandshakeAllThreads
Event: 0.053 Executing VM operation: HandshakeAllThreads done
Event: 0.160 Executing VM operation: HandshakeAllThreads
Event: 0.161 Executing VM operation: HandshakeAllThreads done
Event: 0.177 Executing VM operation: HandshakeAllThreads
Event: 0.177 Executing VM operation: HandshakeAllThreads done
Event: 0.282 Executing VM operation: HandshakeAllThreads
Event: 0.282 Executing VM operation: HandshakeAllThreads done

Memory protections (0 events):
No events

Nmethod flushes (0 events):
No events

Events (15 events):
Event: 0.019 Thread 0x000002107ebc51e0 Thread added: 0x000002107ebc51e0
Event: 0.023 Thread 0x000002107ebc51e0 Thread added: 0x0000021021caa720
Event: 0.024 Thread 0x000002107ebc51e0 Thread added: 0x0000021021cab4b0
Event: 0.035 Thread 0x000002107ebc51e0 Thread added: 0x000002106700aa00
Event: 0.035 Thread 0x000002107ebc51e0 Thread added: 0x000002106700d2e0
Event: 0.035 Thread 0x000002107ebc51e0 Thread added: 0x000002106700dbb0
Event: 0.035 Thread 0x000002107ebc51e0 Thread added: 0x000002106700e480
Event: 0.035 Thread 0x000002107ebc51e0 Thread added: 0x0000021067017140
Event: 0.035 Thread 0x000002107ebc51e0 Thread added: 0x000002106701b000
Event: 0.035 Thread 0x000002107ebc51e0 Thread added: 0x000002106701d920
Event: 0.046 Thread 0x000002107ebc51e0 Thread added: 0x0000021067146c70
Event: 0.047 Thread 0x000002107ebc51e0 Thread added: 0x000002106714a5e0
Event: 0.166 Thread 0x000002107ebc51e0 Thread added: 0x00000210673ade80
Event: 0.180 Thread 0x00000210673ade80 Thread exited: 0x00000210673ade80
Event: 0.374 Thread 0x000002106701b000 Thread added: 0x00000210677617e0


Dynamic libraries:
0x00007ff6f9500000 - 0x00007ff6f950e000 	C:\Users\Administrator\.jdks\ms-17.0.20\bin\java.exe
0x00007ffe46870000 - 0x00007ffe46a87000 	C:\Windows\SYSTEM32\ntdll.dll
0x00007ffe45eb0000 - 0x00007ffe45f74000 	C:\Windows\System32\KERNEL32.DLL
0x00007ffe43bf0000 - 0x00007ffe43f96000 	C:\Windows\System32\KERNELBASE.dll
0x00007ffe43fa0000 - 0x00007ffe440b1000 	C:\Windows\System32\ucrtbase.dll
0x00007ffe155e0000 - 0x00007ffe155f8000 	C:\Users\Administrator\.jdks\ms-17.0.20\bin\jli.dll
0x00007ffe15200000 - 0x00007ffe1521e000 	C:\Users\Administrator\.jdks\ms-17.0.20\bin\VCRUNTIME140.dll
0x00007ffe460e0000 - 0x00007ffe4628d000 	C:\Windows\System32\USER32.dll
0x00007ffe29810000 - 0x00007ffe29aa3000 	C:\Windows\WinSxS\amd64_microsoft.windows.common-controls_6595b64144ccf1df_6.0.22621.2361_none_2712ced57382f843\COMCTL32.dll
0x00007ffe44180000 - 0x00007ffe441a6000 	C:\Windows\System32\win32u.dll
0x00007ffe466b0000 - 0x00007ffe46757000 	C:\Windows\System32\msvcrt.dll
0x00007ffe460a0000 - 0x00007ffe460c9000 	C:\Windows\System32\GDI32.dll
0x00007ffe44250000 - 0x00007ffe44368000 	C:\Windows\System32\gdi32full.dll
0x00007ffe441b0000 - 0x00007ffe4424a000 	C:\Windows\System32\msvcp_win.dll
0x00007ffe45e70000 - 0x00007ffe45ea1000 	C:\Windows\System32\IMM32.DLL
0x00007ffe1aaf0000 - 0x00007ffe1aafc000 	C:\Users\Administrator\.jdks\ms-17.0.20\bin\vcruntime140_1.dll
0x00007ffdffec0000 - 0x00007ffdfff49000 	C:\Users\Administrator\.jdks\ms-17.0.20\bin\msvcp140.dll
0x00007ffda21e0000 - 0x00007ffda2e5b000 	C:\Users\Administrator\.jdks\ms-17.0.20\bin\server\jvm.dll
0x00007ffe44ac0000 - 0x00007ffe44b70000 	C:\Windows\System32\ADVAPI32.dll
0x00007ffe445d0000 - 0x00007ffe44676000 	C:\Windows\System32\sechost.dll
0x00007ffe45f80000 - 0x00007ffe46097000 	C:\Windows\System32\RPCRT4.dll
0x00007ffe44810000 - 0x00007ffe44881000 	C:\Windows\System32\WS2_32.dll
0x00007ffe43300000 - 0x00007ffe4334d000 	C:\Windows\SYSTEM32\POWRPROF.dll
0x00007ffe3ca40000 - 0x00007ffe3ca74000 	C:\Windows\SYSTEM32\WINMM.dll
0x00007ffe38dc0000 - 0x00007ffe38dca000 	C:\Windows\SYSTEM32\VERSION.dll
0x00007ffe432e0000 - 0x00007ffe432f3000 	C:\Windows\SYSTEM32\UMPDC.dll
0x00007ffe42b90000 - 0x00007ffe42ba8000 	C:\Windows\SYSTEM32\kernel.appcore.dll
0x00007ffe1a290000 - 0x00007ffe1a29a000 	C:\Users\Administrator\.jdks\ms-17.0.20\bin\jimage.dll
0x00007ffe367a0000 - 0x00007ffe369ce000 	C:\Windows\SYSTEM32\DBGHELP.DLL
0x00007ffe45270000 - 0x00007ffe455fa000 	C:\Windows\System32\combase.dll
0x00007ffe465d0000 - 0x00007ffe466a7000 	C:\Windows\System32\OLEAUT32.dll
0x00007ffe37cd0000 - 0x00007ffe37d02000 	C:\Windows\SYSTEM32\dbgcore.DLL
0x00007ffe44370000 - 0x00007ffe443ea000 	C:\Windows\System32\bcryptPrimitives.dll
0x00007ffe125c0000 - 0x00007ffe125e6000 	C:\Users\Administrator\.jdks\ms-17.0.20\bin\java.dll
0x00007ffde6560000 - 0x00007ffde6636000 	C:\Users\Administrator\.jdks\ms-17.0.20\bin\jsvml.dll
0x00007ffe45610000 - 0x00007ffe45e68000 	C:\Windows\System32\SHELL32.dll
0x00007ffe41b00000 - 0x00007ffe423f2000 	C:\Windows\SYSTEM32\windows.storage.dll
0x00007ffe419c0000 - 0x00007ffe41afe000 	C:\Windows\SYSTEM32\wintypes.dll
0x00007ffe450f0000 - 0x00007ffe451e3000 	C:\Windows\System32\SHCORE.dll
0x00007ffe46760000 - 0x00007ffe467be000 	C:\Windows\System32\shlwapi.dll
0x00007ffe43b20000 - 0x00007ffe43b46000 	C:\Windows\SYSTEM32\profapi.dll
0x00007ffe13f90000 - 0x00007ffe13fab000 	C:\Users\Administrator\.jdks\ms-17.0.20\bin\net.dll
0x00007ffe3d310000 - 0x00007ffe3d447000 	C:\Windows\SYSTEM32\WINHTTP.dll
0x00007ffe430d0000 - 0x00007ffe43139000 	C:\Windows\system32\mswsock.dll
0x00007ffe13e00000 - 0x00007ffe13e16000 	C:\Users\Administrator\.jdks\ms-17.0.20\bin\nio.dll
0x00007ffe139b0000 - 0x00007ffe139c8000 	C:\Users\Administrator\.jdks\ms-17.0.20\bin\zip.dll
0x00007ffe10780000 - 0x00007ffe107a4000 	D:\dev-tools\apache-maven-3.9.9\lib\jansi-native\Windows\x86_64\jansi.dll
0x00007ffe158b0000 - 0x00007ffe158c0000 	C:\Users\Administrator\.jdks\ms-17.0.20\bin\verify.dll

dbghelp: loaded successfully - version: 4.0.5 - missing functions: none
symbol engine: initialized successfully - sym options: 0x614 - pdb path: .;C:\Users\Administrator\.jdks\ms-17.0.20\bin;C:\Windows\SYSTEM32;C:\Windows\WinSxS\amd64_microsoft.windows.common-controls_6595b64144ccf1df_6.0.22621.2361_none_2712ced57382f843;C:\Users\Administrator\.jdks\ms-17.0.20\bin\server;D:\dev-tools\apache-maven-3.9.9\lib\jansi-native\Windows\x86_64

VM Arguments:
jvm_args: -Dclassworlds.conf=D:\dev-tools\apache-maven-3.9.9\bin\m2.conf -Dmaven.home=D:\dev-tools\apache-maven-3.9.9 -Dlibrary.jansi.path=D:\dev-tools\apache-maven-3.9.9\lib\jansi-native -Dmaven.multiModuleProjectDirectory=D:\Dev_project\ej-render-test 
java_command: org.codehaus.plexus.classworlds.launcher.Launcher -q -B exec:java
java_class_path (initial): D:\dev-tools\apache-maven-3.9.9\boot\plexus-classworlds-2.8.0.jar
Launcher Type: SUN_STANDARD

[Global flags]
     intx CICompilerCount                          = 4                                         {product} {ergonomic}
     uint ConcGCThreads                            = 2                                         {product} {ergonomic}
     uint G1ConcRefinementThreads                  = 8                                         {product} {ergonomic}
   size_t G1HeapRegionSize                         = 2097152                                   {product} {ergonomic}
    uintx GCDrainStackTargetSize                   = 64                                        {product} {ergonomic}
   size_t InitialHeapSize                          = 268435456                                 {product} {ergonomic}
   size_t MarkStackSize                            = 4194304                                   {product} {ergonomic}
   size_t MaxHeapSize                              = 4271898624                                {product} {ergonomic}
   size_t MaxNewSize                               = 2562719744                                {product} {ergonomic}
   size_t MinHeapDeltaBytes                        = 2097152                                   {product} {ergonomic}
   size_t MinHeapSize                              = 8388608                                   {product} {ergonomic}
    uintx NonNMethodCodeHeapSize                   = 5839372                                {pd product} {ergonomic}
    uintx NonProfiledCodeHeapSize                  = 122909434                              {pd product} {ergonomic}
    uintx ProfiledCodeHeapSize                     = 122909434                              {pd product} {ergonomic}
    uintx ReservedCodeCacheSize                    = 251658240                              {pd product} {ergonomic}
     bool SegmentedCodeCache                       = true                                      {product} {ergonomic}
   size_t SoftMaxHeapSize                          = 4271898624                             {manageable} {ergonomic}
     bool UseCompressedClassPointers               = true                           {product lp64_product} {ergonomic}
     bool UseCompressedOops                        = true                           {product lp64_product} {ergonomic}
     bool UseG1GC                                  = true                                      {product} {ergonomic}
     bool UseLargePagesIndividualAllocation        = false                                  {pd product} {ergonomic}

Logging:
Log output configuration:
 #0: stdout all=warning uptime,level,tags
 #1: stderr all=off uptime,level,tags

Environment Variables:
JAVA_HOME=C:\Users\Administrator\.jdks\ms-17.0.20
PATH=D:\Dev_software\python3\Scripts\;D:\Dev_software\python3\;C:\Windows\system32;C:\Windows;C:\Windows\System32\Wbem;C:\Windows\System32\WindowsPowerShell\v1.0\;C:\Windows\System32\OpenSSH\;C:\Program Files\Git\cmd;C:\Program Files\Git\mingw64\bin;D:\dev-tools\apache-maven-3.9.9\bin;C:\Program Files\Redis\;C:\nvm4w\nodejs;D:\Software\Idea\IntelliJ IDEA 2025\bin;C:\Program Files\Java\jdk1.8.0_202\bin;C:\Users\Administrator\AppData\Local\Microsoft\WindowsApps;C:\Users\Administrator\AppData\Local\nvm;C:\nvm4w\nodejs;D:\Software\Idea\IntelliJ IDEA 2025\bin;D:\Dev_software\Zed\bin;D:\Dev_software\cursor\resources\app\bin
USERNAME=Administrator
OS=Windows_NT
PROCESSOR_IDENTIFIER=Intel64 Family 6 Model 165 Stepping 2, GenuineIntel
TMP=C:\Users\ADMINI~1\AppData\Local\Temp
TEMP=C:\Users\ADMINI~1\AppData\Local\Temp



Periodic native trim disabled


---------------  S Y S T E M  ---------------

OS:
 Windows 11 , 64 bit Build 22621 (10.0.22621.2428)
OS uptime: 23 days 14:22 hours
Hyper-V role detected

CPU: total 8 (initial active 8) (4 cores per cpu, 2 threads per core) family 6 model 165 stepping 2 microcode 0xe0, cx8, cmov, fxsr, ht, mmx, 3dnowpref, sse, sse2, sse3, ssse3, sse4.1, sse4.2, popcnt, lzcnt, tsc, tscinvbit, avx, avx2, aes, erms, clmul, bmi1, bmi2, adx, fma, vzeroupper, clflush, clflushopt, hv
Processor Information for the first 8 processors :
  Max Mhz: 2400, Current Mhz: 2400, Mhz Limit: 2400

Memory: 4k page, system-wide physical 16291M (478M free)
TotalPageFile size 39404M (AvailPageFile size 4M)
current process WorkingSet (physical memory assigned to process): 71M, peak: 71M
current process commit charge ("private bytes"): 358M, peak: 359M

vm_info: OpenJDK 64-Bit Server VM (17.0.20+8-LTS) for windows-amd64 JRE (17.0.20+8-LTS), built on Jul 14 2026 18:14:29 by "MicrosoftCorporation" with MS VC++ 17.14 (VS2022)

END.
