#
# There is insufficient memory for the Java Runtime Environment to continue.
# Native memory allocation (malloc) failed to allocate 1839392 bytes. Error detail: Chunk::new
# Possible reasons:
#   The system is out of physical RAM or swap space
#   This process is running with CompressedOops enabled, and the Java Heap may be blocking the growth of the native heap
# Possible solutions:
#   Reduce memory load on the system
#   Increase physical memory or swap space
#   Check if swap backing store is full
#   Decrease Java heap size (-Xmx/-Xms)
#   Decrease number of Java threads
#   Decrease Java thread stack sizes (-Xss)
#   Set larger code cache with -XX:ReservedCodeCacheSize=
#   JVM is running with Zero Based Compressed Oops mode in which the Java heap is
#     placed in the first 32GB address space. The Java Heap base address is the
#     maximum limit for the native heap growth. Please use -XX:HeapBaseMinAddress
#     to set the Java Heap base and to place the Java Heap above 32GB virtual address.
# This output file may be truncated or incomplete.
#
#  Out of Memory Error (arena.cpp:191), pid=36376, tid=15992
#
# JRE version: OpenJDK Runtime Environment Microsoft-14653939 (17.0.20+8) (build 17.0.20+8-LTS)
# Java VM: OpenJDK 64-Bit Server VM Microsoft-14653939 (17.0.20+8-LTS, mixed mode, sharing, tiered, compressed oops, compressed class ptrs, g1 gc, windows-amd64)
# No core dump will be written. Minidumps are not enabled by default on client versions of Windows
#

---------------  S U M M A R Y ------------

Command Line: -Dclassworlds.conf=D:\dev-tools\apache-maven-3.9.9\bin\m2.conf -Dmaven.home=D:\dev-tools\apache-maven-3.9.9 -Dlibrary.jansi.path=D:\dev-tools\apache-maven-3.9.9\lib\jansi-native -Dmaven.multiModuleProjectDirectory=D:\Dev_project\ej-render-test org.codehaus.plexus.classworlds.launcher.Launcher -q -B compile exec:java

Host: Intel(R) Core(TM) i5-10200H CPU @ 2.40GHz, 8 cores, 15G,  Windows 11 , 64 bit Build 22621 (10.0.22621.2428)
Time: Thu Aug 27 11:51:40 2026  Windows 11 , 64 bit Build 22621 (10.0.22621.2428) elapsed time: 24.666912 seconds (0d 0h 0m 24s)

---------------  T H R E A D  ---------------

Current thread (0x000002429c58ff00):  JavaThread "C2 CompilerThread1" daemon [_thread_in_native, id=15992, stack(0x00000098a9300000,0x00000098a9400000)]


Current CompileTask:
C2:24666 10014   !   4       java.net.URLClassLoader::defineClass (224 bytes)

Stack: [0x00000098a9300000,0x00000098a9400000]
Native frames: (J=compiled Java code, j=interpreted, Vv=VM code, C=native code)
V  [jvm.dll+0x68d159]  (no source info available)
V  [jvm.dll+0x8462c9]  (no source info available)
V  [jvm.dll+0x84803b]  (no source info available)
V  [jvm.dll+0x8486c3]  (no source info available)
V  [jvm.dll+0x24d12f]  (no source info available)
V  [jvm.dll+0xaed56]  (no source info available)
V  [jvm.dll+0xaf3fc]  (no source info available)
V  [jvm.dll+0x37193e]  (no source info available)
V  [jvm.dll+0x1c0a39]  (no source info available)
V  [jvm.dll+0x21e190]  (no source info available)
V  [jvm.dll+0x21d482]  (no source info available)
V  [jvm.dll+0x1a8db6]  (no source info available)
V  [jvm.dll+0x22dcdb]  (no source info available)
V  [jvm.dll+0x22be66]  (no source info available)
V  [jvm.dll+0x7fc40b]  (no source info available)
V  [jvm.dll+0x7f67dc]  (no source info available)
V  [jvm.dll+0x68e6f7]  (no source info available)
C  [ucrtbase.dll+0x29363]  (no source info available)
C  [KERNEL32.DLL+0x1257d]  (no source info available)
C  [ntdll.dll+0x5aa78]  (no source info available)


---------------  P R O C E S S  ---------------

Threads class SMR info:
_java_thread_list=0x000002429b842e00, length=21, elements={
0x0000024230ae6ab0, 0x000002425380a840, 0x000002425380b5d0, 0x0000024253827310,
0x0000024253829cf0, 0x000002425382a5c0, 0x000002425382ae90, 0x000002425382bb40,
0x000002425382fa00, 0x000002425383a330, 0x0000024253d1a470, 0x0000024253d1b400,
0x000002429a25d1e0, 0x000002429c3261b0, 0x000002429992c050, 0x000002429b5f6b50,
0x000002429a305000, 0x000002429a305a20, 0x000002429a306950, 0x000002429a305f30,
0x000002429c58ff00
}

Java Threads: ( => current thread )
  0x0000024230ae6ab0 JavaThread "main" [_thread_blocked, id=1608, stack(0x00000098a6e00000,0x00000098a6f00000)]
  0x000002425380a840 JavaThread "Reference Handler" daemon [_thread_blocked, id=23132, stack(0x00000098a7500000,0x00000098a7600000)]
  0x000002425380b5d0 JavaThread "Finalizer" daemon [_thread_blocked, id=14136, stack(0x00000098a7600000,0x00000098a7700000)]
  0x0000024253827310 JavaThread "Signal Dispatcher" daemon [_thread_blocked, id=31112, stack(0x00000098a7700000,0x00000098a7800000)]
  0x0000024253829cf0 JavaThread "Attach Listener" daemon [_thread_blocked, id=36608, stack(0x00000098a7800000,0x00000098a7900000)]
  0x000002425382a5c0 JavaThread "Service Thread" daemon [_thread_blocked, id=19744, stack(0x00000098a7900000,0x00000098a7a00000)]
  0x000002425382ae90 JavaThread "Monitor Deflation Thread" daemon [_thread_blocked, id=1660, stack(0x00000098a7a00000,0x00000098a7b00000)]
  0x000002425382bb40 JavaThread "C2 CompilerThread0" daemon [_thread_in_vm, id=26688, stack(0x00000098a7b00000,0x00000098a7c00000)]
  0x000002425382fa00 JavaThread "C1 CompilerThread0" daemon [_thread_in_vm, id=28716, stack(0x00000098a7c00000,0x00000098a7d00000)]
  0x000002425383a330 JavaThread "Sweeper thread" daemon [_thread_in_vm, id=40792, stack(0x00000098a7d00000,0x00000098a7e00000)]
  0x0000024253d1a470 JavaThread "Notification Thread" daemon [_thread_blocked, id=34160, stack(0x00000098a7e00000,0x00000098a7f00000)]
  0x0000024253d1b400 JavaThread "Common-Cleaner" daemon [_thread_blocked, id=17948, stack(0x00000098a8000000,0x00000098a8100000)]
  0x000002429a25d1e0 JavaThread "ForkJoinPool.commonPool-worker-1" daemon [_thread_blocked, id=19300, stack(0x00000098a8c00000,0x00000098a8d00000)]
  0x000002429c3261b0 JavaThread "ForkJoinPool.commonPool-worker-2" daemon [_thread_blocked, id=33280, stack(0x00000098a8d00000,0x00000098a8e00000)]
  0x000002429992c050 JavaThread "ForkJoinPool.commonPool-worker-3" daemon [_thread_blocked, id=43252, stack(0x00000098a8e00000,0x00000098a8f00000)]
  0x000002429b5f6b50 JavaThread "com.ppos.ejtest.Main.main()" [_thread_in_Java, id=6776, stack(0x00000098a8f00000,0x00000098a9000000)]
  0x000002429a305000 JavaThread "HttpClient-1-SelectorManager" daemon [_thread_in_native, id=17692, stack(0x00000098a8100000,0x00000098a8200000)]
  0x000002429a305a20 JavaThread "HttpClient-1-Worker-0" daemon [_thread_blocked, id=21428, stack(0x00000098a9000000,0x00000098a9100000)]
  0x000002429a306950 JavaThread "HttpClient-1-Worker-1" daemon [_thread_blocked, id=9444, stack(0x00000098a9100000,0x00000098a9200000)]
  0x000002429a305f30 JavaThread "HttpClient-1-Worker-2" daemon [_thread_blocked, id=31292, stack(0x00000098a9200000,0x00000098a9300000)]
=>0x000002429c58ff00 JavaThread "C2 CompilerThread1" daemon [_thread_in_native, id=15992, stack(0x00000098a9300000,0x00000098a9400000)]

Other Threads:
  0x0000024253806280 VMThread "VM Thread" [stack: 0x00000098a7400000,0x00000098a7500000] [id=39448]
  0x0000024253d1a950 WatcherThread [stack: 0x00000098a7f00000,0x00000098a8000000] [id=27376]
  0x0000024230b51770 GCTaskThread "GC Thread#0" [stack: 0x00000098a6f00000,0x00000098a7000000] [id=16476]
  0x000002429962ef50 GCTaskThread "GC Thread#1" [stack: 0x00000098a8300000,0x00000098a8400000] [id=2908]
  0x000002429962de70 GCTaskThread "GC Thread#2" [stack: 0x00000098a8400000,0x00000098a8500000] [id=15208]
  0x000002429962ec80 GCTaskThread "GC Thread#3" [stack: 0x00000098a8500000,0x00000098a8600000] [id=39284]
  0x000002429962e6e0 GCTaskThread "GC Thread#4" [stack: 0x00000098a8600000,0x00000098a8700000] [id=5696]
  0x000002429962d8d0 GCTaskThread "GC Thread#5" [stack: 0x00000098a8700000,0x00000098a8800000] [id=34464]
  0x000002429962e140 GCTaskThread "GC Thread#6" [stack: 0x00000098a8800000,0x00000098a8900000] [id=36832]
  0x000002429962f220 GCTaskThread "GC Thread#7" [stack: 0x00000098a8900000,0x00000098a8a00000] [id=20072]
  0x0000024230b62470 ConcurrentGCThread "G1 Main Marker" [stack: 0x00000098a7000000,0x00000098a7100000] [id=37304]
  0x0000024230b63540 ConcurrentGCThread "G1 Conc#0" [stack: 0x00000098a7100000,0x00000098a7200000] [id=30468]
  0x000002429a508770 ConcurrentGCThread "G1 Conc#1" [stack: 0x00000098a8a00000,0x00000098a8b00000] [id=36584]
  0x0000024230b9e360 ConcurrentGCThread "G1 Refine#0" [stack: 0x00000098a7200000,0x00000098a7300000] [id=27948]
  0x000002429a41c8d0 ConcurrentGCThread "G1 Refine#1" [stack: 0x00000098a8b00000,0x00000098a8c00000] [id=20140]
  0x000002429ae80440 ConcurrentGCThread "G1 Refine#2" [stack: 0x00000098a9400000,0x00000098a9500000] [id=41828]
  0x000002429ae7fb40 ConcurrentGCThread "G1 Refine#3" [stack: 0x00000098a9500000,0x00000098a9600000] [id=31736]
  0x000002429ae7f840 ConcurrentGCThread "G1 Refine#4" [stack: 0x00000098a9600000,0x00000098a9700000] [id=42464]
  0x0000024253740f50 ConcurrentGCThread "G1 Service" [stack: 0x00000098a7300000,0x00000098a7400000] [id=3716]

Threads with active compile tasks:
C2 CompilerThread0  24684 10500   !   4       com.oracle.truffle.api.impl.DefaultCallTarget::callDirectOrIndirect (99 bytes)
C1 CompilerThread0  24684 10486       3       com.oracle.truffle.regex.charset.SortedListOfRanges::getMax (38 bytes)
C2 CompilerThread1  24684 10014   !   4       java.net.URLClassLoader::defineClass (224 bytes)

VM state: not at safepoint (normal execution)

VM Mutex/Monitor currently owned by a thread:  ([mutex/lock_event])
[0x0000024230ae2480] CodeCache_lock - owner thread: 0x0000000000000000
[0x0000024230ae5ab0] Compile_lock - owner thread: 0x000002425382fa00
[0x0000024230ae51b0] MethodCompileQueue_lock - owner thread: 0x0000000000000000

Heap address: 0x0000000701600000, size: 4074 MB, Compressed Oops mode: Zero based, Oop shift amount: 3

CDS archive(s) mapped at: [0x0000024254000000-0x0000024254bb0000-0x0000024254bb0000), size 12255232, SharedBaseAddress: 0x0000024254000000, ArchiveRelocationMode: 1.
Compressed class space mapped at: 0x0000024255000000-0x0000024295000000, reserved size: 1073741824
Narrow klass base: 0x0000024254000000, Narrow klass shift: 0, Narrow klass range: 0x100000000

GC Precious Log:
 CPUs: 8 total, 8 available
 Memory: 16291M
 Large Page Support: Disabled
 NUMA Support: Disabled
 Compressed Oops: Enabled (Zero based)
 Heap Region Size: 2M
 Heap Min Capacity: 8M
 Heap Initial Capacity: 256M
 Heap Max Capacity: 4074M
 Pre-touch: Disabled
 Parallel Workers: 8
 Concurrent Workers: 2
 Concurrent Refinement Workers: 8
 Periodic GC: Disabled

Heap:
 garbage-first heap   total 110592K, used 64739K [0x0000000701600000, 0x0000000800000000)
  region size 2048K, 10 young (20480K), 1 survivors (2048K)
 Metaspace       used 64876K, committed 65344K, reserved 1114112K
  class space    used 7281K, committed 7488K, reserved 1048576K

Heap Regions: E=young(eden), S=young(survivor), O=old, HS=humongous(starts), HC=humongous(continues), CS=collection set, F=free, OA=open archive, CA=closed archive, TAMS=top-at-mark-start (previous, next)
|   0|0x0000000701600000, 0x0000000701800000, 0x0000000701800000|100%| O|  |TAMS 0x0000000701800000, 0x0000000701600000| Untracked 
|   1|0x0000000701800000, 0x0000000701a00000, 0x0000000701a00000|100%| O|  |TAMS 0x0000000701800000, 0x0000000701800000| Untracked 
|   2|0x0000000701a00000, 0x0000000701c00000, 0x0000000701c00000|100%| O|  |TAMS 0x0000000701c00000, 0x0000000701a00000| Untracked 
|   3|0x0000000701c00000, 0x0000000701e00000, 0x0000000701e00000|100%| O|  |TAMS 0x0000000701e00000, 0x0000000701c00000| Untracked 
|   4|0x0000000701e00000, 0x0000000702000000, 0x0000000702000000|100%| O|  |TAMS 0x0000000702000000, 0x0000000701e00000| Untracked 
|   5|0x0000000702000000, 0x0000000702200000, 0x0000000702200000|100%| O|  |TAMS 0x0000000702000000, 0x0000000702000000| Untracked 
|   6|0x0000000702200000, 0x0000000702400000, 0x0000000702400000|100%| O|  |TAMS 0x0000000702200000, 0x0000000702200000| Untracked 
|   7|0x0000000702400000, 0x0000000702600000, 0x0000000702600000|100%| O|  |TAMS 0x0000000702600000, 0x0000000702400000| Untracked 
|   8|0x0000000702600000, 0x0000000702800000, 0x0000000702800000|100%| O|  |TAMS 0x0000000702600000, 0x0000000702600000| Untracked 
|   9|0x0000000702800000, 0x0000000702800000, 0x0000000702a00000|  0%| F|  |TAMS 0x0000000702800000, 0x0000000702800000| Untracked 
|  10|0x0000000702a00000, 0x0000000702c00000, 0x0000000702c00000|100%| O|  |TAMS 0x0000000702c00000, 0x0000000702a00000| Untracked 
|  11|0x0000000702c00000, 0x0000000702e00000, 0x0000000702e00000|100%| O|  |TAMS 0x0000000702c00000, 0x0000000702c00000| Untracked 
|  12|0x0000000702e00000, 0x0000000702e00000, 0x0000000703000000|  0%| F|  |TAMS 0x0000000702e00000, 0x0000000702e00000| Untracked 
|  13|0x0000000703000000, 0x0000000703200000, 0x0000000703200000|100%| O|  |TAMS 0x0000000703200000, 0x0000000703000000| Untracked 
|  14|0x0000000703200000, 0x0000000703400000, 0x0000000703400000|100%| O|  |TAMS 0x0000000703400000, 0x0000000703200000| Untracked 
|  15|0x0000000703400000, 0x0000000703600000, 0x0000000703600000|100%| O|  |TAMS 0x0000000703600000, 0x0000000703400000| Untracked 
|  16|0x0000000703600000, 0x0000000703800000, 0x0000000703800000|100%| O|  |TAMS 0x0000000703800000, 0x0000000703600000| Untracked 
|  17|0x0000000703800000, 0x0000000703a00000, 0x0000000703a00000|100%| O|  |TAMS 0x0000000703a00000, 0x0000000703800000| Untracked 
|  18|0x0000000703a00000, 0x0000000703a00000, 0x0000000703c00000|  0%| F|  |TAMS 0x0000000703a00000, 0x0000000703a00000| Untracked 
|  19|0x0000000703c00000, 0x0000000703e00000, 0x0000000703e00000|100%| O|  |TAMS 0x0000000703c00000, 0x0000000703c00000| Untracked 
|  20|0x0000000703e00000, 0x0000000703ec7200, 0x0000000704000000| 38%| O|  |TAMS 0x0000000703e00000, 0x0000000703e00000| Untracked 
|  21|0x0000000704000000, 0x0000000704200000, 0x0000000704200000|100%| O|  |TAMS 0x0000000704200000, 0x0000000704000000| Untracked 
|  22|0x0000000704200000, 0x0000000704200000, 0x0000000704400000|  0%| F|  |TAMS 0x0000000704200000, 0x0000000704200000| Untracked 
|  23|0x0000000704400000, 0x0000000704400000, 0x0000000704600000|  0%| F|  |TAMS 0x0000000704400000, 0x0000000704400000| Untracked 
|  24|0x0000000704600000, 0x0000000704600000, 0x0000000704800000|  0%| F|  |TAMS 0x0000000704600000, 0x0000000704600000| Untracked 
|  25|0x0000000704800000, 0x0000000704800000, 0x0000000704a00000|  0%| F|  |TAMS 0x0000000704800000, 0x0000000704800000| Untracked 
|  26|0x0000000704a00000, 0x0000000704c00000, 0x0000000704c00000|100%|HS|  |TAMS 0x0000000704c00000, 0x0000000704a00000| Complete 
|  27|0x0000000704c00000, 0x0000000704e00000, 0x0000000704e00000|100%|HC|  |TAMS 0x0000000704e00000, 0x0000000704c00000| Complete 
|  28|0x0000000704e00000, 0x0000000705000000, 0x0000000705000000|100%|HS|  |TAMS 0x0000000705000000, 0x0000000704e00000| Untracked 
|  29|0x0000000705000000, 0x0000000705200000, 0x0000000705200000|100%|HC|  |TAMS 0x0000000705200000, 0x0000000705000000| Untracked 
|  30|0x0000000705200000, 0x0000000705400000, 0x0000000705400000|100%| O|  |TAMS 0x0000000705400000, 0x0000000705200000| Untracked 
|  31|0x0000000705400000, 0x0000000705600000, 0x0000000705600000|100%| O|  |TAMS 0x00000007055e6800, 0x0000000705400000| Untracked 
|  32|0x0000000705600000, 0x0000000705600000, 0x0000000705800000|  0%| F|  |TAMS 0x0000000705600000, 0x0000000705600000| Untracked 
|  33|0x0000000705800000, 0x0000000705800000, 0x0000000705a00000|  0%| F|  |TAMS 0x0000000705800000, 0x0000000705800000| Untracked 
|  34|0x0000000705a00000, 0x0000000705a00000, 0x0000000705c00000|  0%| F|  |TAMS 0x0000000705a00000, 0x0000000705a00000| Untracked 
|  35|0x0000000705c00000, 0x0000000705c00000, 0x0000000705e00000|  0%| F|  |TAMS 0x0000000705c00000, 0x0000000705c00000| Untracked 
|  36|0x0000000705e00000, 0x0000000705e00000, 0x0000000706000000|  0%| F|  |TAMS 0x0000000705e00000, 0x0000000705e00000| Untracked 
|  37|0x0000000706000000, 0x0000000706000000, 0x0000000706200000|  0%| F|  |TAMS 0x0000000706000000, 0x0000000706000000| Untracked 
|  38|0x0000000706200000, 0x0000000706200000, 0x0000000706400000|  0%| F|  |TAMS 0x0000000706200000, 0x0000000706200000| Untracked 
|  39|0x0000000706400000, 0x0000000706400000, 0x0000000706600000|  0%| F|  |TAMS 0x0000000706400000, 0x0000000706400000| Untracked 
|  40|0x0000000706600000, 0x0000000706600000, 0x0000000706800000|  0%| F|  |TAMS 0x0000000706600000, 0x0000000706600000| Untracked 
|  41|0x0000000706800000, 0x0000000706800000, 0x0000000706a00000|  0%| F|  |TAMS 0x0000000706800000, 0x0000000706800000| Untracked 
|  42|0x0000000706a00000, 0x0000000706a00000, 0x0000000706c00000|  0%| F|  |TAMS 0x0000000706a00000, 0x0000000706a00000| Untracked 
|  43|0x0000000706c00000, 0x0000000706c00000, 0x0000000706e00000|  0%| F|  |TAMS 0x0000000706c00000, 0x0000000706c00000| Untracked 
|  44|0x0000000706e00000, 0x0000000706fb53f8, 0x0000000707000000| 85%| E|  |TAMS 0x0000000706e00000, 0x0000000706e00000| Complete 
|  45|0x0000000707000000, 0x0000000707200000, 0x0000000707200000|100%| E|CS|TAMS 0x0000000707000000, 0x0000000707000000| Complete 
|  46|0x0000000707200000, 0x0000000707400000, 0x0000000707400000|100%| E|CS|TAMS 0x0000000707200000, 0x0000000707200000| Complete 
|  47|0x0000000707400000, 0x0000000707600000, 0x0000000707600000|100%| E|CS|TAMS 0x0000000707400000, 0x0000000707400000| Complete 
|  48|0x0000000707600000, 0x0000000707800000, 0x0000000707800000|100%| E|CS|TAMS 0x0000000707600000, 0x0000000707600000| Complete 
|  49|0x0000000707800000, 0x0000000707a00000, 0x0000000707a00000|100%| E|  |TAMS 0x0000000707800000, 0x0000000707800000| Complete 
|  50|0x0000000707a00000, 0x0000000707c00000, 0x0000000707c00000|100%| E|CS|TAMS 0x0000000707a00000, 0x0000000707a00000| Complete 
|  51|0x0000000707c00000, 0x0000000707e00000, 0x0000000707e00000|100%| E|CS|TAMS 0x0000000707c00000, 0x0000000707c00000| Complete 
|  52|0x0000000707e00000, 0x0000000707e71d80, 0x0000000708000000| 22%| S|CS|TAMS 0x0000000707e00000, 0x0000000707e00000| Complete 
| 127|0x0000000711400000, 0x0000000711600000, 0x0000000711600000|100%| E|CS|TAMS 0x0000000711400000, 0x0000000711400000| Complete 

Card table byte_map: [0x00000242481c0000,0x00000242489c0000] _byte_map_base: 0x00000242449b5000

Marking Bits (Prev, Next): (CMBitMap*) 0x0000024230b51cf0, (CMBitMap*) 0x0000024230b51cb0
 Prev Bits: [0x000002424d170000, 0x0000024251118000)
 Next Bits: [0x00000242491c0000, 0x000002424d168000)

Polling page: 0x00000242302a0000

Metaspace:

Usage:
  Non-class:     56.25 MB used.
      Class:      7.11 MB used.
       Both:     63.36 MB used.

Virtual space:
  Non-class space:       64.00 MB reserved,      56.50 MB ( 88%) committed,  1 nodes.
      Class space:        1.00 GB reserved,       7.31 MB ( <1%) committed,  1 nodes.
             Both:        1.06 GB reserved,      63.81 MB (  6%) committed. 

Chunk freelists:
   Non-Class:  6.98 MB
       Class:  8.62 MB
        Both:  15.61 MB

MaxMetaspaceSize: unlimited
CompressedClassSpaceSize: 1.00 GB
Initial GC threshold: 21.00 MB
Current GC threshold: 96.38 MB
CDS: on
MetaspaceReclaimPolicy: balanced
 - commit_granule_bytes: 65536.
 - commit_granule_words: 8192.
 - virtual_space_node_default_size: 8388608.
 - enlarge_chunks_in_place: 1.
 - new_chunks_are_fully_committed: 0.
 - uncommit_free_chunks: 1.
 - use_allocation_guard: 0.
 - handle_deallocations: 1.


Internal statistics:

num_allocs_failed_limit: 6.
num_arena_births: 396.
num_arena_deaths: 0.
num_vsnodes_births: 2.
num_vsnodes_deaths: 0.
num_space_committed: 1021.
num_space_uncommitted: 0.
num_chunks_returned_to_freelist: 6.
num_chunks_taken_from_freelist: 2624.
num_chunk_merges: 6.
num_chunk_splits: 1996.
num_chunks_enlarged: 1666.
num_inconsistent_stats: 0.

CodeHeap 'non-profiled nmethods': size=120000Kb used=4742Kb max_used=5113Kb free=115257Kb
 bounds [0x0000024240150000, 0x0000024240650000, 0x0000024247680000]
CodeHeap 'profiled nmethods': size=120000Kb used=18824Kb max_used=19761Kb free=101175Kb
 bounds [0x0000024238680000, 0x00000242399f0000, 0x000002423fbb0000]
CodeHeap 'non-nmethods': size=5760Kb used=1454Kb max_used=1513Kb free=4305Kb
 bounds [0x000002423fbb0000, 0x000002423fe20000, 0x0000024240150000]
 total_blobs=9963 nmethods=9144 adapters=731
 compilation: enabled
              stopped_count=0, restarted_count=0
 full_count=0

Compilation events (20 events):
Event: 24.660 Thread 0x000002425382fa00 nmethod 10447 0x00000242399c7d90 code [0x00000242399c7fa0, 0x00000242399c85e8]
Event: 24.660 Thread 0x000002425382fa00 10449       3       com.oracle.truffle.regex.tregex.nodes.dfa.TRegexDFAExecutorNode::isSearching (8 bytes)
Event: 24.660 Thread 0x000002425382fa00 nmethod 10449 0x00000242399c8810 code [0x00000242399c89a0, 0x00000242399c8ad8]
Event: 24.660 Thread 0x000002425382fa00 10450       3       com.oracle.truffle.regex.tregex.nodes.dfa.TRegexDFAExecutorNode::initNextIndex (27 bytes)
Event: 24.661 Thread 0x000002425382fa00 nmethod 10450 0x00000242399c8b90 code [0x00000242399c8da0, 0x00000242399c93c8]
Event: 24.661 Thread 0x000002425382fa00 10452       3       com.oracle.truffle.regex.tregex.nodes.dfa.TRegexDFAExecutorNode::match (22 bytes)
Event: 24.661 Thread 0x000002425382fa00 nmethod 10452 0x00000242399c9590 code [0x00000242399c9740, 0x00000242399c99a8]
Event: 24.661 Thread 0x000002425382fa00 10451       3       com.oracle.truffle.regex.tregex.nodes.dfa.TRegexDFAExecutorNode::transitionNoMatch (23 bytes)
Event: 24.661 Thread 0x000002425382fa00 nmethod 10451 0x0000024238986990 code [0x0000024238986b40, 0x0000024238986eb8]
Event: 24.661 Thread 0x000002425382fa00 10448       3       com.oracle.truffle.js.nodes.function.JSFunctionCallNode::isNewTarget (12 bytes)
Event: 24.661 Thread 0x000002425382fa00 nmethod 10448 0x0000024238986610 code [0x00000242389867a0, 0x00000242389868d8]
Event: 24.661 Thread 0x000002425382fa00 10453       3       com.oracle.truffle.js.runtime.array.dyn.AbstractConstantEmptyArray::notifyAllocationSite (34 bytes)
Event: 24.661 Thread 0x000002425382fa00 nmethod 10453 0x00000242399c9b10 code [0x00000242399c9ca0, 0x00000242399c9db8]
Event: 24.661 Thread 0x000002425382fa00 10454       3       com.oracle.truffle.regex.tregex.nodes.dfa.DFAStateNode::atEnd (94 bytes)
Event: 24.662 Thread 0x000002425382fa00 nmethod 10454 0x00000242399c9e90 code [0x00000242399ca100, 0x00000242399cb0b8]
Event: 24.662 Thread 0x000002425382fa00 10455       3       com.oracle.truffle.regex.tregex.nodes.dfa.DFAStateNode::isAnchoredFinalState (6 bytes)
Event: 24.662 Thread 0x000002425382fa00 nmethod 10455 0x00000242399cb410 code [0x00000242399cb5c0, 0x00000242399cb798]
Event: 24.662 Thread 0x000002425382fa00 10456       3       com.oracle.truffle.js.builtins.RegExpPrototypeBuiltins$RegExpPrototypeSymbolOperation::regexExecIntl (38 bytes)
Event: 24.662 Thread 0x000002425382fa00 nmethod 10456 0x00000242399cb890 code [0x00000242399cbac0, 0x00000242399cc1a8]
Event: 24.662 Thread 0x000002425382fa00 10457       3       com.oracle.truffle.regex.tregex.nodes.dfa.TRegexDFAExecutorNode::execute (2837 bytes)

GC Heap History (20 events):
Event: 6.891 GC heap before
{Heap before GC invocations=10 (full 0):
 garbage-first heap   total 96256K, used 45948K [0x0000000701600000, 0x0000000800000000)
  region size 2048K, 11 young (22528K), 4 survivors (8192K)
 Metaspace       used 42103K, committed 42496K, reserved 1114112K
  class space    used 4781K, committed 4992K, reserved 1048576K
}
Event: 6.898 GC heap after
{Heap after GC invocations=11 (full 0):
 garbage-first heap   total 96256K, used 35176K [0x0000000701600000, 0x0000000800000000)
  region size 2048K, 1 young (2048K), 1 survivors (2048K)
 Metaspace       used 42103K, committed 42496K, reserved 1114112K
  class space    used 4781K, committed 4992K, reserved 1048576K
}
Event: 7.739 GC heap before
{Heap before GC invocations=12 (full 0):
 garbage-first heap   total 96256K, used 65896K [0x0000000701600000, 0x0000000800000000)
  region size 2048K, 17 young (34816K), 1 survivors (2048K)
 Metaspace       used 52925K, committed 53312K, reserved 1114112K
  class space    used 6087K, committed 6272K, reserved 1048576K
}
Event: 7.743 GC heap after
{Heap after GC invocations=13 (full 0):
 garbage-first heap   total 96256K, used 37518K [0x0000000701600000, 0x0000000800000000)
  region size 2048K, 2 young (4096K), 2 survivors (4096K)
 Metaspace       used 52925K, committed 53312K, reserved 1114112K
  class space    used 6087K, committed 6272K, reserved 1048576K
}
Event: 7.800 GC heap before
{Heap before GC invocations=13 (full 0):
 garbage-first heap   total 96256K, used 39566K [0x0000000701600000, 0x0000000800000000)
  region size 2048K, 3 young (6144K), 2 survivors (4096K)
 Metaspace       used 53302K, committed 53696K, reserved 1114112K
  class space    used 6114K, committed 6272K, reserved 1048576K
}
Event: 7.807 GC heap after
{Heap after GC invocations=14 (full 0):
 garbage-first heap   total 96256K, used 35239K [0x0000000701600000, 0x0000000800000000)
  region size 2048K, 1 young (2048K), 1 survivors (2048K)
 Metaspace       used 53302K, committed 53696K, reserved 1114112K
  class space    used 6114K, committed 6272K, reserved 1048576K
}
Event: 16.329 GC heap before
{Heap before GC invocations=14 (full 0):
 garbage-first heap   total 96256K, used 65959K [0x0000000701600000, 0x0000000800000000)
  region size 2048K, 13 young (26624K), 1 survivors (2048K)
 Metaspace       used 58069K, committed 58496K, reserved 1114112K
  class space    used 6655K, committed 6848K, reserved 1048576K
}
Event: 16.333 GC heap after
{Heap after GC invocations=15 (full 0):
 garbage-first heap   total 96256K, used 45477K [0x0000000701600000, 0x0000000800000000)
  region size 2048K, 3 young (6144K), 3 survivors (6144K)
 Metaspace       used 58069K, committed 58496K, reserved 1114112K
  class space    used 6655K, committed 6848K, reserved 1048576K
}
Event: 16.417 GC heap before
{Heap before GC invocations=15 (full 0):
 garbage-first heap   total 96256K, used 53669K [0x0000000701600000, 0x0000000800000000)
  region size 2048K, 7 young (14336K), 3 survivors (6144K)
 Metaspace       used 58232K, committed 58688K, reserved 1114112K
  class space    used 6655K, committed 6848K, reserved 1048576K
}
Event: 16.422 GC heap after
{Heap after GC invocations=16 (full 0):
 garbage-first heap   total 96256K, used 47768K [0x0000000701600000, 0x0000000800000000)
  region size 2048K, 2 young (4096K), 2 survivors (4096K)
 Metaspace       used 58232K, committed 58688K, reserved 1114112K
  class space    used 6655K, committed 6848K, reserved 1048576K
}
Event: 23.563 GC heap before
{Heap before GC invocations=17 (full 0):
 garbage-first heap   total 110592K, used 86680K [0x0000000701600000, 0x0000000800000000)
  region size 2048K, 10 young (20480K), 2 survivors (4096K)
 Metaspace       used 58364K, committed 58816K, reserved 1114112K
  class space    used 6662K, committed 6848K, reserved 1048576K
}
Event: 23.568 GC heap after
{Heap after GC invocations=18 (full 0):
 garbage-first heap   total 110592K, used 62576K [0x0000000701600000, 0x0000000800000000)
  region size 2048K, 2 young (4096K), 2 survivors (4096K)
 Metaspace       used 58364K, committed 58816K, reserved 1114112K
  class space    used 6662K, committed 6848K, reserved 1048576K
}
Event: 23.657 GC heap before
{Heap before GC invocations=18 (full 0):
 garbage-first heap   total 110592K, used 76912K [0x0000000701600000, 0x0000000800000000)
  region size 2048K, 3 young (6144K), 2 survivors (4096K)
 Metaspace       used 58711K, committed 59136K, reserved 1114112K
  class space    used 6691K, committed 6848K, reserved 1048576K
}
Event: 23.662 GC heap after
{Heap after GC invocations=19 (full 0):
 garbage-first heap   total 110592K, used 53761K [0x0000000701600000, 0x0000000800000000)
  region size 2048K, 1 young (2048K), 1 survivors (2048K)
 Metaspace       used 58711K, committed 59136K, reserved 1114112K
  class space    used 6691K, committed 6848K, reserved 1048576K
}
Event: 23.822 GC heap before
{Heap before GC invocations=19 (full 0):
 garbage-first heap   total 110592K, used 72192K [0x0000000701600000, 0x0000000800000000)
  region size 2048K, 10 young (20480K), 1 survivors (2048K)
 Metaspace       used 58778K, committed 59200K, reserved 1114112K
  class space    used 6691K, committed 6848K, reserved 1048576K
}
Event: 23.824 GC heap after
{Heap after GC invocations=20 (full 0):
 garbage-first heap   total 110592K, used 58044K [0x0000000701600000, 0x0000000800000000)
  region size 2048K, 2 young (4096K), 2 survivors (4096K)
 Metaspace       used 58778K, committed 59200K, reserved 1114112K
  class space    used 6691K, committed 6848K, reserved 1048576K
}
Event: 24.204 GC heap before
{Heap before GC invocations=21 (full 0):
 garbage-first heap   total 110592K, used 70332K [0x0000000701600000, 0x0000000800000000)
  region size 2048K, 10 young (20480K), 2 survivors (4096K)
 Metaspace       used 61344K, committed 61824K, reserved 1114112K
  class space    used 6965K, committed 7232K, reserved 1048576K
}
Event: 24.209 GC heap after
{Heap after GC invocations=22 (full 0):
 garbage-first heap   total 110592K, used 56926K [0x0000000701600000, 0x0000000800000000)
  region size 2048K, 2 young (4096K), 2 survivors (4096K)
 Metaspace       used 61344K, committed 61824K, reserved 1114112K
  class space    used 6965K, committed 7232K, reserved 1048576K
}
Event: 24.277 GC heap before
{Heap before GC invocations=22 (full 0):
 garbage-first heap   total 110592K, used 58974K [0x0000000701600000, 0x0000000800000000)
  region size 2048K, 3 young (6144K), 2 survivors (4096K)
 Metaspace       used 61927K, committed 62336K, reserved 1114112K
  class space    used 7015K, committed 7232K, reserved 1048576K
}
Event: 24.282 GC heap after
{Heap after GC invocations=23 (full 0):
 garbage-first heap   total 110592K, used 50403K [0x0000000701600000, 0x0000000800000000)
  region size 2048K, 1 young (2048K), 1 survivors (2048K)
 Metaspace       used 61927K, committed 62336K, reserved 1114112K
  class space    used 7015K, committed 7232K, reserved 1048576K
}

Dll operation events (10 events):
Event: 0.006 Loaded shared library C:\Users\Administrator\.jdks\ms-17.0.20\bin\java.dll
Event: 0.021 Loaded shared library C:\Users\Administrator\.jdks\ms-17.0.20\bin\jsvml.dll
Event: 0.050 Loaded shared library C:\Users\Administrator\.jdks\ms-17.0.20\bin\net.dll
Event: 0.051 Loaded shared library C:\Users\Administrator\.jdks\ms-17.0.20\bin\nio.dll
Event: 0.054 Loaded shared library C:\Users\Administrator\.jdks\ms-17.0.20\bin\zip.dll
Event: 0.142 Loaded shared library D:\dev-tools\apache-maven-3.9.9\lib\jansi-native\Windows\x86_64\jansi.dll
Event: 0.142 Loaded shared library C:\Users\Administrator\.jdks\ms-17.0.20\bin\jimage.dll
Event: 0.151 Loaded shared library C:\Users\Administrator\.jdks\ms-17.0.20\bin\verify.dll
Event: 5.290 Loaded shared library C:\Users\Administrator\.jdks\ms-17.0.20\bin\sunmscapi.dll
Event: 5.627 Loaded shared library C:\Users\Administrator\.jdks\ms-17.0.20\bin\extnet.dll

Deoptimization events (20 events):
Event: 24.581 Thread 0x000002429b5f6b50 DEOPT PACKING pc=0x000002423975cb5c sp=0x00000098a8ffb020
Event: 24.581 Thread 0x000002429b5f6b50 DEOPT UNPACKING pc=0x000002423fc07143 sp=0x00000098a8ffa4f8 mode 0
Event: 24.581 Thread 0x000002429b5f6b50 DEOPT PACKING pc=0x000002423975cb5c sp=0x00000098a8ffb760
Event: 24.581 Thread 0x000002429b5f6b50 DEOPT UNPACKING pc=0x000002423fc07143 sp=0x00000098a8ffac48 mode 0
Event: 24.581 Thread 0x000002429b5f6b50 DEOPT PACKING pc=0x000002423975cb5c sp=0x00000098a8ffbf40
Event: 24.581 Thread 0x000002429b5f6b50 DEOPT UNPACKING pc=0x000002423fc07143 sp=0x00000098a8ffb418 mode 0
Event: 24.581 Thread 0x000002429b5f6b50 DEOPT PACKING pc=0x000002423975cb5c sp=0x00000098a8ffc9d0
Event: 24.581 Thread 0x000002429b5f6b50 DEOPT UNPACKING pc=0x000002423fc07143 sp=0x00000098a8ffbea8 mode 0
Event: 24.582 Thread 0x000002429b5f6b50 Uncommon trap: trap_request=0xffffffde fr.pc=0x000002424057ae98 relative=0x00000000000005f8
Event: 24.582 Thread 0x000002429b5f6b50 Uncommon trap: reason=class_check action=maybe_recompile pc=0x000002424057ae98 method=com.oracle.truffle.api.strings.TruffleString$ToIndexableNode$Uncached.execute(Lcom/oracle/truffle/api/strings/AbstractTruffleString;Ljava/lang/Object;)Ljava/lang/Object;
Event: 24.582 Thread 0x000002429b5f6b50 DEOPT PACKING pc=0x000002424057ae98 sp=0x00000098a8ffc3a0
Event: 24.582 Thread 0x000002429b5f6b50 DEOPT UNPACKING pc=0x000002423fc069a3 sp=0x00000098a8ffc0b8 mode 2
Event: 24.582 Thread 0x000002429b5f6b50 Uncommon trap: trap_request=0xffffffde fr.pc=0x0000024240503844 relative=0x0000000000000b64
Event: 24.582 Thread 0x000002429b5f6b50 Uncommon trap: reason=class_check action=maybe_recompile pc=0x0000024240503844 method=com.oracle.truffle.api.strings.TruffleString$ToIndexableNode$Uncached.execute(Lcom/oracle/truffle/api/strings/AbstractTruffleString;Ljava/lang/Object;)Ljava/lang/Object;
Event: 24.582 Thread 0x000002429b5f6b50 DEOPT PACKING pc=0x0000024240503844 sp=0x00000098a8ffc230
Event: 24.582 Thread 0x000002429b5f6b50 DEOPT UNPACKING pc=0x000002423fc069a3 sp=0x00000098a8ffc0c0 mode 2
Event: 24.627 Thread 0x000002429b5f6b50 Uncommon trap: trap_request=0xffffffde fr.pc=0x000002424056f660 relative=0x0000000000000300
Event: 24.627 Thread 0x000002429b5f6b50 Uncommon trap: reason=class_check action=maybe_recompile pc=0x000002424056f660 method=com.oracle.truffle.api.strings.TruffleString$ToIndexableNode$Uncached.execute(Lcom/oracle/truffle/api/strings/AbstractTruffleString;Ljava/lang/Object;)Ljava/lang/Object;
Event: 24.627 Thread 0x000002429b5f6b50 DEOPT PACKING pc=0x000002424056f660 sp=0x00000098a8ffc2e0
Event: 24.627 Thread 0x000002429b5f6b50 DEOPT UNPACKING pc=0x000002423fc069a3 sp=0x00000098a8ffc0b8 mode 2

Classes loaded (20 events):
Event: 24.310 Loading class java/util/concurrent/ConcurrentHashMap$TreeBin
Event: 24.310 Loading class java/util/concurrent/ConcurrentHashMap$TreeBin done
Event: 24.310 Loading class java/text/ParsePosition
Event: 24.310 Loading class java/text/ParsePosition done
Event: 24.397 Loading class java/text/MessageFormat$Field
Event: 24.397 Loading class java/text/MessageFormat$Field done
Event: 24.468 Loading class java/util/Collections$UnmodifiableSortedMap
Event: 24.468 Loading class java/util/Collections$UnmodifiableSortedMap done
Event: 24.509 Loading class sun/util/locale/UnicodeLocaleExtension
Event: 24.509 Loading class sun/util/locale/Extension
Event: 24.509 Loading class sun/util/locale/Extension done
Event: 24.509 Loading class sun/util/locale/UnicodeLocaleExtension done
Event: 24.515 Loading class java/math/MathContext
Event: 24.515 Loading class java/math/MathContext done
Event: 24.519 Loading class java/util/concurrent/atomic/AtomicLongFieldUpdater
Event: 24.520 Loading class java/util/concurrent/atomic/AtomicLongFieldUpdater done
Event: 24.520 Loading class java/util/concurrent/atomic/AtomicLongFieldUpdater$CASUpdater
Event: 24.520 Loading class java/util/concurrent/atomic/AtomicLongFieldUpdater$CASUpdater done
Event: 24.520 Loading class java/util/concurrent/atomic/AtomicLongFieldUpdater$CASUpdater$1
Event: 24.520 Loading class java/util/concurrent/atomic/AtomicLongFieldUpdater$CASUpdater$1 done

Classes unloaded (0 events):
No events

Classes redefined (0 events):
No events

Internal exceptions (20 events):
Event: 4.940 Thread 0x000002429b5f6b50 Implicit null exception at 0x000002424030a48c to 0x000002424030a53c
Event: 5.206 Thread 0x000002429b5f6b50 Exception <a 'java/lang/NoSuchMethodError'{0x0000000704b1ef68}: 'java.lang.Object java.lang.invoke.DirectMethodHandle$Holder.invokeStatic(java.lang.Object, java.lang.Object, int)'> (0x0000000704b1ef68) 
thrown [s\src\hotspot\share\interpreter\linkResolver.cpp, line 759]
Event: 5.206 Thread 0x000002429b5f6b50 Exception <a 'java/lang/NoSuchMethodError'{0x0000000704b223a0}: 'java.lang.Object java.lang.invoke.DirectMethodHandle$Holder.invokeStaticInit(java.lang.Object, java.lang.Object, int)'> (0x0000000704b223a0) 
thrown [s\src\hotspot\share\interpreter\linkResolver.cpp, line 759]
Event: 5.207 Thread 0x000002429b5f6b50 Exception <a 'java/lang/NoSuchMethodError'{0x0000000704b28350}: 'java.lang.Object java.lang.invoke.DirectMethodHandle$Holder.newInvokeSpecial(java.lang.Object, java.lang.Object, int)'> (0x0000000704b28350) 
thrown [s\src\hotspot\share\interpreter\linkResolver.cpp, line 759]
Event: 5.209 Thread 0x000002429b5f6b50 Exception <a 'java/lang/NoSuchMethodError'{0x0000000704b36fa0}: 'int java.lang.invoke.DirectMethodHandle$Holder.invokeStaticInit(java.lang.Object, java.lang.Object, java.lang.Object)'> (0x0000000704b36fa0) 
thrown [s\src\hotspot\share\interpreter\linkResolver.cpp, line 759]
Event: 5.215 Thread 0x000002429b5f6b50 Exception <a 'java/lang/NoSuchMethodError'{0x0000000704b4e0f8}: 'int java.lang.invoke.DirectMethodHandle$Holder.invokeSpecialIFC(java.lang.Object, java.lang.Object, java.lang.Object)'> (0x0000000704b4e0f8) 
thrown [s\src\hotspot\share\interpreter\linkResolver.cpp, line 759]
Event: 5.251 Thread 0x000002429b5f6b50 Exception <a 'java/lang/NoSuchMethodError'{0x0000000704b870c8}: 'long java.lang.invoke.DirectMethodHandle$Holder.invokeSpecial(java.lang.Object, java.lang.Object)'> (0x0000000704b870c8) 
thrown [s\src\hotspot\share\interpreter\linkResolver.cpp, line 759]
Event: 5.385 Thread 0x000002429b5f6b50 Exception <a 'sun/nio/fs/WindowsException'{0x000000070488e5e8}> (0x000000070488e5e8) 
thrown [s\src\hotspot\share\prims\jni.cpp, line 516]
Event: 5.402 Thread 0x000002429b5f6b50 Exception <a 'java/lang/NoSuchMethodError'{0x00000007048ae068}: 'int java.lang.invoke.DirectMethodHandle$Holder.invokeStaticInit(java.lang.Object, java.lang.Object, java.lang.Object, java.lang.Object)'> (0x00000007048ae068) 
thrown [s\src\hotspot\share\interpreter\linkResolver.cpp, line 759]
Event: 5.405 Thread 0x000002429b5f6b50 Exception <a 'java/lang/IncompatibleClassChangeError'{0x00000007048b7200}: Found class java.lang.Object, but interface was expected> (0x00000007048b7200) 
thrown [s\src\hotspot\share\interpreter\linkResolver.cpp, line 826]
Event: 5.551 Thread 0x000002429b5f6b50 Exception <a 'java/lang/NoSuchMethodError'{0x00000007045f2f10}: 'java.lang.Object java.lang.invoke.DirectMethodHandle$Holder.invokeStaticInit(java.lang.Object, java.lang.Object, int, int, int, int)'> (0x00000007045f2f10) 
thrown [s\src\hotspot\share\interpreter\linkResolver.cpp, line 759]
Event: 5.648 Thread 0x000002429b5f6b50 Exception <a 'java/lang/NoSuchMethodError'{0x000000070435ed50}: 'void java.lang.invoke.DirectMethodHandle$Holder.invokeStatic(java.lang.Object, java.lang.Object, java.lang.Object, java.lang.Object, java.lang.Object, java.lang.Object, java.lang.Object)'> (0x000000070435ed50) 
thrown [s\src\hotspot\share\interpreter\linkResolver.cpp, line 759]
Event: 5.673 Thread 0x000002429b5f6b50 Exception <a 'java/lang/NoSuchMethodError'{0x00000007043d24c0}: 'java.lang.Object java.lang.invoke.DirectMethodHandle$Holder.invokeSpecial(java.lang.Object, java.lang.Object, java.lang.Object, java.lang.Object, int)'> (0x00000007043d24c0) 
thrown [s\src\hotspot\share\interpreter\linkResolver.cpp, line 759]
Event: 5.673 Thread 0x000002429b5f6b50 Exception <a 'java/lang/NoSuchMethodError'{0x00000007043d6088}: 'java.lang.Object java.lang.invoke.Invokers$Holder.linkToTargetMethod(java.lang.Object, java.lang.Object, int, java.lang.Object)'> (0x00000007043d6088) 
thrown [s\src\hotspot\share\interpreter\linkResolver.cpp, line 759]
Event: 5.716 Thread 0x000002429a305000 Exception <a 'java/lang/NoSuchMethodError'{0x0000000704298750}: 'void java.lang.invoke.DirectMethodHandle$Holder.invokeStatic(java.lang.Object, java.lang.Object, int)'> (0x0000000704298750) 
thrown [s\src\hotspot\share\interpreter\linkResolver.cpp, line 759]
Event: 6.465 Thread 0x000002429a305a20 Exception <a 'java/lang/NoSuchMethodError'{0x00000007040f3830}: 'void java.lang.invoke.DirectMethodHandle$Holder.invokeStatic(java.lang.Object, java.lang.Object, java.lang.Object, java.lang.Object)'> (0x00000007040f3830) 
thrown [s\src\hotspot\share\interpreter\linkResolver.cpp, line 759]
Event: 6.496 Thread 0x000002429b5f6b50 Exception <a 'java/lang/NoSuchMethodError'{0x0000000703f63c28}: 'java.lang.Object java.lang.invoke.Invokers$Holder.linkToTargetMethod(java.lang.Object, long, java.lang.Object)'> (0x0000000703f63c28) 
thrown [s\src\hotspot\share\interpreter\linkResolver.cpp, line 759]
Event: 7.073 Thread 0x000002429b5f6b50 Exception <a 'java/lang/NoSuchMethodError'{0x0000000706a17008}: 'java.lang.Object java.lang.invoke.DirectMethodHandle$Holder.invokeStaticInit(java.lang.Object, java.lang.Object, java.lang.Object)'> (0x0000000706a17008) 
thrown [s\src\hotspot\share\interpreter\linkResolver.cpp, line 759]
Event: 8.453 Thread 0x000002429b5f6b50 Exception <a 'java/lang/NoSuchMethodError'{0x0000000706110668}: 'java.lang.Object java.lang.invoke.DirectMethodHandle$Holder.invokeStatic(java.lang.Object, java.lang.Object, int, java.lang.Object, java.lang.Object)'> (0x0000000706110668) 
thrown [s\src\hotspot\share\interpreter\linkResolver.cpp, line 759]
Event: 8.453 Thread 0x000002429b5f6b50 Exception <a 'java/lang/NoSuchMethodError'{0x0000000706114c00}: 'java.lang.Object java.lang.invoke.DirectMethodHandle$Holder.invokeStaticInit(java.lang.Object, java.lang.Object, int, java.lang.Object, java.lang.Object)'> (0x0000000706114c00) 
thrown [s\src\hotspot\share\interpreter\linkResolver.cpp, line 759]

VM Operations (20 events):
Event: 24.204 Executing VM operation: G1CollectForAllocation
Event: 24.209 Executing VM operation: G1CollectForAllocation done
Event: 24.210 Executing VM operation: HandshakeAllThreads
Event: 24.211 Executing VM operation: HandshakeAllThreads done
Event: 24.231 Executing VM operation: HandshakeAllThreads
Event: 24.231 Executing VM operation: HandshakeAllThreads done
Event: 24.277 Executing VM operation: G1CollectForAllocation
Event: 24.282 Executing VM operation: G1CollectForAllocation done
Event: 24.410 Executing VM operation: HandshakeAllThreads
Event: 24.410 Executing VM operation: HandshakeAllThreads done
Event: 24.469 Executing VM operation: HandshakeAllThreads
Event: 24.469 Executing VM operation: HandshakeAllThreads done
Event: 24.562 Executing VM operation: ICBufferFull
Event: 24.562 Executing VM operation: ICBufferFull done
Event: 24.630 Executing VM operation: ICBufferFull
Event: 24.630 Executing VM operation: ICBufferFull done
Event: 24.657 Executing VM operation: HandshakeAllThreads
Event: 24.657 Executing VM operation: HandshakeAllThreads done
Event: 24.657 Executing VM operation: HandshakeAllThreads
Event: 24.657 Executing VM operation: HandshakeAllThreads done

Memory protections (0 events):
No events

Nmethod flushes (20 events):
Event: 4.850 Thread 0x000002425383a330 flushing  nmethod 0x00000242390fa790
Event: 4.850 Thread 0x000002425383a330 flushing  nmethod 0x000002423910f210
Event: 4.850 Thread 0x000002425383a330 flushing  nmethod 0x0000024239117990
Event: 4.851 Thread 0x000002425383a330 flushing  nmethod 0x000002423913ba90
Event: 4.851 Thread 0x000002425383a330 flushing  nmethod 0x000002423914fa90
Event: 4.851 Thread 0x000002425383a330 flushing  nmethod 0x0000024239157690
Event: 4.851 Thread 0x000002425383a330 flushing  nmethod 0x0000024239164f90
Event: 4.851 Thread 0x000002425383a330 flushing  nmethod 0x0000024239167110
Event: 4.851 Thread 0x000002425383a330 flushing  nmethod 0x000002423916fb10
Event: 4.851 Thread 0x000002425383a330 flushing  nmethod 0x000002423918a490
Event: 4.851 Thread 0x000002425383a330 flushing  nmethod 0x00000242391aa890
Event: 4.851 Thread 0x000002425383a330 flushing  nmethod 0x00000242391ac190
Event: 4.851 Thread 0x000002425383a330 flushing  nmethod 0x00000242391b7a10
Event: 4.851 Thread 0x000002425383a330 flushing  nmethod 0x00000242391cdf10
Event: 4.851 Thread 0x000002425383a330 flushing  nmethod 0x00000242391d5990
Event: 4.851 Thread 0x000002425383a330 flushing  nmethod 0x00000242391f3d10
Event: 16.396 Thread 0x000002425383a330 flushing  nmethod 0x0000024239108010
Event: 24.658 Thread 0x000002425383a330 flushing  nmethod 0x00000242403bf590
Event: 24.661 Thread 0x000002425383a330 flushing  nmethod 0x0000024238986610
Event: 24.665 Thread 0x000002425383a330 flushing  nmethod 0x00000242390c4210

Events (20 events):
Event: 0.049 Thread 0x0000024230ae6ab0 Thread added: 0x0000024253d1b400
Event: 0.140 Thread 0x0000024230ae6ab0 Thread added: 0x0000024299082980
Event: 0.148 Thread 0x0000024299082980 Thread exited: 0x0000024299082980
Event: 0.298 Thread 0x000002425382fa00 Thread added: 0x00000242991aca10
Event: 0.560 Thread 0x000002425382fa00 Thread added: 0x00000242993572f0
Event: 4.931 Thread 0x0000024230ae6ab0 Thread added: 0x000002429a25d1e0
Event: 4.931 Thread 0x000002429a25d1e0 Thread added: 0x000002429c3261b0
Event: 4.932 Thread 0x000002429c3261b0 Thread added: 0x000002429992c050
Event: 4.934 Thread 0x0000024230ae6ab0 Thread added: 0x000002429b5f6b50
Event: 5.206 Thread 0x00000242993572f0 Thread exited: 0x00000242993572f0
Event: 5.615 Thread 0x00000242991aca10 Thread exited: 0x00000242991aca10
Event: 5.634 Thread 0x000002429b5f6b50 Thread added: 0x000002429a305000
Event: 5.719 Thread 0x000002429a305000 Thread added: 0x000002429a305a20
Event: 5.722 Thread 0x000002429a305000 Thread added: 0x000002429a306950
Event: 5.722 Thread 0x000002429a305000 Thread added: 0x000002429a305f30
Event: 7.288 Thread 0x000002425382fa00 Thread added: 0x000002429ba4b4e0
Event: 12.360 Thread 0x000002429ba4b4e0 Thread exited: 0x000002429ba4b4e0
Event: 16.363 Thread 0x000002425382fa00 Thread added: 0x000002429c6aa020
Event: 18.136 Thread 0x000002429c6aa020 Thread exited: 0x000002429c6aa020
Event: 23.506 Thread 0x000002425382fa00 Thread added: 0x000002429c58ff00


Dynamic libraries:
0x00007ff6f9500000 - 0x00007ff6f950e000 	C:\Users\Administrator\.jdks\ms-17.0.20\bin\java.exe
0x00007ffe46870000 - 0x00007ffe46a87000 	C:\Windows\SYSTEM32\ntdll.dll
0x00007ffe45eb0000 - 0x00007ffe45f74000 	C:\Windows\System32\KERNEL32.DLL
0x00007ffe43bf0000 - 0x00007ffe43f96000 	C:\Windows\System32\KERNELBASE.dll
0x00007ffe43fa0000 - 0x00007ffe440b1000 	C:\Windows\System32\ucrtbase.dll
0x00007ffe15200000 - 0x00007ffe1521e000 	C:\Users\Administrator\.jdks\ms-17.0.20\bin\VCRUNTIME140.dll
0x00007ffe155e0000 - 0x00007ffe155f8000 	C:\Users\Administrator\.jdks\ms-17.0.20\bin\jli.dll
0x00007ffe460e0000 - 0x00007ffe4628d000 	C:\Windows\System32\USER32.dll
0x00007ffe29810000 - 0x00007ffe29aa3000 	C:\Windows\WinSxS\amd64_microsoft.windows.common-controls_6595b64144ccf1df_6.0.22621.2361_none_2712ced57382f843\COMCTL32.dll
0x00007ffe44180000 - 0x00007ffe441a6000 	C:\Windows\System32\win32u.dll
0x00007ffe466b0000 - 0x00007ffe46757000 	C:\Windows\System32\msvcrt.dll
0x00007ffe460a0000 - 0x00007ffe460c9000 	C:\Windows\System32\GDI32.dll
0x00007ffe44250000 - 0x00007ffe44368000 	C:\Windows\System32\gdi32full.dll
0x00007ffe441b0000 - 0x00007ffe4424a000 	C:\Windows\System32\msvcp_win.dll
0x00007ffe45e70000 - 0x00007ffe45ea1000 	C:\Windows\System32\IMM32.DLL
0x00007ffe1aaf0000 - 0x00007ffe1aafc000 	C:\Users\Administrator\.jdks\ms-17.0.20\bin\vcruntime140_1.dll
0x00007ffdffec0000 - 0x00007ffdfff49000 	C:\Users\Administrator\.jdks\ms-17.0.20\bin\msvcp140.dll
0x00007ffda21e0000 - 0x00007ffda2e5b000 	C:\Users\Administrator\.jdks\ms-17.0.20\bin\server\jvm.dll
0x00007ffe44ac0000 - 0x00007ffe44b70000 	C:\Windows\System32\ADVAPI32.dll
0x00007ffe445d0000 - 0x00007ffe44676000 	C:\Windows\System32\sechost.dll
0x00007ffe45f80000 - 0x00007ffe46097000 	C:\Windows\System32\RPCRT4.dll
0x00007ffe44810000 - 0x00007ffe44881000 	C:\Windows\System32\WS2_32.dll
0x00007ffe43300000 - 0x00007ffe4334d000 	C:\Windows\SYSTEM32\POWRPROF.dll
0x00007ffe3ca40000 - 0x00007ffe3ca74000 	C:\Windows\SYSTEM32\WINMM.dll
0x00007ffe38dc0000 - 0x00007ffe38dca000 	C:\Windows\SYSTEM32\VERSION.dll
0x00007ffe432e0000 - 0x00007ffe432f3000 	C:\Windows\SYSTEM32\UMPDC.dll
0x00007ffe42b90000 - 0x00007ffe42ba8000 	C:\Windows\SYSTEM32\kernel.appcore.dll
0x00007ffe1a290000 - 0x00007ffe1a29a000 	C:\Users\Administrator\.jdks\ms-17.0.20\bin\jimage.dll
0x00007ffe367a0000 - 0x00007ffe369ce000 	C:\Windows\SYSTEM32\DBGHELP.DLL
0x00007ffe45270000 - 0x00007ffe455fa000 	C:\Windows\System32\combase.dll
0x00007ffe465d0000 - 0x00007ffe466a7000 	C:\Windows\System32\OLEAUT32.dll
0x00007ffe37cd0000 - 0x00007ffe37d02000 	C:\Windows\SYSTEM32\dbgcore.DLL
0x00007ffe44370000 - 0x00007ffe443ea000 	C:\Windows\System32\bcryptPrimitives.dll
0x00007ffe125c0000 - 0x00007ffe125e6000 	C:\Users\Administrator\.jdks\ms-17.0.20\bin\java.dll
0x00007ffde6560000 - 0x00007ffde6636000 	C:\Users\Administrator\.jdks\ms-17.0.20\bin\jsvml.dll
0x00007ffe45610000 - 0x00007ffe45e68000 	C:\Windows\System32\SHELL32.dll
0x00007ffe41b00000 - 0x00007ffe423f2000 	C:\Windows\SYSTEM32\windows.storage.dll
0x00007ffe419c0000 - 0x00007ffe41afe000 	C:\Windows\SYSTEM32\wintypes.dll
0x00007ffe450f0000 - 0x00007ffe451e3000 	C:\Windows\System32\SHCORE.dll
0x00007ffe46760000 - 0x00007ffe467be000 	C:\Windows\System32\shlwapi.dll
0x00007ffe43b20000 - 0x00007ffe43b46000 	C:\Windows\SYSTEM32\profapi.dll
0x00007ffe13f90000 - 0x00007ffe13fab000 	C:\Users\Administrator\.jdks\ms-17.0.20\bin\net.dll
0x00007ffe3d310000 - 0x00007ffe3d447000 	C:\Windows\SYSTEM32\WINHTTP.dll
0x00007ffe430d0000 - 0x00007ffe43139000 	C:\Windows\system32\mswsock.dll
0x00007ffe13e00000 - 0x00007ffe13e16000 	C:\Users\Administrator\.jdks\ms-17.0.20\bin\nio.dll
0x00007ffe139b0000 - 0x00007ffe139c8000 	C:\Users\Administrator\.jdks\ms-17.0.20\bin\zip.dll
0x00007ffe11270000 - 0x00007ffe11294000 	D:\dev-tools\apache-maven-3.9.9\lib\jansi-native\Windows\x86_64\jansi.dll
0x00007ffe158b0000 - 0x00007ffe158c0000 	C:\Users\Administrator\.jdks\ms-17.0.20\bin\verify.dll
0x00007ffe19ed0000 - 0x00007ffe19ede000 	C:\Users\Administrator\.jdks\ms-17.0.20\bin\sunmscapi.dll
0x00007ffe44460000 - 0x00007ffe445c6000 	C:\Windows\System32\CRYPT32.dll
0x00007ffe43560000 - 0x00007ffe4358d000 	C:\Windows\SYSTEM32\ncrypt.dll
0x00007ffe43520000 - 0x00007ffe43557000 	C:\Windows\SYSTEM32\NTASN1.dll
0x00007ffe43470000 - 0x00007ffe4348b000 	C:\Windows\SYSTEM32\CRYPTSP.dll
0x00007ffe42b50000 - 0x00007ffe42b85000 	C:\Windows\system32\rsaenh.dll
0x00007ffe43170000 - 0x00007ffe4319c000 	C:\Windows\SYSTEM32\USERENV.dll
0x00007ffe43590000 - 0x00007ffe435b8000 	C:\Windows\SYSTEM32\bcrypt.dll
0x00007ffe43450000 - 0x00007ffe4345c000 	C:\Windows\SYSTEM32\CRYPTBASE.dll
0x00007ffe42660000 - 0x00007ffe4268d000 	C:\Windows\SYSTEM32\IPHLPAPI.DLL
0x00007ffe45600000 - 0x00007ffe45609000 	C:\Windows\System32\NSI.dll
0x00007ffe3d920000 - 0x00007ffe3d939000 	C:\Windows\SYSTEM32\dhcpcsvc6.DLL
0x00007ffe3d2f0000 - 0x00007ffe3d30f000 	C:\Windows\SYSTEM32\dhcpcsvc.DLL
0x00007ffe426d0000 - 0x00007ffe427c9000 	C:\Windows\SYSTEM32\DNSAPI.dll
0x00007ffdd40b0000 - 0x00007ffdd40b8000 	C:\Windows\system32\wshunix.dll
0x00007ffe17790000 - 0x00007ffe17799000 	C:\Users\Administrator\.jdks\ms-17.0.20\bin\extnet.dll

dbghelp: loaded successfully - version: 4.0.5 - missing functions: none
symbol engine: initialized successfully - sym options: 0x614 - pdb path: .;C:\Users\Administrator\.jdks\ms-17.0.20\bin;C:\Windows\SYSTEM32;C:\Windows\WinSxS\amd64_microsoft.windows.common-controls_6595b64144ccf1df_6.0.22621.2361_none_2712ced57382f843;C:\Users\Administrator\.jdks\ms-17.0.20\bin\server;D:\dev-tools\apache-maven-3.9.9\lib\jansi-native\Windows\x86_64

VM Arguments:
jvm_args: -Dclassworlds.conf=D:\dev-tools\apache-maven-3.9.9\bin\m2.conf -Dmaven.home=D:\dev-tools\apache-maven-3.9.9 -Dlibrary.jansi.path=D:\dev-tools\apache-maven-3.9.9\lib\jansi-native -Dmaven.multiModuleProjectDirectory=D:\Dev_project\ej-render-test 
java_command: org.codehaus.plexus.classworlds.launcher.Launcher -q -B compile exec:java
java_class_path (initial): D:\dev-tools\apache-maven-3.9.9\boot\plexus-classworlds-2.8.0.jar
Launcher Type: SUN_STANDARD

[Global flags]
     intx CICompilerCount                          = 4                                         {product} {ergonomic}
     uint ConcGCThreads                            = 2                                         {product} {ergonomic}
     uint G1ConcRefinementThreads                  = 8                                         {product} {ergonomic}
   size_t G1HeapRegionSize                         = 2097152                                   {product} {ergonomic}
    uintx GCDrainStackTargetSize                   = 64                                        {product} {ergonomic}
   size_t InitialHeapSize                          = 268435456                                 {product} {ergonomic}
   size_t MarkStackSize                            = 4194304                                   {product} {ergonomic}
   size_t MaxHeapSize                              = 4271898624                                {product} {ergonomic}
   size_t MaxNewSize                               = 2562719744                                {product} {ergonomic}
   size_t MinHeapDeltaBytes                        = 2097152                                   {product} {ergonomic}
   size_t MinHeapSize                              = 8388608                                   {product} {ergonomic}
    uintx NonNMethodCodeHeapSize                   = 5839372                                {pd product} {ergonomic}
    uintx NonProfiledCodeHeapSize                  = 122909434                              {pd product} {ergonomic}
    uintx ProfiledCodeHeapSize                     = 122909434                              {pd product} {ergonomic}
    uintx ReservedCodeCacheSize                    = 251658240                              {pd product} {ergonomic}
     bool SegmentedCodeCache                       = true                                      {product} {ergonomic}
   size_t SoftMaxHeapSize                          = 4271898624                             {manageable} {ergonomic}
     bool UseCompressedClassPointers               = true                           {product lp64_product} {ergonomic}
     bool UseCompressedOops                        = true                           {product lp64_product} {ergonomic}
     bool UseG1GC                                  = true                                      {product} {ergonomic}
     bool UseLargePagesIndividualAllocation        = false                                  {pd product} {ergonomic}

Logging:
Log output configuration:
 #0: stdout all=warning uptime,level,tags
 #1: stderr all=off uptime,level,tags

Environment Variables:
JAVA_HOME=C:\Users\Administrator\.jdks\ms-17.0.20
PATH=D:\Dev_software\python3\Scripts\;D:\Dev_software\python3\;C:\Windows\system32;C:\Windows;C:\Windows\System32\Wbem;C:\Windows\System32\WindowsPowerShell\v1.0\;C:\Windows\System32\OpenSSH\;C:\Program Files\Git\cmd;C:\Program Files\Git\mingw64\bin;D:\dev-tools\apache-maven-3.9.9\bin;C:\Program Files\Redis\;C:\nvm4w\nodejs;D:\Software\Idea\IntelliJ IDEA 2025\bin;C:\Program Files\Java\jdk1.8.0_202\bin;C:\Users\Administrator\AppData\Local\Microsoft\WindowsApps;C:\Users\Administrator\AppData\Local\nvm;C:\nvm4w\nodejs;D:\Software\Idea\IntelliJ IDEA 2025\bin;D:\Dev_software\Zed\bin;D:\Dev_software\cursor\resources\app\bin
USERNAME=Administrator
OS=Windows_NT
PROCESSOR_IDENTIFIER=Intel64 Family 6 Model 165 Stepping 2, GenuineIntel
TMP=C:\Users\ADMINI~1\AppData\Local\Temp
TEMP=C:\Users\ADMINI~1\AppData\Local\Temp



Periodic native trim disabled


---------------  S Y S T E M  ---------------

OS:
 Windows 11 , 64 bit Build 22621 (10.0.22621.2428)
OS uptime: 23 days 14:36 hours
Hyper-V role detected

CPU: total 8 (initial active 8) (4 cores per cpu, 2 threads per core) family 6 model 165 stepping 2 microcode 0xe0, cx8, cmov, fxsr, ht, mmx, 3dnowpref, sse, sse2, sse3, ssse3, sse4.1, sse4.2, popcnt, lzcnt, tsc, tscinvbit, avx, avx2, aes, erms, clmul, bmi1, bmi2, adx, fma, vzeroupper, clflush, clflushopt, hv
Processor Information for the first 8 processors :
  Max Mhz: 2400, Current Mhz: 2400, Mhz Limit: 2400

Memory: 4k page, system-wide physical 16291M (397M free)
TotalPageFile size 39404M (AvailPageFile size 7M)
current process WorkingSet (physical memory assigned to process): 308M, peak: 311M
current process commit charge ("private bytes"): 337M, peak: 408M

vm_info: OpenJDK 64-Bit Server VM (17.0.20+8-LTS) for windows-amd64 JRE (17.0.20+8-LTS), built on Jul 14 2026 18:14:29 by "MicrosoftCorporation" with MS VC++ 17.14 (VS2022)

END.
