#
# There is insufficient memory for the Java Runtime Environment to continue.
# Native memory allocation (mmap) failed to map 268435456 bytes. Error detail: G1 virtual space
# Possible reasons:
#   The system is out of physical RAM or swap space
#   This process is running with CompressedOops enabled, and the Java Heap may be blocking the growth of the native heap
# Possible solutions:
#   Reduce memory load on the system
#   Increase physical memory or swap space
#   Check if swap backing store is full
#   Decrease Java heap size (-Xmx/-Xms)
#   Decrease number of Java threads
#   Decrease Java thread stack sizes (-Xss)
#   Set larger code cache with -XX:ReservedCodeCacheSize=
#   JVM is running with Unscaled Compressed Oops mode in which the Java heap is
#     placed in the first 4GB address space. The Java Heap base address is the
#     maximum limit for the native heap growth. Please use -XX:HeapBaseMinAddress
#     to set the Java Heap base and to place the Java Heap above 4GB virtual address.
# This output file may be truncated or incomplete.
#
#  Out of Memory Error (os_windows.cpp:3702), pid=15000, tid=6884
#
# JRE version:  (17.0.20+8) (build )
# Java VM: OpenJDK 64-Bit Server VM (17.0.20+8-LTS, mixed mode, emulated-client, sharing, tiered, compressed oops, compressed class ptrs, g1 gc, windows-amd64)
# No core dump will be written. Minidumps are not enabled by default on client versions of Windows
#

---------------  S U M M A R Y ------------

Command Line: -Xmx384m -XX:TieredStopAtLevel=1 -XX:ReservedCodeCacheSize=64m -XX:CICompilerCount=2 -Dclassworlds.conf=D:\dev-tools\apache-maven-3.9.9\bin\m2.conf -Dmaven.home=D:\dev-tools\apache-maven-3.9.9 -Dlibrary.jansi.path=D:\dev-tools\apache-maven-3.9.9\lib\jansi-native -Dmaven.multiModuleProjectDirectory=D:\Dev_project\ej-render-test org.codehaus.plexus.classworlds.launcher.Launcher -q -B exec:java

Host: Intel(R) Core(TM) i5-10200H CPU @ 2.40GHz, 8 cores, 15G,  Windows 11 , 64 bit Build 22621 (10.0.22621.2428)
Time: Thu Aug 27 11:52:07 2026  Windows 11 , 64 bit Build 22621 (10.0.22621.2428) elapsed time: 0.006882 seconds (0d 0h 0m 0s)

---------------  T H R E A D  ---------------

Current thread (0x0000021fdd519fb0):  JavaThread "Unknown thread" [_thread_in_vm, id=6884, stack(0x0000007e0e900000,0x0000007e0ea00000)]

Stack: [0x0000007e0e900000,0x0000007e0ea00000]
Native frames: (J=compiled Java code, j=interpreted, Vv=VM code, C=native code)
V  [jvm.dll+0x68d159]  (no source info available)
V  [jvm.dll+0x8462c9]  (no source info available)
V  [jvm.dll+0x84803b]  (no source info available)
V  [jvm.dll+0x8486c3]  (no source info available)
V  [jvm.dll+0x24d12f]  (no source info available)
V  [jvm.dll+0x68c559]  (no source info available)
V  [jvm.dll+0x68084a]  (no source info available)
V  [jvm.dll+0x3103f0]  (no source info available)
V  [jvm.dll+0x310292]  (no source info available)
V  [jvm.dll+0x317809]  (no source info available)
V  [jvm.dll+0x369b89]  (no source info available)
V  [jvm.dll+0x369dbd]  (no source info available)
V  [jvm.dll+0x2e6bfa]  (no source info available)
V  [jvm.dll+0x2e7b08]  (no source info available)
V  [jvm.dll+0x81906e]  (no source info available)
V  [jvm.dll+0x3777f1]  (no source info available)
V  [jvm.dll+0x7f7685]  (no source info available)
V  [jvm.dll+0x3fd64b]  (no source info available)
V  [jvm.dll+0x3ff281]  (no source info available)
C  [jli.dll+0x52f8]  (no source info available)
C  [ucrtbase.dll+0x29363]  (no source info available)
C  [KERNEL32.DLL+0x1257d]  (no source info available)
C  [ntdll.dll+0x5aa78]  (no source info available)


---------------  P R O C E S S  ---------------

Threads class SMR info:
_java_thread_list=0x00007ffda2d27058, length=0, elements={
}

Java Threads: ( => current thread )

Other Threads:
  0x0000021fdd541ed0 GCTaskThread "GC Thread#0" [stack: 0x0000007e0ea00000,0x0000007e0eb00000] [id=14204]
  0x0000021fdd546350 ConcurrentGCThread "G1 Main Marker" [stack: 0x0000007e0eb00000,0x0000007e0ec00000] [id=30092]
  0x0000021fdd548430 ConcurrentGCThread "G1 Conc#0" [stack: 0x0000007e0ec00000,0x0000007e0ed00000] [id=14120]

[error occurred during error reporting (printing all threads), id 0xc0000005, EXCEPTION_ACCESS_VIOLATION (0xc0000005) at pc=0x00007ffda24d7737]

VM state: not at safepoint (not fully initialized)

VM Mutex/Monitor currently owned by a thread:  ([mutex/lock_event])
[0x0000021fdd5153f0] Heap_lock - owner thread: 0x0000021fdd519fb0

Heap address: 0x00000000e8000000, size: 384 MB, Compressed Oops mode: 32-bit

CDS archive(s) mapped at: [0x0000000000000000-0x0000000000000000-0x0000000000000000), size 0, SharedBaseAddress: 0x0000000800000000, ArchiveRelocationMode: 1.
Narrow klass base: 0x0000000000000000, Narrow klass shift: 0, Narrow klass range: 0x0

GC Precious Log:
<Empty>

Heap:
 garbage-first heap   total 0K, used 0K [0x00000000e8000000, 0x0000000100000000)
  region size 1024K, 0 young (0K), 0 survivors (0K)

[error occurred during error reporting (printing heap information), id 0xc0000005, EXCEPTION_ACCESS_VIOLATION (0xc0000005) at pc=0x00007ffda28c9229]

GC Heap History (0 events):
No events

Dll operation events (1 events):
Event: 0.004 Loaded shared library C:\Users\Administrator\.jdks\ms-17.0.20\bin\java.dll

Deoptimization events (0 events):
No events

Classes loaded (0 events):
No events

Classes unloaded (0 events):
No events

Classes redefined (0 events):
No events

Internal exceptions (0 events):
No events

VM Operations (0 events):
No events

Memory protections (0 events):
No events

Nmethod flushes (0 events):
No events

Events (0 events):
No events


Dynamic libraries:
0x00007ff6f9500000 - 0x00007ff6f950e000 	C:\Users\Administrator\.jdks\ms-17.0.20\bin\java.exe
0x00007ffe46870000 - 0x00007ffe46a87000 	C:\Windows\SYSTEM32\ntdll.dll
0x00007ffe45eb0000 - 0x00007ffe45f74000 	C:\Windows\System32\KERNEL32.DLL
0x00007ffe43bf0000 - 0x00007ffe43f96000 	C:\Windows\System32\KERNELBASE.dll
0x00007ffe43fa0000 - 0x00007ffe440b1000 	C:\Windows\System32\ucrtbase.dll
0x00007ffe15200000 - 0x00007ffe1521e000 	C:\Users\Administrator\.jdks\ms-17.0.20\bin\VCRUNTIME140.dll
0x00007ffe155e0000 - 0x00007ffe155f8000 	C:\Users\Administrator\.jdks\ms-17.0.20\bin\jli.dll
0x00007ffe460e0000 - 0x00007ffe4628d000 	C:\Windows\System32\USER32.dll
0x00007ffe29810000 - 0x00007ffe29aa3000 	C:\Windows\WinSxS\amd64_microsoft.windows.common-controls_6595b64144ccf1df_6.0.22621.2361_none_2712ced57382f843\COMCTL32.dll
0x00007ffe44180000 - 0x00007ffe441a6000 	C:\Windows\System32\win32u.dll
0x00007ffe466b0000 - 0x00007ffe46757000 	C:\Windows\System32\msvcrt.dll
0x00007ffe460a0000 - 0x00007ffe460c9000 	C:\Windows\System32\GDI32.dll
0x00007ffe44250000 - 0x00007ffe44368000 	C:\Windows\System32\gdi32full.dll
0x00007ffe441b0000 - 0x00007ffe4424a000 	C:\Windows\System32\msvcp_win.dll
0x00007ffe45e70000 - 0x00007ffe45ea1000 	C:\Windows\System32\IMM32.DLL
0x00007ffe1aaf0000 - 0x00007ffe1aafc000 	C:\Users\Administrator\.jdks\ms-17.0.20\bin\vcruntime140_1.dll
0x00007ffdffec0000 - 0x00007ffdfff49000 	C:\Users\Administrator\.jdks\ms-17.0.20\bin\msvcp140.dll
0x00007ffda21e0000 - 0x00007ffda2e5b000 	C:\Users\Administrator\.jdks\ms-17.0.20\bin\server\jvm.dll
0x00007ffe44ac0000 - 0x00007ffe44b70000 	C:\Windows\System32\ADVAPI32.dll
0x00007ffe445d0000 - 0x00007ffe44676000 	C:\Windows\System32\sechost.dll
0x00007ffe45f80000 - 0x00007ffe46097000 	C:\Windows\System32\RPCRT4.dll
0x00007ffe44810000 - 0x00007ffe44881000 	C:\Windows\System32\WS2_32.dll
0x00007ffe43300000 - 0x00007ffe4334d000 	C:\Windows\SYSTEM32\POWRPROF.dll
0x00007ffe3ca40000 - 0x00007ffe3ca74000 	C:\Windows\SYSTEM32\WINMM.dll
0x00007ffe38dc0000 - 0x00007ffe38dca000 	C:\Windows\SYSTEM32\VERSION.dll
0x00007ffe432e0000 - 0x00007ffe432f3000 	C:\Windows\SYSTEM32\UMPDC.dll
0x00007ffe42b90000 - 0x00007ffe42ba8000 	C:\Windows\SYSTEM32\kernel.appcore.dll
0x00007ffe1a290000 - 0x00007ffe1a29a000 	C:\Users\Administrator\.jdks\ms-17.0.20\bin\jimage.dll
0x00007ffe367a0000 - 0x00007ffe369ce000 	C:\Windows\SYSTEM32\DBGHELP.DLL
0x00007ffe45270000 - 0x00007ffe455fa000 	C:\Windows\System32\combase.dll
0x00007ffe465d0000 - 0x00007ffe466a7000 	C:\Windows\System32\OLEAUT32.dll
0x00007ffe37cd0000 - 0x00007ffe37d02000 	C:\Windows\SYSTEM32\dbgcore.DLL
0x00007ffe44370000 - 0x00007ffe443ea000 	C:\Windows\System32\bcryptPrimitives.dll
0x00007ffe125c0000 - 0x00007ffe125e6000 	C:\Users\Administrator\.jdks\ms-17.0.20\bin\java.dll

dbghelp: loaded successfully - version: 4.0.5 - missing functions: none
symbol engine: initialized successfully - sym options: 0x614 - pdb path: .;C:\Users\Administrator\.jdks\ms-17.0.20\bin;C:\Windows\SYSTEM32;C:\Windows\WinSxS\amd64_microsoft.windows.common-controls_6595b64144ccf1df_6.0.22621.2361_none_2712ced57382f843;C:\Users\Administrator\.jdks\ms-17.0.20\bin\server

VM Arguments:
jvm_args: -Xmx384m -XX:TieredStopAtLevel=1 -XX:ReservedCodeCacheSize=64m -XX:CICompilerCount=2 -Dclassworlds.conf=D:\dev-tools\apache-maven-3.9.9\bin\m2.conf -Dmaven.home=D:\dev-tools\apache-maven-3.9.9 -Dlibrary.jansi.path=D:\dev-tools\apache-maven-3.9.9\lib\jansi-native -Dmaven.multiModuleProjectDirectory=D:\Dev_project\ej-render-test 
java_command: org.codehaus.plexus.classworlds.launcher.Launcher -q -B exec:java
java_class_path (initial): D:\dev-tools\apache-maven-3.9.9\boot\plexus-classworlds-2.8.0.jar
Launcher Type: SUN_STANDARD

[Global flags]
     intx CICompilerCount                          = 2                                         {product} {command line}
     uint ConcGCThreads                            = 2                                         {product} {ergonomic}
     uint G1ConcRefinementThreads                  = 8                                         {product} {ergonomic}
   size_t G1HeapRegionSize                         = 1048576                                   {product} {ergonomic}
    uintx GCDrainStackTargetSize                   = 64                                        {product} {ergonomic}
   size_t InitialHeapSize                          = 268435456                                 {product} {ergonomic}
   size_t MarkStackSize                            = 4194304                                   {product} {ergonomic}
   size_t MaxHeapSize                              = 402653184                                 {product} {command line}
   size_t MinHeapDeltaBytes                        = 1048576                                   {product} {ergonomic}
   size_t MinHeapSize                              = 8388608                                   {product} {ergonomic}
    uintx NonProfiledCodeHeapSize                  = 0                                      {pd product} {ergonomic}
     bool ProfileInterpreter                       = false                                  {pd product} {command line}
    uintx ProfiledCodeHeapSize                     = 0                                      {pd product} {ergonomic}
    uintx ReservedCodeCacheSize                    = 67108864                               {pd product} {command line}
   size_t SoftMaxHeapSize                          = 402653184                              {manageable} {ergonomic}
     intx TieredStopAtLevel                        = 1                                         {product} {command line}
     bool UseCompressedClassPointers               = true                           {product lp64_product} {ergonomic}
     bool UseCompressedOops                        = true                           {product lp64_product} {ergonomic}
     bool UseG1GC                                  = true                                      {product} {ergonomic}
     bool UseLargePagesIndividualAllocation        = false                                  {pd product} {ergonomic}

Logging:
Log output configuration:
 #0: stdout all=warning uptime,level,tags
 #1: stderr all=off uptime,level,tags

Environment Variables:
JAVA_HOME=C:\Users\Administrator\.jdks\ms-17.0.20
PATH=D:\Dev_software\python3\Scripts\;D:\Dev_software\python3\;C:\Windows\system32;C:\Windows;C:\Windows\System32\Wbem;C:\Windows\System32\WindowsPowerShell\v1.0\;C:\Windows\System32\OpenSSH\;C:\Program Files\Git\cmd;C:\Program Files\Git\mingw64\bin;D:\dev-tools\apache-maven-3.9.9\bin;C:\Program Files\Redis\;C:\nvm4w\nodejs;D:\Software\Idea\IntelliJ IDEA 2025\bin;C:\Program Files\Java\jdk1.8.0_202\bin;C:\Users\Administrator\AppData\Local\Microsoft\WindowsApps;C:\Users\Administrator\AppData\Local\nvm;C:\nvm4w\nodejs;D:\Software\Idea\IntelliJ IDEA 2025\bin;D:\Dev_software\Zed\bin;D:\Dev_software\cursor\resources\app\bin
USERNAME=Administrator
OS=Windows_NT
PROCESSOR_IDENTIFIER=Intel64 Family 6 Model 165 Stepping 2, GenuineIntel
TMP=C:\Users\ADMINI~1\AppData\Local\Temp
TEMP=C:\Users\ADMINI~1\AppData\Local\Temp



Periodic native trim disabled


---------------  S Y S T E M  ---------------

OS:
 Windows 11 , 64 bit Build 22621 (10.0.22621.2428)
OS uptime: 23 days 14:37 hours
Hyper-V role detected

CPU: total 8 (initial active 8) (4 cores per cpu, 2 threads per core) family 6 model 165 stepping 2 microcode 0xe0, cx8, cmov, fxsr, ht, mmx, 3dnowpref, sse, sse2, sse3, ssse3, sse4.1, sse4.2, popcnt, lzcnt, tsc, tscinvbit, avx, avx2, aes, erms, clmul, bmi1, bmi2, adx, fma, vzeroupper, clflush, clflushopt, hv
Processor Information for the first 8 processors :
  Max Mhz: 2400, Current Mhz: 2400, Mhz Limit: 2400

Memory: 4k page, system-wide physical 16291M (681M free)
TotalPageFile size 39404M (AvailPageFile size 146M)
current process WorkingSet (physical memory assigned to process): 11M, peak: 11M
current process commit charge ("private bytes"): 54M, peak: 310M

vm_info: OpenJDK 64-Bit Server VM (17.0.20+8-LTS) for windows-amd64 JRE (17.0.20+8-LTS), built on Jul 14 2026 18:14:29 by "MicrosoftCorporation" with MS VC++ 17.14 (VS2022)

END.
