#
# There is insufficient memory for the Java Runtime Environment to continue.
# Native memory allocation (malloc) failed to allocate 44896 bytes. Error detail: Chunk::new
# Possible reasons:
#   The system is out of physical RAM or swap space
#   This process is running with CompressedOops enabled, and the Java Heap may be blocking the growth of the native heap
# Possible solutions:
#   Reduce memory load on the system
#   Increase physical memory or swap space
#   Check if swap backing store is full
#   Decrease Java heap size (-Xmx/-Xms)
#   Decrease number of Java threads
#   Decrease Java thread stack sizes (-Xss)
#   Set larger code cache with -XX:ReservedCodeCacheSize=
#   JVM is running with Zero Based Compressed Oops mode in which the Java heap is
#     placed in the first 32GB address space. The Java Heap base address is the
#     maximum limit for the native heap growth. Please use -XX:HeapBaseMinAddress
#     to set the Java Heap base and to place the Java Heap above 32GB virtual address.
# This output file may be truncated or incomplete.
#
#  Out of Memory Error (arena.cpp:191), pid=6024, tid=14096
#
# JRE version: OpenJDK Runtime Environment Microsoft-14653939 (17.0.20+8) (build 17.0.20+8-LTS)
# Java VM: OpenJDK 64-Bit Server VM Microsoft-14653939 (17.0.20+8-LTS, mixed mode, sharing, tiered, compressed oops, compressed class ptrs, g1 gc, windows-amd64)
# No core dump will be written. Minidumps are not enabled by default on client versions of Windows
#

---------------  S U M M A R Y ------------

Command Line: -javaagent:D:\Software\Idea\IntelliJ IDEA 2025\lib\idea_rt.jar=53673 -Dfile.encoding=UTF-8 com.ppos.ejtest.EjAudit

Host: Intel(R) Core(TM) i5-10200H CPU @ 2.40GHz, 8 cores, 15G,  Windows 11 , 64 bit Build 22621 (10.0.22621.2428)
Time: Fri Aug 28 13:51:46 2026  Windows 11 , 64 bit Build 22621 (10.0.22621.2428) elapsed time: 0.504376 seconds (0d 0h 0m 0s)

---------------  T H R E A D  ---------------

Current thread (0x000001db04774100):  JavaThread "C2 CompilerThread1" daemon [_thread_in_native, id=14096, stack(0x0000002a9b800000,0x0000002a9b900000)]


Current CompileTask:
C2:504  385       4       java.util.regex.Pattern$Caret::match (124 bytes)

Stack: [0x0000002a9b800000,0x0000002a9b900000]
Native frames: (J=compiled Java code, j=interpreted, Vv=VM code, C=native code)
V  [jvm.dll+0x68d159]  (no source info available)
V  [jvm.dll+0x8462c9]  (no source info available)
V  [jvm.dll+0x84803b]  (no source info available)
V  [jvm.dll+0x8486c3]  (no source info available)
V  [jvm.dll+0x24d12f]  (no source info available)
V  [jvm.dll+0xaed56]  (no source info available)
V  [jvm.dll+0xaf3fc]  (no source info available)
V  [jvm.dll+0x37193e]  (no source info available)
V  [jvm.dll+0x33bb95]  (no source info available)
V  [jvm.dll+0x33affa]  (no source info available)
V  [jvm.dll+0x21e039]  (no source info available)
V  [jvm.dll+0x21d482]  (no source info available)
V  [jvm.dll+0x1a8db6]  (no source info available)
V  [jvm.dll+0x22dcdb]  (no source info available)
V  [jvm.dll+0x22be66]  (no source info available)
V  [jvm.dll+0x7fc40b]  (no source info available)
V  [jvm.dll+0x7f67dc]  (no source info available)
V  [jvm.dll+0x68e6f7]  (no source info available)
C  [ucrtbase.dll+0x29363]  (no source info available)
C  [KERNEL32.DLL+0x1257d]  (no source info available)
C  [ntdll.dll+0x5aa78]  (no source info available)


---------------  P R O C E S S  ---------------

Threads class SMR info:
_java_thread_list=0x000001db04743990, length=14, elements={
0x000001db613d0f70, 0x000001db044c5060, 0x000001db044c6680, 0x000001db044f5ef0,
0x000001db044f6ab0, 0x000001db044f9480, 0x000001db044f9e40, 0x000001db044fb380,
0x000001db044fe5e0, 0x000001db04502c80, 0x000001db044aa6a0, 0x000001db04722570,
0x000001db04722a50, 0x000001db04774100
}

Java Threads: ( => current thread )
  0x000001db613d0f70 JavaThread "main" [_thread_blocked, id=39808, stack(0x0000002a9a400000,0x0000002a9a500000)]
  0x000001db044c5060 JavaThread "Reference Handler" daemon [_thread_blocked, id=18124, stack(0x0000002a9ab00000,0x0000002a9ac00000)]
  0x000001db044c6680 JavaThread "Finalizer" daemon [_thread_blocked, id=23904, stack(0x0000002a9ac00000,0x0000002a9ad00000)]
  0x000001db044f5ef0 JavaThread "Signal Dispatcher" daemon [_thread_blocked, id=16248, stack(0x0000002a9ad00000,0x0000002a9ae00000)]
  0x000001db044f6ab0 JavaThread "Attach Listener" daemon [_thread_blocked, id=31772, stack(0x0000002a9ae00000,0x0000002a9af00000)]
  0x000001db044f9480 JavaThread "Service Thread" daemon [_thread_blocked, id=36520, stack(0x0000002a9af00000,0x0000002a9b000000)]
  0x000001db044f9e40 JavaThread "Monitor Deflation Thread" daemon [_thread_blocked, id=35696, stack(0x0000002a9b000000,0x0000002a9b100000)]
  0x000001db044fb380 JavaThread "C2 CompilerThread0" daemon [_thread_in_native, id=42672, stack(0x0000002a9b100000,0x0000002a9b200000)]
  0x000001db044fe5e0 JavaThread "C1 CompilerThread0" daemon [_thread_in_vm, id=36988, stack(0x0000002a9b200000,0x0000002a9b300000)]
  0x000001db04502c80 JavaThread "Sweeper thread" daemon [_thread_blocked, id=30340, stack(0x0000002a9b300000,0x0000002a9b400000)]
  0x000001db044aa6a0 JavaThread "Common-Cleaner" daemon [_thread_blocked, id=45024, stack(0x0000002a9b400000,0x0000002a9b500000)]
  0x000001db04722570 JavaThread "Monitor Ctrl-Break" daemon [_thread_in_native, id=44108, stack(0x0000002a9b500000,0x0000002a9b600000)]
  0x000001db04722a50 JavaThread "Notification Thread" daemon [_thread_blocked, id=18580, stack(0x0000002a9b600000,0x0000002a9b700000)]
=>0x000001db04774100 JavaThread "C2 CompilerThread1" daemon [_thread_in_native, id=14096, stack(0x0000002a9b800000,0x0000002a9b900000)]

Other Threads:
  0x000001db044bfe10 VMThread "VM Thread" [stack: 0x0000002a9aa00000,0x0000002a9ab00000] [id=13648]
  0x000001db04794d00 WatcherThread [stack: 0x0000002a9b700000,0x0000002a9b800000] [id=30060]
  0x000001db6143f0e0 GCTaskThread "GC Thread#0" [stack: 0x0000002a9a500000,0x0000002a9a600000] [id=11880]
  0x000001db6144fed0 ConcurrentGCThread "G1 Main Marker" [stack: 0x0000002a9a600000,0x0000002a9a700000] [id=33648]
  0x000001db614508f0 ConcurrentGCThread "G1 Conc#0" [stack: 0x0000002a9a700000,0x0000002a9a800000] [id=36388]
  0x000001db043744f0 ConcurrentGCThread "G1 Refine#0" [stack: 0x0000002a9a800000,0x0000002a9a900000] [id=33012]
  0x000001db04375f40 ConcurrentGCThread "G1 Service" [stack: 0x0000002a9a900000,0x0000002a9aa00000] [id=24540]

Threads with active compile tasks:
C2 CompilerThread0  530  400       4       java.util.regex.Pattern$Start::match (90 bytes)
C1 CompilerThread0  530  393       3       java.util.regex.Pattern$CharProperty::<init> (10 bytes)
C2 CompilerThread1  530  385       4       java.util.regex.Pattern$Caret::match (124 bytes)

VM state: not at safepoint (normal execution)

VM Mutex/Monitor currently owned by a thread:  ([mutex/lock_event])
[0x000001db613b9c80] Metaspace_lock - owner thread: 0x000001db044fe5e0
[0x000001db613cbed0] MethodData_lock - owner thread: 0x000001db044fe5e0

Heap address: 0x0000000701600000, size: 4074 MB, Compressed Oops mode: Zero based, Oop shift amount: 3

CDS archive(s) mapped at: [0x000001db05000000-0x000001db05bb0000-0x000001db05bb0000), size 12255232, SharedBaseAddress: 0x000001db05000000, ArchiveRelocationMode: 1.
Compressed class space mapped at: 0x000001db06000000-0x000001db46000000, reserved size: 1073741824
Narrow klass base: 0x000001db05000000, Narrow klass shift: 0, Narrow klass range: 0x100000000

GC Precious Log:
 CPUs: 8 total, 8 available
 Memory: 16291M
 Large Page Support: Disabled
 NUMA Support: Disabled
 Compressed Oops: Enabled (Zero based)
 Heap Region Size: 2M
 Heap Min Capacity: 8M
 Heap Initial Capacity: 256M
 Heap Max Capacity: 4074M
 Pre-touch: Disabled
 Parallel Workers: 8
 Concurrent Workers: 2
 Concurrent Refinement Workers: 8
 Periodic GC: Disabled

Heap:
 garbage-first heap   total 262144K, used 12288K [0x0000000701600000, 0x0000000800000000)
  region size 2048K, 5 young (10240K), 0 survivors (0K)
 Metaspace       used 1151K, committed 1280K, reserved 1114112K
  class space    used 95K, committed 192K, reserved 1048576K

Heap Regions: E=young(eden), S=young(survivor), O=old, HS=humongous(starts), HC=humongous(continues), CS=collection set, F=free, OA=open archive, CA=closed archive, TAMS=top-at-mark-start (previous, next)
|   0|0x0000000701600000, 0x0000000701800000, 0x0000000701800000|100%|HS|  |TAMS 0x0000000701600000, 0x0000000701600000| Complete 
|   1|0x0000000701800000, 0x0000000701a00000, 0x0000000701a00000|100%|HS|  |TAMS 0x0000000701800000, 0x0000000701800000| Complete 
|   2|0x0000000701a00000, 0x0000000701c00000, 0x0000000701c00000|100%|HS|  |TAMS 0x0000000701a00000, 0x0000000701a00000| Complete 
|   3|0x0000000701c00000, 0x0000000701c00000, 0x0000000701e00000|  0%| F|  |TAMS 0x0000000701c00000, 0x0000000701c00000| Untracked 
|   4|0x0000000701e00000, 0x0000000701e00000, 0x0000000702000000|  0%| F|  |TAMS 0x0000000701e00000, 0x0000000701e00000| Untracked 
|   5|0x0000000702000000, 0x0000000702000000, 0x0000000702200000|  0%| F|  |TAMS 0x0000000702000000, 0x0000000702000000| Untracked 
|   6|0x0000000702200000, 0x0000000702200000, 0x0000000702400000|  0%| F|  |TAMS 0x0000000702200000, 0x0000000702200000| Untracked 
|   7|0x0000000702400000, 0x0000000702400000, 0x0000000702600000|  0%| F|  |TAMS 0x0000000702400000, 0x0000000702400000| Untracked 
|   8|0x0000000702600000, 0x0000000702600000, 0x0000000702800000|  0%| F|  |TAMS 0x0000000702600000, 0x0000000702600000| Untracked 
|   9|0x0000000702800000, 0x0000000702800000, 0x0000000702a00000|  0%| F|  |TAMS 0x0000000702800000, 0x0000000702800000| Untracked 
|  10|0x0000000702a00000, 0x0000000702a00000, 0x0000000702c00000|  0%| F|  |TAMS 0x0000000702a00000, 0x0000000702a00000| Untracked 
|  11|0x0000000702c00000, 0x0000000702c00000, 0x0000000702e00000|  0%| F|  |TAMS 0x0000000702c00000, 0x0000000702c00000| Untracked 
|  12|0x0000000702e00000, 0x0000000702e00000, 0x0000000703000000|  0%| F|  |TAMS 0x0000000702e00000, 0x0000000702e00000| Untracked 
|  13|0x0000000703000000, 0x0000000703000000, 0x0000000703200000|  0%| F|  |TAMS 0x0000000703000000, 0x0000000703000000| Untracked 
|  14|0x0000000703200000, 0x0000000703200000, 0x0000000703400000|  0%| F|  |TAMS 0x0000000703200000, 0x0000000703200000| Untracked 
|  15|0x0000000703400000, 0x0000000703400000, 0x0000000703600000|  0%| F|  |TAMS 0x0000000703400000, 0x0000000703400000| Untracked 
|  16|0x0000000703600000, 0x0000000703600000, 0x0000000703800000|  0%| F|  |TAMS 0x0000000703600000, 0x0000000703600000| Untracked 
|  17|0x0000000703800000, 0x0000000703800000, 0x0000000703a00000|  0%| F|  |TAMS 0x0000000703800000, 0x0000000703800000| Untracked 
|  18|0x0000000703a00000, 0x0000000703a00000, 0x0000000703c00000|  0%| F|  |TAMS 0x0000000703a00000, 0x0000000703a00000| Untracked 
|  19|0x0000000703c00000, 0x0000000703c00000, 0x0000000703e00000|  0%| F|  |TAMS 0x0000000703c00000, 0x0000000703c00000| Untracked 
|  20|0x0000000703e00000, 0x0000000703e00000, 0x0000000704000000|  0%| F|  |TAMS 0x0000000703e00000, 0x0000000703e00000| Untracked 
|  21|0x0000000704000000, 0x0000000704000000, 0x0000000704200000|  0%| F|  |TAMS 0x0000000704000000, 0x0000000704000000| Untracked 
|  22|0x0000000704200000, 0x0000000704200000, 0x0000000704400000|  0%| F|  |TAMS 0x0000000704200000, 0x0000000704200000| Untracked 
|  23|0x0000000704400000, 0x0000000704400000, 0x0000000704600000|  0%| F|  |TAMS 0x0000000704400000, 0x0000000704400000| Untracked 
|  24|0x0000000704600000, 0x0000000704600000, 0x0000000704800000|  0%| F|  |TAMS 0x0000000704600000, 0x0000000704600000| Untracked 
|  25|0x0000000704800000, 0x0000000704800000, 0x0000000704a00000|  0%| F|  |TAMS 0x0000000704800000, 0x0000000704800000| Untracked 
|  26|0x0000000704a00000, 0x0000000704a00000, 0x0000000704c00000|  0%| F|  |TAMS 0x0000000704a00000, 0x0000000704a00000| Untracked 
|  27|0x0000000704c00000, 0x0000000704c00000, 0x0000000704e00000|  0%| F|  |TAMS 0x0000000704c00000, 0x0000000704c00000| Untracked 
|  28|0x0000000704e00000, 0x0000000704e00000, 0x0000000705000000|  0%| F|  |TAMS 0x0000000704e00000, 0x0000000704e00000| Untracked 
|  29|0x0000000705000000, 0x0000000705000000, 0x0000000705200000|  0%| F|  |TAMS 0x0000000705000000, 0x0000000705000000| Untracked 
|  30|0x0000000705200000, 0x0000000705200000, 0x0000000705400000|  0%| F|  |TAMS 0x0000000705200000, 0x0000000705200000| Untracked 
|  31|0x0000000705400000, 0x0000000705400000, 0x0000000705600000|  0%| F|  |TAMS 0x0000000705400000, 0x0000000705400000| Untracked 
|  32|0x0000000705600000, 0x0000000705600000, 0x0000000705800000|  0%| F|  |TAMS 0x0000000705600000, 0x0000000705600000| Untracked 
|  33|0x0000000705800000, 0x0000000705800000, 0x0000000705a00000|  0%| F|  |TAMS 0x0000000705800000, 0x0000000705800000| Untracked 
|  34|0x0000000705a00000, 0x0000000705a00000, 0x0000000705c00000|  0%| F|  |TAMS 0x0000000705a00000, 0x0000000705a00000| Untracked 
|  35|0x0000000705c00000, 0x0000000705c00000, 0x0000000705e00000|  0%| F|  |TAMS 0x0000000705c00000, 0x0000000705c00000| Untracked 
|  36|0x0000000705e00000, 0x0000000705e00000, 0x0000000706000000|  0%| F|  |TAMS 0x0000000705e00000, 0x0000000705e00000| Untracked 
|  37|0x0000000706000000, 0x0000000706000000, 0x0000000706200000|  0%| F|  |TAMS 0x0000000706000000, 0x0000000706000000| Untracked 
|  38|0x0000000706200000, 0x0000000706200000, 0x0000000706400000|  0%| F|  |TAMS 0x0000000706200000, 0x0000000706200000| Untracked 
|  39|0x0000000706400000, 0x0000000706400000, 0x0000000706600000|  0%| F|  |TAMS 0x0000000706400000, 0x0000000706400000| Untracked 
|  40|0x0000000706600000, 0x0000000706600000, 0x0000000706800000|  0%| F|  |TAMS 0x0000000706600000, 0x0000000706600000| Untracked 
|  41|0x0000000706800000, 0x0000000706800000, 0x0000000706a00000|  0%| F|  |TAMS 0x0000000706800000, 0x0000000706800000| Untracked 
|  42|0x0000000706a00000, 0x0000000706a00000, 0x0000000706c00000|  0%| F|  |TAMS 0x0000000706a00000, 0x0000000706a00000| Untracked 
|  43|0x0000000706c00000, 0x0000000706c00000, 0x0000000706e00000|  0%| F|  |TAMS 0x0000000706c00000, 0x0000000706c00000| Untracked 
|  44|0x0000000706e00000, 0x0000000706e00000, 0x0000000707000000|  0%| F|  |TAMS 0x0000000706e00000, 0x0000000706e00000| Untracked 
|  45|0x0000000707000000, 0x0000000707000000, 0x0000000707200000|  0%| F|  |TAMS 0x0000000707000000, 0x0000000707000000| Untracked 
|  46|0x0000000707200000, 0x0000000707200000, 0x0000000707400000|  0%| F|  |TAMS 0x0000000707200000, 0x0000000707200000| Untracked 
|  47|0x0000000707400000, 0x0000000707400000, 0x0000000707600000|  0%| F|  |TAMS 0x0000000707400000, 0x0000000707400000| Untracked 
|  48|0x0000000707600000, 0x0000000707600000, 0x0000000707800000|  0%| F|  |TAMS 0x0000000707600000, 0x0000000707600000| Untracked 
|  49|0x0000000707800000, 0x0000000707800000, 0x0000000707a00000|  0%| F|  |TAMS 0x0000000707800000, 0x0000000707800000| Untracked 
|  50|0x0000000707a00000, 0x0000000707a00000, 0x0000000707c00000|  0%| F|  |TAMS 0x0000000707a00000, 0x0000000707a00000| Untracked 
|  51|0x0000000707c00000, 0x0000000707c00000, 0x0000000707e00000|  0%| F|  |TAMS 0x0000000707c00000, 0x0000000707c00000| Untracked 
|  52|0x0000000707e00000, 0x0000000707e00000, 0x0000000708000000|  0%| F|  |TAMS 0x0000000707e00000, 0x0000000707e00000| Untracked 
|  53|0x0000000708000000, 0x0000000708000000, 0x0000000708200000|  0%| F|  |TAMS 0x0000000708000000, 0x0000000708000000| Untracked 
|  54|0x0000000708200000, 0x0000000708200000, 0x0000000708400000|  0%| F|  |TAMS 0x0000000708200000, 0x0000000708200000| Untracked 
|  55|0x0000000708400000, 0x0000000708400000, 0x0000000708600000|  0%| F|  |TAMS 0x0000000708400000, 0x0000000708400000| Untracked 
|  56|0x0000000708600000, 0x0000000708600000, 0x0000000708800000|  0%| F|  |TAMS 0x0000000708600000, 0x0000000708600000| Untracked 
|  57|0x0000000708800000, 0x0000000708800000, 0x0000000708a00000|  0%| F|  |TAMS 0x0000000708800000, 0x0000000708800000| Untracked 
|  58|0x0000000708a00000, 0x0000000708a00000, 0x0000000708c00000|  0%| F|  |TAMS 0x0000000708a00000, 0x0000000708a00000| Untracked 
|  59|0x0000000708c00000, 0x0000000708c00000, 0x0000000708e00000|  0%| F|  |TAMS 0x0000000708c00000, 0x0000000708c00000| Untracked 
|  60|0x0000000708e00000, 0x0000000708e00000, 0x0000000709000000|  0%| F|  |TAMS 0x0000000708e00000, 0x0000000708e00000| Untracked 
|  61|0x0000000709000000, 0x0000000709000000, 0x0000000709200000|  0%| F|  |TAMS 0x0000000709000000, 0x0000000709000000| Untracked 
|  62|0x0000000709200000, 0x0000000709200000, 0x0000000709400000|  0%| F|  |TAMS 0x0000000709200000, 0x0000000709200000| Untracked 
|  63|0x0000000709400000, 0x0000000709400000, 0x0000000709600000|  0%| F|  |TAMS 0x0000000709400000, 0x0000000709400000| Untracked 
|  64|0x0000000709600000, 0x0000000709600000, 0x0000000709800000|  0%| F|  |TAMS 0x0000000709600000, 0x0000000709600000| Untracked 
|  65|0x0000000709800000, 0x0000000709800000, 0x0000000709a00000|  0%| F|  |TAMS 0x0000000709800000, 0x0000000709800000| Untracked 
|  66|0x0000000709a00000, 0x0000000709a00000, 0x0000000709c00000|  0%| F|  |TAMS 0x0000000709a00000, 0x0000000709a00000| Untracked 
|  67|0x0000000709c00000, 0x0000000709c00000, 0x0000000709e00000|  0%| F|  |TAMS 0x0000000709c00000, 0x0000000709c00000| Untracked 
|  68|0x0000000709e00000, 0x0000000709e00000, 0x000000070a000000|  0%| F|  |TAMS 0x0000000709e00000, 0x0000000709e00000| Untracked 
|  69|0x000000070a000000, 0x000000070a000000, 0x000000070a200000|  0%| F|  |TAMS 0x000000070a000000, 0x000000070a000000| Untracked 
|  70|0x000000070a200000, 0x000000070a200000, 0x000000070a400000|  0%| F|  |TAMS 0x000000070a200000, 0x000000070a200000| Untracked 
|  71|0x000000070a400000, 0x000000070a400000, 0x000000070a600000|  0%| F|  |TAMS 0x000000070a400000, 0x000000070a400000| Untracked 
|  72|0x000000070a600000, 0x000000070a600000, 0x000000070a800000|  0%| F|  |TAMS 0x000000070a600000, 0x000000070a600000| Untracked 
|  73|0x000000070a800000, 0x000000070a800000, 0x000000070aa00000|  0%| F|  |TAMS 0x000000070a800000, 0x000000070a800000| Untracked 
|  74|0x000000070aa00000, 0x000000070aa00000, 0x000000070ac00000|  0%| F|  |TAMS 0x000000070aa00000, 0x000000070aa00000| Untracked 
|  75|0x000000070ac00000, 0x000000070ac00000, 0x000000070ae00000|  0%| F|  |TAMS 0x000000070ac00000, 0x000000070ac00000| Untracked 
|  76|0x000000070ae00000, 0x000000070ae00000, 0x000000070b000000|  0%| F|  |TAMS 0x000000070ae00000, 0x000000070ae00000| Untracked 
|  77|0x000000070b000000, 0x000000070b000000, 0x000000070b200000|  0%| F|  |TAMS 0x000000070b000000, 0x000000070b000000| Untracked 
|  78|0x000000070b200000, 0x000000070b200000, 0x000000070b400000|  0%| F|  |TAMS 0x000000070b200000, 0x000000070b200000| Untracked 
|  79|0x000000070b400000, 0x000000070b400000, 0x000000070b600000|  0%| F|  |TAMS 0x000000070b400000, 0x000000070b400000| Untracked 
|  80|0x000000070b600000, 0x000000070b600000, 0x000000070b800000|  0%| F|  |TAMS 0x000000070b600000, 0x000000070b600000| Untracked 
|  81|0x000000070b800000, 0x000000070b800000, 0x000000070ba00000|  0%| F|  |TAMS 0x000000070b800000, 0x000000070b800000| Untracked 
|  82|0x000000070ba00000, 0x000000070ba00000, 0x000000070bc00000|  0%| F|  |TAMS 0x000000070ba00000, 0x000000070ba00000| Untracked 
|  83|0x000000070bc00000, 0x000000070bc00000, 0x000000070be00000|  0%| F|  |TAMS 0x000000070bc00000, 0x000000070bc00000| Untracked 
|  84|0x000000070be00000, 0x000000070be00000, 0x000000070c000000|  0%| F|  |TAMS 0x000000070be00000, 0x000000070be00000| Untracked 
|  85|0x000000070c000000, 0x000000070c000000, 0x000000070c200000|  0%| F|  |TAMS 0x000000070c000000, 0x000000070c000000| Untracked 
|  86|0x000000070c200000, 0x000000070c200000, 0x000000070c400000|  0%| F|  |TAMS 0x000000070c200000, 0x000000070c200000| Untracked 
|  87|0x000000070c400000, 0x000000070c400000, 0x000000070c600000|  0%| F|  |TAMS 0x000000070c400000, 0x000000070c400000| Untracked 
|  88|0x000000070c600000, 0x000000070c600000, 0x000000070c800000|  0%| F|  |TAMS 0x000000070c600000, 0x000000070c600000| Untracked 
|  89|0x000000070c800000, 0x000000070c800000, 0x000000070ca00000|  0%| F|  |TAMS 0x000000070c800000, 0x000000070c800000| Untracked 
|  90|0x000000070ca00000, 0x000000070ca00000, 0x000000070cc00000|  0%| F|  |TAMS 0x000000070ca00000, 0x000000070ca00000| Untracked 
|  91|0x000000070cc00000, 0x000000070cc00000, 0x000000070ce00000|  0%| F|  |TAMS 0x000000070cc00000, 0x000000070cc00000| Untracked 
|  92|0x000000070ce00000, 0x000000070ce00000, 0x000000070d000000|  0%| F|  |TAMS 0x000000070ce00000, 0x000000070ce00000| Untracked 
|  93|0x000000070d000000, 0x000000070d000000, 0x000000070d200000|  0%| F|  |TAMS 0x000000070d000000, 0x000000070d000000| Untracked 
|  94|0x000000070d200000, 0x000000070d200000, 0x000000070d400000|  0%| F|  |TAMS 0x000000070d200000, 0x000000070d200000| Untracked 
|  95|0x000000070d400000, 0x000000070d400000, 0x000000070d600000|  0%| F|  |TAMS 0x000000070d400000, 0x000000070d400000| Untracked 
|  96|0x000000070d600000, 0x000000070d600000, 0x000000070d800000|  0%| F|  |TAMS 0x000000070d600000, 0x000000070d600000| Untracked 
|  97|0x000000070d800000, 0x000000070d800000, 0x000000070da00000|  0%| F|  |TAMS 0x000000070d800000, 0x000000070d800000| Untracked 
|  98|0x000000070da00000, 0x000000070da00000, 0x000000070dc00000|  0%| F|  |TAMS 0x000000070da00000, 0x000000070da00000| Untracked 
|  99|0x000000070dc00000, 0x000000070dc00000, 0x000000070de00000|  0%| F|  |TAMS 0x000000070dc00000, 0x000000070dc00000| Untracked 
| 100|0x000000070de00000, 0x000000070de00000, 0x000000070e000000|  0%| F|  |TAMS 0x000000070de00000, 0x000000070de00000| Untracked 
| 101|0x000000070e000000, 0x000000070e000000, 0x000000070e200000|  0%| F|  |TAMS 0x000000070e000000, 0x000000070e000000| Untracked 
| 102|0x000000070e200000, 0x000000070e200000, 0x000000070e400000|  0%| F|  |TAMS 0x000000070e200000, 0x000000070e200000| Untracked 
| 103|0x000000070e400000, 0x000000070e400000, 0x000000070e600000|  0%| F|  |TAMS 0x000000070e400000, 0x000000070e400000| Untracked 
| 104|0x000000070e600000, 0x000000070e600000, 0x000000070e800000|  0%| F|  |TAMS 0x000000070e600000, 0x000000070e600000| Untracked 
| 105|0x000000070e800000, 0x000000070e800000, 0x000000070ea00000|  0%| F|  |TAMS 0x000000070e800000, 0x000000070e800000| Untracked 
| 106|0x000000070ea00000, 0x000000070ea00000, 0x000000070ec00000|  0%| F|  |TAMS 0x000000070ea00000, 0x000000070ea00000| Untracked 
| 107|0x000000070ec00000, 0x000000070ec00000, 0x000000070ee00000|  0%| F|  |TAMS 0x000000070ec00000, 0x000000070ec00000| Untracked 
| 108|0x000000070ee00000, 0x000000070ee00000, 0x000000070f000000|  0%| F|  |TAMS 0x000000070ee00000, 0x000000070ee00000| Untracked 
| 109|0x000000070f000000, 0x000000070f000000, 0x000000070f200000|  0%| F|  |TAMS 0x000000070f000000, 0x000000070f000000| Untracked 
| 110|0x000000070f200000, 0x000000070f200000, 0x000000070f400000|  0%| F|  |TAMS 0x000000070f200000, 0x000000070f200000| Untracked 
| 111|0x000000070f400000, 0x000000070f400000, 0x000000070f600000|  0%| F|  |TAMS 0x000000070f400000, 0x000000070f400000| Untracked 
| 112|0x000000070f600000, 0x000000070f600000, 0x000000070f800000|  0%| F|  |TAMS 0x000000070f600000, 0x000000070f600000| Untracked 
| 113|0x000000070f800000, 0x000000070f800000, 0x000000070fa00000|  0%| F|  |TAMS 0x000000070f800000, 0x000000070f800000| Untracked 
| 114|0x000000070fa00000, 0x000000070fa00000, 0x000000070fc00000|  0%| F|  |TAMS 0x000000070fa00000, 0x000000070fa00000| Untracked 
| 115|0x000000070fc00000, 0x000000070fc00000, 0x000000070fe00000|  0%| F|  |TAMS 0x000000070fc00000, 0x000000070fc00000| Untracked 
| 116|0x000000070fe00000, 0x000000070fe00000, 0x0000000710000000|  0%| F|  |TAMS 0x000000070fe00000, 0x000000070fe00000| Untracked 
| 117|0x0000000710000000, 0x0000000710000000, 0x0000000710200000|  0%| F|  |TAMS 0x0000000710000000, 0x0000000710000000| Untracked 
| 118|0x0000000710200000, 0x0000000710200000, 0x0000000710400000|  0%| F|  |TAMS 0x0000000710200000, 0x0000000710200000| Untracked 
| 119|0x0000000710400000, 0x0000000710400000, 0x0000000710600000|  0%| F|  |TAMS 0x0000000710400000, 0x0000000710400000| Untracked 
| 120|0x0000000710600000, 0x0000000710600000, 0x0000000710800000|  0%| F|  |TAMS 0x0000000710600000, 0x0000000710600000| Untracked 
| 121|0x0000000710800000, 0x0000000710800000, 0x0000000710a00000|  0%| F|  |TAMS 0x0000000710800000, 0x0000000710800000| Untracked 
| 122|0x0000000710a00000, 0x0000000710a00000, 0x0000000710c00000|  0%| F|  |TAMS 0x0000000710a00000, 0x0000000710a00000| Untracked 
| 123|0x0000000710c00000, 0x0000000710c70e60, 0x0000000710e00000| 22%| E|  |TAMS 0x0000000710c00000, 0x0000000710c00000| Complete 
| 124|0x0000000710e00000, 0x0000000711000000, 0x0000000711000000|100%| E|CS|TAMS 0x0000000710e00000, 0x0000000710e00000| Complete 
| 125|0x0000000711000000, 0x0000000711200000, 0x0000000711200000|100%| E|  |TAMS 0x0000000711000000, 0x0000000711000000| Complete 
| 126|0x0000000711200000, 0x0000000711400000, 0x0000000711400000|100%| E|CS|TAMS 0x0000000711200000, 0x0000000711200000| Complete 
| 127|0x0000000711400000, 0x0000000711600000, 0x0000000711600000|100%| E|CS|TAMS 0x0000000711400000, 0x0000000711400000| Complete 

Card table byte_map: [0x000001db78ab0000,0x000001db792b0000] _byte_map_base: 0x000001db752a5000

Marking Bits (Prev, Next): (CMBitMap*) 0x000001db6143f710, (CMBitMap*) 0x000001db6143f750
 Prev Bits: [0x000001db79ab0000, 0x000001db7da58000)
 Next Bits: [0x000001db00000000, 0x000001db03fa8000)

Polling page: 0x000001db60b90000

Metaspace:

Usage:
  Non-class:      1.03 MB used.
      Class:     95.75 KB used.
       Both:      1.12 MB used.

Virtual space:
  Non-class space:       64.00 MB reserved,       1.06 MB (  2%) committed,  1 nodes.
      Class space:        1.00 GB reserved,     192.00 KB ( <1%) committed,  1 nodes.
             Both:        1.06 GB reserved,       1.25 MB ( <1%) committed. 

Chunk freelists:
   Non-Class:  11.89 MB
       Class:  15.73 MB
        Both:  27.62 MB

MaxMetaspaceSize: unlimited
CompressedClassSpaceSize: 1.00 GB
Initial GC threshold: 21.00 MB
Current GC threshold: 21.00 MB
CDS: on
MetaspaceReclaimPolicy: balanced
 - commit_granule_bytes: 65536.
 - commit_granule_words: 8192.
 - virtual_space_node_default_size: 8388608.
 - enlarge_chunks_in_place: 1.
 - new_chunks_are_fully_committed: 0.
 - uncommit_free_chunks: 1.
 - use_allocation_guard: 0.
 - handle_deallocations: 1.


Internal statistics:

num_allocs_failed_limit: 0.
num_arena_births: 34.
num_arena_deaths: 0.
num_vsnodes_births: 2.
num_vsnodes_deaths: 0.
num_space_committed: 20.
num_space_uncommitted: 0.
num_chunks_returned_to_freelist: 0.
num_chunks_taken_from_freelist: 42.
num_chunk_merges: 0.
num_chunk_splits: 28.
num_chunks_enlarged: 17.
num_inconsistent_stats: 0.

CodeHeap 'non-profiled nmethods': size=120000Kb used=156Kb max_used=156Kb free=119843Kb
 bounds [0x000001db70a40000, 0x000001db70cb0000, 0x000001db77f70000]
CodeHeap 'profiled nmethods': size=120000Kb used=505Kb max_used=505Kb free=119495Kb
 bounds [0x000001db68f70000, 0x000001db691e0000, 0x000001db704a0000]
CodeHeap 'non-nmethods': size=5760Kb used=1132Kb max_used=1150Kb free=4627Kb
 bounds [0x000001db704a0000, 0x000001db70710000, 0x000001db70a40000]
 total_blobs=804 nmethods=392 adapters=325
 compilation: enabled
              stopped_count=0, restarted_count=0
 full_count=0

Compilation events (20 events):
Event: 0.499 Thread 0x000001db044fe5e0 nmethod 368 0x000001db68fdbd10 code [0x000001db68fdcc40, 0x000001db68fe3338]
Event: 0.499 Thread 0x000001db044fe5e0  372       3       java.lang.Number::<init> (5 bytes)
Event: 0.499 Thread 0x000001db044fe5e0 nmethod 372 0x000001db68fe4f10 code [0x000001db68fe50c0, 0x000001db68fe5218]
Event: 0.499 Thread 0x000001db044fe5e0  381       3       java.util.regex.Pattern$Caret::match (124 bytes)
Event: 0.499 Thread 0x000001db044fe5e0 nmethod 381 0x000001db68fe5310 code [0x000001db68fe5520, 0x000001db68fe5c98]
Event: 0.499 Thread 0x000001db044fe5e0  367       3       jdk.internal.org.objectweb.asm.ByteVector::put12 (64 bytes)
Event: 0.499 Thread 0x000001db044fe5e0 nmethod 367 0x000001db68fe5e90 code [0x000001db68fe6040, 0x000001db68fe6288]
Event: 0.499 Thread 0x000001db044fe5e0  377       1       java.lang.invoke.LambdaForm$Name::index (5 bytes)
Event: 0.499 Thread 0x000001db044fe5e0 nmethod 377 0x000001db70a65f10 code [0x000001db70a660a0, 0x000001db70a66178]
Event: 0.499 Thread 0x000001db044fe5e0  380       1       java.lang.invoke.LambdaForm$BasicType::basicTypeClass (5 bytes)
Event: 0.499 Thread 0x000001db044fe5e0 nmethod 380 0x000001db70a66210 code [0x000001db70a663a0, 0x000001db70a66478]
Event: 0.499 Thread 0x000001db044fe5e0  382       3       java.util.regex.Pattern$Start::match (90 bytes)
Event: 0.500 Thread 0x000001db044fe5e0 nmethod 382 0x000001db68fe6410 code [0x000001db68fe65e0, 0x000001db68fe69e8]
Event: 0.501 Thread 0x000001db044fe5e0  383       3       java.util.regex.Pattern$Node::<init> (12 bytes)
Event: 0.501 Thread 0x000001db044fe5e0 nmethod 383 0x000001db68fe6b90 code [0x000001db68fe6d40, 0x000001db68fe6f18]
Event: 0.501 Thread 0x000001db044fe5e0  384   !   3       java.util.regex.Pattern::closure (276 bytes)
Event: 0.502 Thread 0x000001db04774100  385       4       java.util.regex.Pattern$Caret::match (124 bytes)
Event: 0.503 Thread 0x000001db044fe5e0 nmethod 384 0x000001db68fe7010 code [0x000001db68fe7440, 0x000001db68fe8ec8]
Event: 0.503 Thread 0x000001db044fe5e0  386       3       java.util.regex.Pattern$BmpCharPropertyGreedy::match (89 bytes)
Event: 0.503 Thread 0x000001db044fe5e0 nmethod 386 0x000001db68fe9890 code [0x000001db68fe9a80, 0x000001db68fea0c8]

GC Heap History (0 events):
No events

Dll operation events (8 events):
Event: 0.072 Loaded shared library C:\Users\Administrator\.jdks\ms-17.0.20\bin\java.dll
Event: 0.155 Loaded shared library C:\Users\Administrator\.jdks\ms-17.0.20\bin\jsvml.dll
Event: 0.282 Loaded shared library C:\Users\Administrator\.jdks\ms-17.0.20\bin\zip.dll
Event: 0.290 Loaded shared library C:\Users\Administrator\.jdks\ms-17.0.20\bin\instrument.dll
Event: 0.300 Loaded shared library C:\Users\Administrator\.jdks\ms-17.0.20\bin\net.dll
Event: 0.305 Loaded shared library C:\Users\Administrator\.jdks\ms-17.0.20\bin\nio.dll
Event: 0.369 Loaded shared library C:\Users\Administrator\.jdks\ms-17.0.20\bin\zip.dll
Event: 0.431 Loaded shared library C:\Users\Administrator\.jdks\ms-17.0.20\bin\extnet.dll

Deoptimization events (20 events):
Event: 0.499 Thread 0x000001db613d0f70 DEOPT PACKING pc=0x000001db70a5ea00 sp=0x0000002a9a4fed50
Event: 0.499 Thread 0x000001db613d0f70 DEOPT UNPACKING pc=0x000001db704f69a3 sp=0x0000002a9a4fed08 mode 2
Event: 0.499 Thread 0x000001db613d0f70 Uncommon trap: trap_request=0xffffffde fr.pc=0x000001db70a5ea00 relative=0x0000000000000140
Event: 0.499 Thread 0x000001db613d0f70 Uncommon trap: reason=class_check action=maybe_recompile pc=0x000001db70a5ea00 method=java.util.regex.Pattern$BmpCharProperty.match(Ljava/util/regex/Matcher;ILjava/lang/CharSequence;)Z @ 19 c2
Event: 0.499 Thread 0x000001db613d0f70 DEOPT PACKING pc=0x000001db70a5ea00 sp=0x0000002a9a4fed50
Event: 0.499 Thread 0x000001db613d0f70 DEOPT UNPACKING pc=0x000001db704f69a3 sp=0x0000002a9a4fed08 mode 2
Event: 0.499 Thread 0x000001db613d0f70 Uncommon trap: trap_request=0xffffffde fr.pc=0x000001db70a6185c relative=0x000000000000037c
Event: 0.499 Thread 0x000001db613d0f70 Uncommon trap: reason=class_check action=maybe_recompile pc=0x000001db70a6185c method=java.util.regex.Pattern$BmpCharProperty.match(Ljava/util/regex/Matcher;ILjava/lang/CharSequence;)Z @ 19 c2
Event: 0.499 Thread 0x000001db613d0f70 DEOPT PACKING pc=0x000001db70a6185c sp=0x0000002a9a4fec00
Event: 0.499 Thread 0x000001db613d0f70 DEOPT UNPACKING pc=0x000001db704f69a3 sp=0x0000002a9a4feb58 mode 2
Event: 0.499 Thread 0x000001db613d0f70 Uncommon trap: trap_request=0xffffffde fr.pc=0x000001db70a5fc8c relative=0x000000000000034c
Event: 0.499 Thread 0x000001db613d0f70 Uncommon trap: reason=class_check action=maybe_recompile pc=0x000001db70a5fc8c method=java.util.regex.Pattern$Start.match(Ljava/util/regex/Matcher;ILjava/lang/CharSequence;)Z @ 44 c2
Event: 0.499 Thread 0x000001db613d0f70 DEOPT PACKING pc=0x000001db70a5fc8c sp=0x0000002a9a4ff2f0
Event: 0.499 Thread 0x000001db613d0f70 DEOPT UNPACKING pc=0x000001db704f69a3 sp=0x0000002a9a4ff2b0 mode 2
Event: 0.500 Thread 0x000001db613d0f70 Uncommon trap: trap_request=0xffffffde fr.pc=0x000001db70a5fc8c relative=0x000000000000034c
Event: 0.500 Thread 0x000001db613d0f70 Uncommon trap: reason=class_check action=maybe_recompile pc=0x000001db70a5fc8c method=java.util.regex.Pattern$Start.match(Ljava/util/regex/Matcher;ILjava/lang/CharSequence;)Z @ 44 c2
Event: 0.500 Thread 0x000001db613d0f70 DEOPT PACKING pc=0x000001db70a5fc8c sp=0x0000002a9a4ff2f0
Event: 0.500 Thread 0x000001db613d0f70 DEOPT UNPACKING pc=0x000001db704f69a3 sp=0x0000002a9a4ff2b0 mode 2
Event: 0.502 Thread 0x000001db613d0f70 DEOPT PACKING pc=0x000001db68fe68eb sp=0x0000002a9a4ff320
Event: 0.502 Thread 0x000001db613d0f70 DEOPT UNPACKING pc=0x000001db704f7143 sp=0x0000002a9a4fe7c0 mode 0

Classes loaded (20 events):
Event: 0.437 Loading class sun/nio/cs/StreamDecoder done
Event: 0.437 Loading class sun/nio/cs/US_ASCII$Decoder
Event: 0.437 Loading class sun/nio/ch/ChannelInputStream done
Event: 0.437 Loading class sun/nio/ch/IOStatus
Event: 0.437 Loading class sun/nio/cs/US_ASCII$Decoder done
Event: 0.437 Loading class sun/nio/ch/IOStatus done
Event: 0.437 Loading class sun/nio/ch/Util
Event: 0.437 Loading class sun/nio/ch/Util done
Event: 0.437 Loading class java/nio/channels/SelectableChannel
Event: 0.437 Loading class sun/nio/ch/Util$1
Event: 0.437 Loading class java/nio/channels/SelectableChannel done
Event: 0.437 Loading class sun/nio/ch/Util$1 done
Event: 0.438 Loading class sun/nio/ch/Util$BufferCache
Event: 0.438 Loading class sun/nio/ch/Util$BufferCache done
Event: 0.438 Loading class java/nio/DirectByteBuffer$Deallocator
Event: 0.438 Loading class java/nio/DirectByteBuffer$Deallocator done
Event: 0.497 Loading class java/util/regex/Pattern$Caret
Event: 0.498 Loading class java/util/regex/Pattern$Caret done
Event: 0.499 Loading class java/util/regex/Pattern$1
Event: 0.499 Loading class java/util/regex/Pattern$1 done

Classes unloaded (0 events):
No events

Classes redefined (0 events):
No events

Internal exceptions (4 events):
Event: 0.402 Thread 0x000001db04722570 Exception <a 'java/lang/NoSuchMethodError'{0x00000007110ec688}: 'java.lang.Object java.lang.invoke.DirectMethodHandle$Holder.invokeStaticInit(java.lang.Object)'> (0x00000007110ec688) 
thrown [s\src\hotspot\share\interpreter\linkResolver.cpp, line 759]
Event: 0.415 Thread 0x000001db613d0f70 Exception <a 'java/lang/NoSuchMethodError'{0x00000007110ad1d8}: 'void java.lang.invoke.DirectMethodHandle$Holder.invokeStatic(java.lang.Object, java.lang.Object)'> (0x00000007110ad1d8) 
thrown [s\src\hotspot\share\interpreter\linkResolver.cpp, line 759]
Event: 0.417 Thread 0x000001db613d0f70 Exception <a 'java/lang/NoSuchMethodError'{0x00000007110b5908}: 'long java.lang.invoke.DirectMethodHandle$Holder.invokeStatic(java.lang.Object, java.lang.Object)'> (0x00000007110b5908) 
thrown [s\src\hotspot\share\interpreter\linkResolver.cpp, line 759]
Event: 0.419 Thread 0x000001db613d0f70 Exception <a 'java/lang/NoSuchMethodError'{0x00000007110c06a0}: 'java.lang.Object java.lang.invoke.Invokers$Holder.invokeExact_MT(java.lang.Object, java.lang.Object, java.lang.Object, java.lang.Object, java.lang.Object, java.lang.Object)'> (0x00000007110c06a0) 
thrown [s\src\hotspot\share\interpreter\linkResolver.cpp, line 759]

VM Operations (4 events):
Event: 0.255 Executing VM operation: HandshakeAllThreads
Event: 0.255 Executing VM operation: HandshakeAllThreads done
Event: 0.400 Executing VM operation: HandshakeAllThreads
Event: 0.401 Executing VM operation: HandshakeAllThreads done

Memory protections (0 events):
No events

Nmethod flushes (0 events):
No events

Events (14 events):
Event: 0.155 Thread 0x000001db613d0f70 Thread added: 0x000001db613d0f70
Event: 0.164 Thread 0x000001db613d0f70 Thread added: 0x000001db044c5060
Event: 0.164 Thread 0x000001db613d0f70 Thread added: 0x000001db044c6680
Event: 0.177 Thread 0x000001db613d0f70 Thread added: 0x000001db044f5ef0
Event: 0.177 Thread 0x000001db613d0f70 Thread added: 0x000001db044f6ab0
Event: 0.177 Thread 0x000001db613d0f70 Thread added: 0x000001db044f9480
Event: 0.177 Thread 0x000001db613d0f70 Thread added: 0x000001db044f9e40
Event: 0.177 Thread 0x000001db613d0f70 Thread added: 0x000001db044fb380
Event: 0.177 Thread 0x000001db613d0f70 Thread added: 0x000001db044fe5e0
Event: 0.177 Thread 0x000001db613d0f70 Thread added: 0x000001db04502c80
Event: 0.238 Thread 0x000001db613d0f70 Thread added: 0x000001db044aa6a0
Event: 0.397 Thread 0x000001db613d0f70 Thread added: 0x000001db04722570
Event: 0.397 Thread 0x000001db613d0f70 Thread added: 0x000001db04722a50
Event: 0.460 Thread 0x000001db044fe5e0 Thread added: 0x000001db04774100


Dynamic libraries:
0x00007ff7372e0000 - 0x00007ff7372ee000 	C:\Users\Administrator\.jdks\ms-17.0.20\bin\java.exe
0x00007ffe46870000 - 0x00007ffe46a87000 	C:\Windows\SYSTEM32\ntdll.dll
0x00007ffe45eb0000 - 0x00007ffe45f74000 	C:\Windows\System32\KERNEL32.DLL
0x00007ffe43bf0000 - 0x00007ffe43f96000 	C:\Windows\System32\KERNELBASE.dll
0x00007ffe43fa0000 - 0x00007ffe440b1000 	C:\Windows\System32\ucrtbase.dll
0x00007ffe28750000 - 0x00007ffe28768000 	C:\Users\Administrator\.jdks\ms-17.0.20\bin\jli.dll
0x00007ffe460e0000 - 0x00007ffe4628d000 	C:\Windows\System32\USER32.dll
0x00007ffe44180000 - 0x00007ffe441a6000 	C:\Windows\System32\win32u.dll
0x00007ffe460a0000 - 0x00007ffe460c9000 	C:\Windows\System32\GDI32.dll
0x00007ffe44250000 - 0x00007ffe44368000 	C:\Windows\System32\gdi32full.dll
0x00007ffe441b0000 - 0x00007ffe4424a000 	C:\Windows\System32\msvcp_win.dll
0x00007ffe29810000 - 0x00007ffe29aa3000 	C:\Windows\WinSxS\amd64_microsoft.windows.common-controls_6595b64144ccf1df_6.0.22621.2361_none_2712ced57382f843\COMCTL32.dll
0x00007ffe27c70000 - 0x00007ffe27c8e000 	C:\Users\Administrator\.jdks\ms-17.0.20\bin\VCRUNTIME140.dll
0x00007ffe466b0000 - 0x00007ffe46757000 	C:\Windows\System32\msvcrt.dll
0x00007ffe45e70000 - 0x00007ffe45ea1000 	C:\Windows\System32\IMM32.DLL
0x00007ffe3cb90000 - 0x00007ffe3cb9c000 	C:\Users\Administrator\.jdks\ms-17.0.20\bin\vcruntime140_1.dll
0x00007ffe18920000 - 0x00007ffe189a9000 	C:\Users\Administrator\.jdks\ms-17.0.20\bin\msvcp140.dll
0x00007ffdb0ec0000 - 0x00007ffdb1b3b000 	C:\Users\Administrator\.jdks\ms-17.0.20\bin\server\jvm.dll
0x00007ffe44ac0000 - 0x00007ffe44b70000 	C:\Windows\System32\ADVAPI32.dll
0x00007ffe445d0000 - 0x00007ffe44676000 	C:\Windows\System32\sechost.dll
0x00007ffe45f80000 - 0x00007ffe46097000 	C:\Windows\System32\RPCRT4.dll
0x00007ffe44810000 - 0x00007ffe44881000 	C:\Windows\System32\WS2_32.dll
0x00007ffe43300000 - 0x00007ffe4334d000 	C:\Windows\SYSTEM32\POWRPROF.dll
0x00007ffe3ca40000 - 0x00007ffe3ca74000 	C:\Windows\SYSTEM32\WINMM.dll
0x00007ffe38dc0000 - 0x00007ffe38dca000 	C:\Windows\SYSTEM32\VERSION.dll
0x00007ffe432e0000 - 0x00007ffe432f3000 	C:\Windows\SYSTEM32\UMPDC.dll
0x00007ffe42b90000 - 0x00007ffe42ba8000 	C:\Windows\SYSTEM32\kernel.appcore.dll
0x00007ffe1c7c0000 - 0x00007ffe1c7ca000 	C:\Users\Administrator\.jdks\ms-17.0.20\bin\jimage.dll
0x00007ffe367a0000 - 0x00007ffe369ce000 	C:\Windows\SYSTEM32\DBGHELP.DLL
0x00007ffe45270000 - 0x00007ffe455fa000 	C:\Windows\System32\combase.dll
0x00007ffe465d0000 - 0x00007ffe466a7000 	C:\Windows\System32\OLEAUT32.dll
0x00007ffe37cd0000 - 0x00007ffe37d02000 	C:\Windows\SYSTEM32\dbgcore.DLL
0x00007ffe44370000 - 0x00007ffe443ea000 	C:\Windows\System32\bcryptPrimitives.dll
0x00007ffe1c7b0000 - 0x00007ffe1c7bf000 	C:\Users\Administrator\.jdks\ms-17.0.20\bin\instrument.dll
0x00007ffe1c780000 - 0x00007ffe1c7a6000 	C:\Users\Administrator\.jdks\ms-17.0.20\bin\java.dll
0x00007ffe03d40000 - 0x00007ffe03e16000 	C:\Users\Administrator\.jdks\ms-17.0.20\bin\jsvml.dll
0x00007ffe45610000 - 0x00007ffe45e68000 	C:\Windows\System32\SHELL32.dll
0x00007ffe41b00000 - 0x00007ffe423f2000 	C:\Windows\SYSTEM32\windows.storage.dll
0x00007ffe419c0000 - 0x00007ffe41afe000 	C:\Windows\SYSTEM32\wintypes.dll
0x00007ffe450f0000 - 0x00007ffe451e3000 	C:\Windows\System32\SHCORE.dll
0x00007ffe46760000 - 0x00007ffe467be000 	C:\Windows\System32\shlwapi.dll
0x00007ffe43b20000 - 0x00007ffe43b46000 	C:\Windows\SYSTEM32\profapi.dll
0x00007ffe18f20000 - 0x00007ffe18f38000 	C:\Users\Administrator\.jdks\ms-17.0.20\bin\zip.dll
0x00007ffe18f00000 - 0x00007ffe18f1b000 	C:\Users\Administrator\.jdks\ms-17.0.20\bin\net.dll
0x00007ffe3d310000 - 0x00007ffe3d447000 	C:\Windows\SYSTEM32\WINHTTP.dll
0x00007ffe430d0000 - 0x00007ffe43139000 	C:\Windows\system32\mswsock.dll
0x00007ffe18900000 - 0x00007ffe18916000 	C:\Users\Administrator\.jdks\ms-17.0.20\bin\nio.dll
0x00007ffe19ed0000 - 0x00007ffe19ed9000 	C:\Users\Administrator\.jdks\ms-17.0.20\bin\extnet.dll

dbghelp: loaded successfully - version: 4.0.5 - missing functions: none
symbol engine: initialized successfully - sym options: 0x614 - pdb path: .;C:\Users\Administrator\.jdks\ms-17.0.20\bin;C:\Windows\SYSTEM32;C:\Windows\WinSxS\amd64_microsoft.windows.common-controls_6595b64144ccf1df_6.0.22621.2361_none_2712ced57382f843;C:\Users\Administrator\.jdks\ms-17.0.20\bin\server

VM Arguments:
jvm_args: -javaagent:D:\Software\Idea\IntelliJ IDEA 2025\lib\idea_rt.jar=53673 -Dfile.encoding=UTF-8 
java_command: com.ppos.ejtest.EjAudit
java_class_path (initial): D:\Dev_project\ej-render-test\target\classes;D:\dev-tools\maven-repo\org\graalvm\js\js\22.3.5\js-22.3.5.jar;D:\dev-tools\maven-repo\org\graalvm\regex\regex\22.3.5\regex-22.3.5.jar;D:\dev-tools\maven-repo\org\graalvm\truffle\truffle-api\22.3.5\truffle-api-22.3.5.jar;D:\dev-tools\maven-repo\org\graalvm\sdk\graal-sdk\22.3.5\graal-sdk-22.3.5.jar;D:\dev-tools\maven-repo\com\ibm\icu\icu4j\71.1\icu4j-71.1.jar;D:\dev-tools\maven-repo\org\graalvm\js\js-scriptengine\22.3.5\js-scriptengine-22.3.5.jar;D:\dev-tools\maven-repo\org\apache\pdfbox\pdfbox\2.0.30\pdfbox-2.0.30.jar;D:\dev-tools\maven-repo\org\apache\pdfbox\fontbox\2.0.30\fontbox-2.0.30.jar;D:\dev-tools\maven-repo\commons-logging\commons-logging\1.2\commons-logging-1.2.jar;D:\dev-tools\maven-repo\com\fasterxml\jackson\core\jackson-databind\2.15.4\jackson-databind-2.15.4.jar;D:\dev-tools\maven-repo\com\fasterxml\jackson\core\jackson-annotations\2.15.4\jackson-annotations-2.15.4.jar;D:\dev-tools\maven-repo\com\fasterxml\jackson\core\jackson-core\2.15.4\jackson-core-2.15.4.jar
Launcher Type: SUN_STANDARD

[Global flags]
     intx CICompilerCount                          = 4                                         {product} {ergonomic}
     uint ConcGCThreads                            = 2                                         {product} {ergonomic}
     uint G1ConcRefinementThreads                  = 8                                         {product} {ergonomic}
   size_t G1HeapRegionSize                         = 2097152                                   {product} {ergonomic}
    uintx GCDrainStackTargetSize                   = 64                                        {product} {ergonomic}
   size_t InitialHeapSize                          = 268435456                                 {product} {ergonomic}
   size_t MarkStackSize                            = 4194304                                   {product} {ergonomic}
   size_t MaxHeapSize                              = 4271898624                                {product} {ergonomic}
   size_t MaxNewSize                               = 2562719744                                {product} {ergonomic}
   size_t MinHeapDeltaBytes                        = 2097152                                   {product} {ergonomic}
   size_t MinHeapSize                              = 8388608                                   {product} {ergonomic}
    uintx NonNMethodCodeHeapSize                   = 5839372                                {pd product} {ergonomic}
    uintx NonProfiledCodeHeapSize                  = 122909434                              {pd product} {ergonomic}
    uintx ProfiledCodeHeapSize                     = 122909434                              {pd product} {ergonomic}
    uintx ReservedCodeCacheSize                    = 251658240                              {pd product} {ergonomic}
     bool SegmentedCodeCache                       = true                                      {product} {ergonomic}
   size_t SoftMaxHeapSize                          = 4271898624                             {manageable} {ergonomic}
     bool UseCompressedClassPointers               = true                           {product lp64_product} {ergonomic}
     bool UseCompressedOops                        = true                           {product lp64_product} {ergonomic}
     bool UseG1GC                                  = true                                      {product} {ergonomic}
     bool UseLargePagesIndividualAllocation        = false                                  {pd product} {ergonomic}

Logging:
Log output configuration:
 #0: stdout all=warning uptime,level,tags
 #1: stderr all=off uptime,level,tags

Environment Variables:
JAVA_HOME=C:\Program Files\Java\jdk1.8.0_202
PATH=D:\Dev_software\python3\Scripts\;D:\Dev_software\python3\;C:\Windows\system32;C:\Windows;C:\Windows\System32\Wbem;C:\Windows\System32\WindowsPowerShell\v1.0\;C:\Windows\System32\OpenSSH\;C:\Program Files\Git\cmd;C:\Program Files\Git\mingw64\bin;D:\dev-tools\apache-maven-3.9.9\bin;C:\Program Files\Redis\;C:\nvm4w\nodejs;D:\Software\Idea\IntelliJ IDEA 2025\bin;C:\Program Files\Java\jdk1.8.0_202\bin;C:\Users\Administrator\AppData\Local\Microsoft\WindowsApps;C:\Users\Administrator\AppData\Local\nvm;C:\nvm4w\nodejs;D:\Software\Idea\IntelliJ IDEA 2025\bin;D:\Dev_software\Zed\bin;D:\Dev_software\cursor\resources\app\bin
USERNAME=Administrator
OS=Windows_NT
PROCESSOR_IDENTIFIER=Intel64 Family 6 Model 165 Stepping 2, GenuineIntel
TMP=C:\Users\ADMINI~1\AppData\Local\Temp
TEMP=C:\Users\ADMINI~1\AppData\Local\Temp



Periodic native trim disabled


---------------  S Y S T E M  ---------------

OS:
 Windows 11 , 64 bit Build 22621 (10.0.22621.2428)
OS uptime: 24 days 16:37 hours
Hyper-V role detected

CPU: total 8 (initial active 8) (4 cores per cpu, 2 threads per core) family 6 model 165 stepping 2 microcode 0xe0, cx8, cmov, fxsr, ht, mmx, 3dnowpref, sse, sse2, sse3, ssse3, sse4.1, sse4.2, popcnt, lzcnt, tsc, tscinvbit, avx, avx2, aes, erms, clmul, bmi1, bmi2, adx, fma, vzeroupper, clflush, clflushopt, hv
Processor Information for the first 8 processors :
  Max Mhz: 2400, Current Mhz: 2400, Mhz Limit: 2400

Memory: 4k page, system-wide physical 16291M (399M free)
TotalPageFile size 39404M (AvailPageFile size 3M)
current process WorkingSet (physical memory assigned to process): 50M, peak: 50M
current process commit charge ("private bytes"): 347M, peak: 347M

vm_info: OpenJDK 64-Bit Server VM (17.0.20+8-LTS) for windows-amd64 JRE (17.0.20+8-LTS), built on Jul 14 2026 18:14:29 by "MicrosoftCorporation" with MS VC++ 17.14 (VS2022)

END.
